******************************************************************************
                  MSP430 Linker PC v4.2.1                      
******************************************************************************
>> Linked Mon Nov 19 13:41:16 2018

OUTPUT FILE NAME:   <ez430_chronos_868MHz.out>
ENTRY POINT SYMBOL: "_c_int00"  address: 0000ca1a


MEMORY CONFIGURATION

         name            origin    length      used     unused   attr    fill
----------------------  --------  ---------  --------  --------  ----  --------
  SFR                   00000000   00000010  00000000  00000010  RWIX
  PERIPHERALS_8BIT      00000010   000000f0  00000000  000000f0  RWIX
  PERIPHERALS_16BIT     00000100   00000100  00000000  00000100  RWIX
  INFOD                 00001800   00000080  00000000  00000080  RWIX
  INFOC                 00001880   00000080  00000000  00000080  RWIX
  INFOB                 00001900   00000080  00000000  00000080  RWIX
  INFOA                 00001980   00000080  00000000  00000080  RWIX
  RAM                   00001c00   00000ffe  000005c0  00000a3e  RWIX
  FLASH                 00008000   00007f80  00005984  000025fc  RWIX
  INT00                 0000ff80   00000002  00000000  00000002  RWIX
  INT01                 0000ff82   00000002  00000000  00000002  RWIX
  INT02                 0000ff84   00000002  00000000  00000002  RWIX
  INT03                 0000ff86   00000002  00000000  00000002  RWIX
  INT04                 0000ff88   00000002  00000000  00000002  RWIX
  INT05                 0000ff8a   00000002  00000000  00000002  RWIX
  INT06                 0000ff8c   00000002  00000000  00000002  RWIX
  INT07                 0000ff8e   00000002  00000000  00000002  RWIX
  INT08                 0000ff90   00000002  00000000  00000002  RWIX
  INT09                 0000ff92   00000002  00000000  00000002  RWIX
  INT10                 0000ff94   00000002  00000000  00000002  RWIX
  INT11                 0000ff96   00000002  00000000  00000002  RWIX
  INT12                 0000ff98   00000002  00000000  00000002  RWIX
  INT13                 0000ff9a   00000002  00000000  00000002  RWIX
  INT14                 0000ff9c   00000002  00000000  00000002  RWIX
  INT15                 0000ff9e   00000002  00000000  00000002  RWIX
  INT16                 0000ffa0   00000002  00000000  00000002  RWIX
  INT17                 0000ffa2   00000002  00000000  00000002  RWIX
  INT18                 0000ffa4   00000002  00000000  00000002  RWIX
  INT19                 0000ffa6   00000002  00000000  00000002  RWIX
  INT20                 0000ffa8   00000002  00000000  00000002  RWIX
  INT21                 0000ffaa   00000002  00000000  00000002  RWIX
  INT22                 0000ffac   00000002  00000000  00000002  RWIX
  INT23                 0000ffae   00000002  00000000  00000002  RWIX
  INT24                 0000ffb0   00000002  00000000  00000002  RWIX
  INT25                 0000ffb2   00000002  00000000  00000002  RWIX
  INT26                 0000ffb4   00000002  00000000  00000002  RWIX
  INT27                 0000ffb6   00000002  00000000  00000002  RWIX
  INT28                 0000ffb8   00000002  00000000  00000002  RWIX
  INT29                 0000ffba   00000002  00000000  00000002  RWIX
  INT30                 0000ffbc   00000002  00000000  00000002  RWIX
  INT31                 0000ffbe   00000002  00000000  00000002  RWIX
  INT32                 0000ffc0   00000002  00000000  00000002  RWIX
  INT33                 0000ffc2   00000002  00000000  00000002  RWIX
  INT34                 0000ffc4   00000002  00000000  00000002  RWIX
  INT35                 0000ffc6   00000002  00000000  00000002  RWIX
  INT36                 0000ffc8   00000002  00000000  00000002  RWIX
  INT37                 0000ffca   00000002  00000000  00000002  RWIX
  INT38                 0000ffcc   00000002  00000000  00000002  RWIX
  INT39                 0000ffce   00000002  00000000  00000002  RWIX
  INT40                 0000ffd0   00000002  00000000  00000002  RWIX
  INT41                 0000ffd2   00000002  00000000  00000002  RWIX
  INT42                 0000ffd4   00000002  00000000  00000002  RWIX
  INT43                 0000ffd6   00000002  00000000  00000002  RWIX
  INT44                 0000ffd8   00000002  00000000  00000002  RWIX
  INT45                 0000ffda   00000002  00000000  00000002  RWIX
  INT46                 0000ffdc   00000002  00000000  00000002  RWIX
  INT47                 0000ffde   00000002  00000000  00000002  RWIX
  INT48                 0000ffe0   00000002  00000002  00000000  RWIX
  INT49                 0000ffe2   00000002  00000000  00000002  RWIX
  INT50                 0000ffe4   00000002  00000000  00000002  RWIX
  INT51                 0000ffe6   00000002  00000000  00000002  RWIX
  INT52                 0000ffe8   00000002  00000000  00000002  RWIX
  INT53                 0000ffea   00000002  00000002  00000000  RWIX
  INT54                 0000ffec   00000002  00000002  00000000  RWIX
  INT55                 0000ffee   00000002  00000002  00000000  RWIX
  INT56                 0000fff0   00000002  00000002  00000000  RWIX
  INT57                 0000fff2   00000002  00000000  00000002  RWIX
  INT58                 0000fff4   00000002  00000000  00000002  RWIX
  INT59                 0000fff6   00000002  00000000  00000002  RWIX
  INT60                 0000fff8   00000002  00000000  00000002  RWIX
  INT61                 0000fffa   00000002  00000000  00000002  RWIX
  INT62                 0000fffc   00000002  00000000  00000002  RWIX
  RESET                 0000fffe   00000002  00000002  00000000  RWIX


SECTION ALLOCATION MAP

 output                                  attributes/
section   page    origin      length       input sections
--------  ----  ----------  ----------   ----------------
.pinit     0    00008000    00000000     UNINITIALIZED

.bss       0    00001c00    00000570     UNINITIALIZED
                  00001c00    000001c6     sha1.obj (.bss)
                  00001dc6    0000008c     nwk_QMgmt.obj (.bss)
                  00001e52    0000005e     display.obj (.bss)
                  00001eb0    00000048     hmac.obj (.bss)
                  00001ef8    00000048     rfsimpliciti.obj (.bss)
                  00001f40    00000047     totp.obj (.bss)
                  00001f87    00000001     as.obj (.bss)
                  00001f88    00000045     ps.obj (.bss)
                  00001fcd    00000001     main_ED_BM.obj (.bss)
                  00001fce    0000003c     mrfi.obj (.bss)
                  0000200a    0000001d     nwk.obj (.bss)
                  00002027    00000001     nwk_api.obj (.bss)
                  00002028    0000001c     BlueRobin_RX_868MHz.lib : BRRX_Resource.obj (.bss)
                  00002044    0000001a     bmp_ps.obj (.bss)
                  0000205e    00000016     counter.obj (.bss)
                  00002074    00000012     main.obj (.bss)
                  00002086    0000000e     altitude.obj (.bss)
                  00002094    0000000e     clock.obj (.bss)
                  000020a2    0000000e     rts430x.lib : tmzone.obj (.bss)
                  000020b0    0000000e     stopwatch.obj (.bss)
                  000020be    0000000c     BlueRobin_RX_868MHz.lib : BRRX_Scheduler.obj (.bss)
                  000020ca    0000000a                             : BR_Common.obj (.bss)
                  000020d4    0000000a     acceleration.obj (.bss)
                  000020de    0000000a     alarm.obj (.bss)
                  000020e8    0000000a     nwk_frame.obj (.bss)
                  000020f2    0000000a     nwk_link.obj (.bss)
                  000020fc    0000000a     ports.obj (.bss)
                  00002106    00000009     nwk_globals.obj (.bss)
                  0000210f    00000001     nwk_ping.obj (.bss)
                  00002110    00000009     nwk_join.obj (.bss)
                  00002119    00000001     rfbsl.obj (.bss)
                  0000211a    00000008     BlueRobin_RX_868MHz.lib : BRRX_Timer.obj (.bss)
                  00002122    00000008     battery.obj (.bss)
                  0000212a    00000008     buzzer.obj (.bss)
                  00002132    00000008     rts430x.lib : _lock.obj (.bss)
                  0000213a    00000008                 : boot.obj (.bss)
                  00002142    00000007     timer.obj (.bss)
                  00002149    00000001     --HOLE--
                  0000214a    00000006     BlueRobin_RX_868MHz.lib : BRRX_Radio.obj (.bss)
                  00002150    00000006     date.obj (.bss)
                  00002156    00000006     temperature.obj (.bss)
                  0000215c    00000005     BlueRobin_RX_868MHz.lib : BRRX_Packet.obj (.bss)
                  00002161    00000001     --HOLE--
                  00002162    00000004                             : BRRX_API.obj (.bss)
                  00002166    00000003     adc12.obj (.bss)
                  00002169    00000001     --HOLE--
                  0000216a    00000003     nwk_mgmt.obj (.bss)
                  0000216d    00000001     --HOLE--
                  0000216e    00000002     menu.obj (.bss)

.stack     0    00002bac    00000050     UNINITIALIZED
                  00002bac    00000002     rts430x.lib : boot.obj (.stack)
                  00002bae    0000004e     --HOLE--

.text      0    00008000    00005344     
                  00008000    00000294     ps.obj (.text:conv_pa_to_meter)
                  00008294    00000292     timer.obj (.text:_isr:TIMER0_A0_ISR)
                  00008526    00000284     BlueRobin_RX_868MHz.lib : BRRX_Scheduler.obj (.text:BRRX__Scheduler_v)
                  000087aa    0000022c     test.obj (.text:test_mode)
                  000089d6    00000214     ports.obj (.text:_isr:PORT2_ISR)
                  00008bea    00000212     user.obj (.text:set_value)
                  00008dfc    000001d6     ps.obj (.text:update_pressure_table)
                  00008fd2    000001d4     clock.obj (.text:mx_time)
                  000091a6    0000018e     bmp_ps.obj (.text:bmp_ps_get_pa)
                  00009334    00000156     clock.obj (.text:display_time)
                  0000948a    0000014a     nwk_link.obj (.text:smpl_send_link_reply$42)
                  000095d4    0000013a     acceleration.obj (.text:display_acceleration)
                  0000970e    00000130     rts430x.lib : fs_add.obj (.text)
                  0000983e    00000118     stopwatch.obj (.text:display_stopwatch)
                  00009956    0000010c     BlueRobin_RX_868MHz.lib : BRRX_Scheduler.obj (.text:PacketMissed_v)
                  00009a62    0000010c     counter.obj (.text:display_counter)
                  00009b6e    000000f4     mrfi.obj (.text:Mrfi_SyncPinRxIsr$33)
                  00009c62    000000f4     alarm.obj (.text:check_alarm)
                  00009d56    000000f2     alarm.obj (.text:mx_alarm)
                  00009e48    000000ea     stopwatch.obj (.text:stopwatch_tick)
                  00009f32    000000e6     main.obj (.text:init_application)
                  0000a018    000000e6     temperature.obj (.text:mx_temperature)
                  0000a0fe    000000d6     temperature.obj (.text:display_temperature)
                  0000a1d4    000000d4     counter.obj (.text:do_counter_measurement)
                  0000a2a8    000000d2     nwk.obj (.text:nwk_allocateLocalRxPort)
                  0000a37a    000000ce     display.obj (.text:display_chars)
                  0000a448    000000cc     display.obj (.text:int_to_array)
                  0000a514    000000c6     mrfi.obj (.text:MRFI_Transmit)
                  0000a5da    000000c4     main.obj (.text:read_calibration_values)
                  0000a69e    000000b8     main.obj (.text:wakeup_event)
                  0000a756    000000b6     BlueRobin_RX_868MHz.lib : BRRX_Scheduler.obj (.text:SearchPacketHit_u8)
                  0000a80c    000000b6     rts430x.lib : fs_mpy.obj (.text)
                  0000a8c2    000000a2     altitude.obj (.text:display_altitude)
                  0000a964    00000098     rf1a.obj (.text:Strobe)
                  0000a9fc    0000008e     bmp_ps.obj (.text:bmp_ps_get_cal_param)
                  0000aa8a    0000008e     rts430x.lib : fs_div.obj (.text)
                  0000ab18    0000008c     nwk_frame.obj (.text:dispatchFrame$37)
                  0000aba4    0000008c     nwk.obj (.text:nwk_isConnectionValid)
                  0000ac30    0000008c     ps.obj (.text:ps_i2c_sda)
                  0000acbc    0000008a     main.obj (.text:main)
                  0000ad46    0000008a     nwk_frame.obj (.text:nwk_buildFrame)
                  0000add0    00000086     BlueRobin_RX_868MHz.lib : BRRX_Scheduler.obj (.text:GetData_v)
                  0000ae56    00000086                             : BRRX_Scheduler.obj (.text:TrimACLK_Offset_v)
                  0000aedc    00000084     timer.obj (.text:_isr:TIMER0_A1_5_ISR)
                  0000af60    00000082     date.obj (.text:get_numberOfDays)
                  0000afe2    00000080     bmp_ps.obj (.text:bmp_ps_get_temp)
                  0000b062    0000007e     BlueRobin_RX_868MHz.lib : BRRX_Radio.obj (.text:BRRX_RadioReceive_v)
                  0000b0e0    0000007c     nwk_frame.obj (.text:nwk_sendAckReply)
                  0000b15c    00000076     nwk_QMgmt.obj (.text:nwk_QfindSlot)
                  0000b1d2    00000074     mrfi.obj (.text:mrfiRadioInterfaceCmdStrobe)
                  0000b246    00000072     display.obj (.text:display_char)
                  0000b2b8    00000072     ps.obj (.text:ps_read_register)
                  0000b32a    0000006e     battery.obj (.text:battery_measurement)
                  0000b398    00000068     adc12.obj (.text:adc12_single_conversion)
                  0000b400    00000068     main.obj (.text:init_global_variables)
                  0000b468    00000068     nwk_link.obj (.text:smpl_send_unlink_reply$42)
                  0000b4d0    00000066     acceleration.obj (.text:convert_acceleration_value_to_mgrav)
                  0000b536    00000064     bmp_as.obj (.text:bmp_as_start)
                  0000b59a    00000064     altitude.obj (.text:do_altitude_measurement)
                  0000b5fe    00000062     mrfi.obj (.text:MRFI_RadioIsr)
                  0000b660    00000062     cma_ps.obj (.text:cma_ps_get_pa)
                  0000b6c2    00000060     as.obj (.text:as_read_register)
                  0000b722    00000060     as.obj (.text:as_write_register)
                  0000b782    00000060     alarm.obj (.text:display_alarm)
                  0000b7e2    0000005c     BlueRobin_RX_868MHz.lib : BRRX_Scheduler.obj (.text:PrepareForFirstPacket_v)
                  0000b83e    0000005c     timer.obj (.text:Timer0_A4_Delay)
                  0000b89a    0000005c     clock.obj (.text:clock_tick)
                  0000b8f6    00000058     BlueRobin_RX_868MHz.lib : BRRX_Scheduler.obj (.text:BRRX__StartNewSearch_v)
                  0000b94e    00000058     cma_ps.obj (.text:cma_ps_init)
                  0000b9a6    00000058     ps.obj (.text:ps_write_register)
                  0000b9fe    00000058     rts430x.lib : div32u.obj (.text)
                  0000ba56    00000058     temperature.obj (.text:temperature_measurement)
                  0000baae    00000058     display.obj (.text:write_lcd_mem)
                  0000bb06    00000056     display.obj (.text:clear_line)
                  0000bb5c    00000052     BlueRobin_RX_868MHz.lib : BRRX_Scheduler.obj (.text:TestStartTime_v)
                  0000bbae    00000052     ps.obj (.text:ps_i2c_read)
                  0000bc00    00000050     main.obj (.text:process_requests)
                  0000bc50    0000004e     BlueRobin_RX_868MHz.lib : BRRX_Scheduler.obj (.text:SearchPacketCheck_u8)
                  0000bc9e    0000004e     bmp_as.obj (.text:bmp_as_get_data)
                  0000bcec    0000004c     date.obj (.text:add_day)
                  0000bd38    0000004c     ports.obj (.text:button_repeat_function)
                  0000bd84    0000004c     cma_ps.obj (.text:cma_ps_get_temp)
                  0000bdd0    0000004c     rts430x.lib : fs_toul.obj (.text)
                  0000be1c    0000004a     cma_as.obj (.text:cma_as_start)
                  0000be66    0000004a     rts430x.lib : fs_cmp.obj (.text)
                  0000beb0    0000004a     altitude.obj (.text:start_altitude_measurement)
                  0000befa    0000004a     buzzer.obj (.text:toggle_buzzer)
                  0000bf44    00000048     BlueRobin_RX_868MHz.lib : BR_Common.obj (.text:BR__CalcRandomTimeOffset_u16)
                  0000bf8c    00000048     rts430x.lib : autoinit.obj (.text:_auto_init)
                  0000bfd4    00000046     pmm.obj (.text:SetVCoreUp)
                  0000c01a    00000046     display.obj (.text:display_hours)
                  0000c060    00000046     rts430x.lib : fs_tou.obj (.text)
                  0000c0a6    00000046     buzzer.obj (.text:start_buzzer)
                  0000c0ec    00000044     mrfi.obj (.text:mrfiRadioInterfaceReadReg)
                  0000c130    00000044     nwk_ping.obj (.text:smpl_send_ping_reply$44)
                  0000c174    00000044     alarm.obj (.text:sx_alarm)
                  0000c1b8    00000042     BlueRobin_RX_868MHz.lib : BRRX_Scheduler.obj (.text:PacketHit_u8)
                  0000c1fa    00000042     ps.obj (.text:ps_i2c_write)
                  0000c23c    00000040     BlueRobin_RX_868MHz.lib : BRRX_API.obj (.text:BRRX__NewInfo_v)
                  0000c27c    00000040     altitude.obj (.text:reset_altitude_measurement)
                  0000c2bc    00000040     rts430x.lib : div32s.obj (.text)
                  0000c2fc    0000003e     mrfi.obj (.text:Mrfi_RxAddrIsFiltered$33)
                  0000c33a    0000003e     rts430x.lib : asr32.obj (.text:l_asr_const)
                  0000c378    0000003e                 : lsl32.obj (.text:l_lsl_const)
                  0000c3b6    0000003e                 : lsr32.obj (.text:l_lsr_const)
                  0000c3f4    0000003c     BlueRobin_RX_868MHz.lib : BRRX_Timer.obj (.text:BRRX_TimerTask_v)
                  0000c430    0000003c     as.obj (.text:as_start)
                  0000c46c    0000003c     nwk.obj (.text:nwk_findPeer)
                  0000c4a8    0000003c     nwk.obj (.text:nwk_getNextConnection)
                  0000c4e4    0000003c     nwk.obj (.text:nwk_isLinkDuplicate)
                  0000c520    0000003c     stopwatch.obj (.text:update_stopwatch_timer)
                  0000c55c    0000003a     rf1a.obj (.text:WriteSingleReg)
                  0000c596    00000036     mrfi.obj (.text:mrfiRadioInterfaceWriteReg)
                  0000c5cc    00000036     mrfi.obj (.text:mrfiRadioInterfaceWriteTxFifo)
                  0000c602    00000036     nwk_mgmt.obj (.text:nwk_processMgmt)
                  0000c638    00000036     rts430x.lib : fs_itof.obj (.text)
                  0000c66e    00000034     BlueRobin_RX_868MHz.lib : BRRX_Scheduler.obj (.text:TrimRFCLK_Offset_v)
                  0000c6a2    00000034     nwk.obj (.text:initializeConnection$34)
                  0000c6d6    00000032     BlueRobin_RX_868MHz.lib : BRRX_Radio.obj (.text:BRRX_RadioStop_v)
                  0000c708    00000032     as.obj (.text:as_stop)
                  0000c73a    00000032     main.obj (.text:display_update)
                  0000c76c    00000032     mrfi.obj (.text:mrfiRadioInterfaceReadRxFifo)
                  0000c79e    00000032     radio.obj (.text:radio_reset)
                  0000c7d0    00000032     rts430x.lib : fs_ultof.obj (.text)
                  0000c802    00000030     nwk.obj (.text:nwk_isValidReply)
                  0000c832    00000030     nwk_frame.obj (.text:nwk_sendFrame)
                  0000c862    0000002e     as.obj (.text:as_init)
                  0000c890    0000002e     bmp_ps.obj (.text:bmp_ps_init)
                  0000c8be    0000002e     nwk_QMgmt.obj (.text:nwk_QadjustOrder)
                  0000c8ec    0000002c     mrfi.obj (.text:Mrfi_RxModeOff$33)
                  0000c918    0000002c     cma_as.obj (.text:cma_as_get_data)
                  0000c944    0000002c     nwk.obj (.text:map_lid2idx$34)
                  0000c970    0000002c     rts430x.lib : div16s.obj (.text)
                  0000c99c    0000002a     mrfi.obj (.text:Mrfi_CalculateRssi$33)
                  0000c9c6    0000002a     BlueRobin_RX_868MHz.lib : BRRX_Scheduler.obj (.text:SearchPacketMissed_u8)
                  0000c9f0    0000002a     timer.obj (.text:Timer0_A3_Start)
                  0000ca1a    0000002a     rts430x.lib : boot.obj (.text:_isr:_c_int00_noexit)
                  0000ca44    0000002a     display.obj (.text:lcd_init)
                  0000ca6e    0000002a     acceleration.obj (.text:sx_acceleration)
                  0000ca98    00000028     counter.obj (.text:do_count)
                  0000cac0    00000026     pmm.obj (.text:SetVCore)
                  0000cae6    00000026     pmm.obj (.text:SetVCoreDown)
                  0000cb0c    00000026     nwk_link.obj (.text:handleLinkRequest$42)
                  0000cb32    00000026     ports.obj (.text:init_buttons)
                  0000cb58    00000026     ps.obj (.text:init_pressure_table)
                  0000cb7e    00000024     BlueRobin_RX_868MHz.lib : BRRX_API.obj (.text:BRRX_GetState_t)
                  0000cba2    00000024     nwk_ping.obj (.text:nwk_processPing)
                  0000cbc6    00000024     ps.obj (.text:ps_init)
                  0000cbea    00000024     rts430x.lib : fs_utof.obj (.text)
                  0000cc0e    00000022     bsp.obj (.text:BSP_Delay)
                  0000cc30    00000022     display.obj (.text:display_value)
                  0000cc52    00000022     rts430x.lib : memcmp.obj (.text:memcmp)
                  0000cc74    00000022     nwk_link.obj (.text:nwk_processLink)
                  0000cc96    00000022     rts430x.lib : mult32_f5hw.obj (.text)
                  0000ccb8    00000022     altitude.obj (.text:stop_altitude_measurement)
                  0000ccda    00000020     nwk_frame.obj (.text:MRFI_RxCompleteISR)
                  0000ccfa    00000020     radio.obj (.text:_isr:radio_ISR)
                  0000cd1a    00000020     acceleration.obj (.text:do_acceleration_measurement)
                  0000cd3a    00000020     clock.obj (.text:reset_clock)
                  0000cd5a    00000020     stopwatch.obj (.text:reset_stopwatch)
                  0000cd7a    00000020     buzzer.obj (.text:stop_buzzer)
                  0000cd9a    0000001e     BlueRobin_RX_868MHz.lib : BRRX_Timer.obj (.text:SetAbsoluteTimer_v)
                  0000cdb8    0000001e     display.obj (.text:display_symbol)
                  0000cdd6    0000001e     rts430x.lib : memmov.obj (.text:memmove)
                  0000cdf4    0000001c     mrfi.obj (.text:Mrfi_DelayUsec$33)
                  0000ce10    0000001c     display.obj (.text:clear_display_all)
                  0000ce2c    0000001c     altitude.obj (.text:convert_m_to_ft)
                  0000ce48    0000001c     display.obj (.text:display_am_pm_symbol)
                  0000ce64    0000001a     BlueRobin_RX_868MHz.lib : BRRX_Scheduler.obj (.text:GetPacketTolerance_u8)
                  0000ce7e    0000001a     mrfi.obj (.text:Mrfi_RandomBackoffDelay$33)
                  0000ce98    0000001a     adc12.obj (.text:_isr:ADC12ISR)
                  0000ceb2    0000001a     stopwatch.obj (.text:stop_stopwatch)
                  0000cecc    00000018     rf1a.obj (.text:ReadSingleReg)
                  0000cee4    00000018     temperature.obj (.text:convert_C_to_F)
                  0000cefc    00000018     clock.obj (.text:convert_hour_to_12H_format)
                  0000cf14    00000018     test.obj (.text:display_all_on)
                  0000cf2c    00000018     nwk_join.obj (.text:nwk_processJoin)
                  0000cf44    00000018     alarm.obj (.text:reset_alarm)
                  0000cf5c    00000016     mrfi.obj (.text:MRFI_RandomByte)
                  0000cf72    00000016     mrfi.obj (.text:Mrfi_RxModeOn$33)
                  0000cf88    00000016     ports.obj (.text:button_repeat_on)
                  0000cf9e    00000016     clock.obj (.text:display_selection_Timeformat1)
                  0000cfb4    00000016     rts430x.lib : div16u.obj (.text)
                  0000cfca    00000016                 : mult16_f5hw.obj (.text)
                  0000cfe0    00000016     counter.obj (.text:sx_counter)
                  0000cff6    00000014     timer.obj (.text:Timer0_Init)
                  0000d00a    00000014     buzzer.obj (.text:countdown_buzzer)
                  0000d01e    00000014     test.obj (.text:display_all_off)
                  0000d032    00000014     date.obj (.text:reset_date)
                  0000d046    00000012     temperature.obj (.text:convert_F_to_C)
                  0000d058    00000012     acceleration.obj (.text:is_acceleration_measurement)
                  0000d06a    00000012     altitude.obj (.text:is_altitude_measurement)
                  0000d07c    00000012     rts430x.lib : memcpy.obj (.text:memcpy)
                  0000d08e    00000012                 : memset.obj (.text:memset)
                  0000d0a0    00000012     nwk_globals.obj (.text:nwk_getMyAddress)
                  0000d0b2    00000012     battery.obj (.text:reset_batt_measurement)
                  0000d0c4    00000012     rts430x.lib : rotl32.obj (.text)
                  0000d0d6    00000010                 : lsl32.obj (.text:l_lsl)
                  0000d0e6    00000010                 : lsr32.obj (.text:l_lsr)
                  0000d0f6    00000010     radio.obj (.text:radio_powerdown)
                  0000d106    00000010     clock.obj (.text:sx_time)
                  0000d116    0000000e     acceleration.obj (.text:acceleration_value_is_positive)
                  0000d124    0000000e     bmp_ps.obj (.text:bmp_ps_write_register)
                  0000d132    0000000e     cma_as.obj (.text:cma_as_read_register)
                  0000d140    0000000e     clock.obj (.text:is_hour_am)
                  0000d14e    0000000e     acceleration.obj (.text:reset_acceleration)
                  0000d15c    0000000e     counter.obj (.text:reset_counter)
                  0000d16a    0000000e     display.obj (.text:set_blink_rate)
                  0000d178    0000000c     BlueRobin_RX_868MHz.lib : BRRX_Timer.obj (.text:BRRX__GetCurrentTime_u16)
                  0000d184    0000000c     mrfi.obj (.text:MRFI_PostKillSem)
                  0000d190    0000000c     mrfi.obj (.text:MRFI_Receive)
                  0000d19c    0000000c     timer.obj (.text:Timer0_Stop)
                  0000d1a8    0000000c     bmp_ps.obj (.text:bmp_ps_read_register)
                  0000d1b4    0000000c     display.obj (.text:clear_display)
                  0000d1c0    0000000c     cma_as.obj (.text:cma_as_write_register)
                  0000d1cc    0000000c     cma_ps.obj (.text:cma_ps_read_register)
                  0000d1d8    0000000c     cma_ps.obj (.text:cma_ps_start)
                  0000d1e4    0000000c     cma_ps.obj (.text:cma_ps_write_register)
                  0000d1f0    0000000c     nwk_ping.obj (.text:handlePingRequest$44)
                  0000d1fc    0000000c     counter.obj (.text:is_counter_measurement)
                  0000d208    0000000c     rfsimpliciti.obj (.text:is_rf)
                  0000d214    0000000c     temperature.obj (.text:is_temp_measurement)
                  0000d220    0000000c     counter.obj (.text:mx_counter)
                  0000d22c    0000000c     nwk.obj (.text:nwk_getNumObjectFromMsg)
                  0000d238    0000000c     menu.obj (.text:update_acceleration)
                  0000d244    0000000c     menu.obj (.text:update_alarm)
                  0000d250    0000000c     menu.obj (.text:update_counter)
                  0000d25c    0000000c     menu.obj (.text:update_temperature)
                  0000d268    0000000a     BlueRobin_RX_868MHz.lib : BRRX_Timer.obj (.text:BRRX__StopTimer_v)
                  0000d272    0000000a     ports.obj (.text:button_repeat_off)
                  0000d27c    0000000a     cma_ps.obj (.text:cma_ps_stop)
                  0000d286    0000000a     buzzer.obj (.text:reset_buzzer)
                  0000d290    0000000a     rfsimpliciti.obj (.text:reset_rf)
                  0000d29a    0000000a     rts430x.lib : asr16.obj (.text)
                  0000d2a4    0000000a                 : lsl16.obj (.text)
                  0000d2ae    0000000a     display.obj (.text:switch_seg)
                  0000d2b8    0000000a     main.obj (.text:to_lpm)
                  0000d2c2    0000000a     menu.obj (.text:update_time)
                  0000d2cc    00000008     BlueRobin_RX_868MHz.lib : BRRX_Radio.obj (.text:BRRX_GetFS_Offset_s8)
                  0000d2d4    00000008     timer.obj (.text:Timer0_A3_Stop)
                  0000d2dc    00000008     timer.obj (.text:Timer0_Start)
                  0000d2e4    00000008     bmp_as.obj (.text:bmp_as_read_register)
                  0000d2ec    00000008     bmp_ps.obj (.text:bmp_ps_start)
                  0000d2f4    00000008     temperature.obj (.text:reset_temp_measurement)
                  0000d2fc    00000008     alarm.obj (.text:stop_alarm)
                  0000d304    00000006     display.obj (.text:clear_blink_mem)
                  0000d30a    00000006     nwk.obj (.text:nwk_freeConnection)
                  0000d310    00000006     display.obj (.text:start_blink)
                  0000d316    00000006     display.obj (.text:stop_blink)
                  0000d31c    00000004     rts430x.lib : pre_init.obj (.text:_system_pre_init)
                  0000d320    00000004                 : exit.obj (.text:abort)
                  0000d324    00000004     bmp_as.obj (.text:bmp_as_write_register)
                  0000d328    00000004     stopwatch.obj (.text:is_stopwatch)
                  0000d32c    00000004     nwk_frame.obj (.text:nwk_getMyRxType)
                  0000d330    00000004     nwk_globals.obj (.text:nwk_getProtocolVersion)
                  0000d334    00000004     nwk_freq.obj (.text:nwk_processFreq)
                  0000d338    00000004     nwk_security.obj (.text:nwk_processSecurity)
                  0000d33c    00000004     ps.obj (.text:ps_i2c_delay)
                  0000d340    00000002     rts430x.lib : _lock.obj (.text:_nop)
                  0000d342    00000002     user.obj (.text:dummy)

.const     0    0000d344    000004b2     
                  0000d344    0000021f     display.obj (.const:int_to_array_conversion_table)
                  0000d563    00000001     mrfi.obj (.const)
                  0000d564    00000100     BlueRobin_RX_868MHz.lib : BR_Common.obj (.const:RandomValue_u8)
                  0000d664    0000005c     menu.obj (.const)
                  0000d6c0    0000004e     <whole-program> (.const:.string)
                  0000d70e    0000002b     display.obj (.const:.string:lcd_font)
                  0000d739    00000001     nwk_frame.obj (.const)
                  0000d73a    0000002a     display.obj (.const:.string:segments_bitmask)
                  0000d764    00000022     ps.obj (.const:h0)
                  0000d786    00000022     ps.obj (.const:p0)
                  0000d7a8    00000018     nwk_frame.obj (.const:func$37)
                  0000d7c0    0000000e     acceleration.obj (.const:bmp_mgrav_per_bit)
                  0000d7ce    0000000e     acceleration.obj (.const:cma_mgrav_per_bit)
                  0000d7dc    00000009     nwk_globals.obj (.const)
                  0000d7e5    00000001     --HOLE-- [fill = 0]
                  0000d7e6    00000008     clock.obj (.const:selection_Timeformat)
                  0000d7ee    00000004     mrfi.obj (.const:.string:mrfiBroadcastAddr)
                  0000d7f2    00000004     BlueRobin_RX_868MHz.lib : BRRX_Resource.obj (.const)

.cinit     0    0000d7f6    0000018e     
                  0000d7f6    00000144     <whole-program> (.cinit)
                  0000d93a    00000017     BlueRobin_RX_868MHz.lib : BRRX_Scheduler.obj (.cinit)
                  0000d951    00000001     --HOLE-- [fill = 0]
                  0000d952    00000017                             : BRRX_Timer.obj (.cinit)
                  0000d969    00000001     --HOLE-- [fill = 0]
                  0000d96a    0000000c                             : BRRX_Radio.obj (.cinit)
                  0000d976    0000000b                             : BRRX_Packet.obj (.cinit)
                  0000d981    00000001     --HOLE-- [fill = 0]
                  0000d982    00000002     (.pad.cinit) [fill = 0]

.int48     0    0000ffe0    00000002     
                  0000ffe0    00000002     <whole-program> (.int48)

.int53     0    0000ffea    00000002     
                  0000ffea    00000002     radio.obj (.int53)

.int54     0    0000ffec    00000002     
                  0000ffec    00000002     <whole-program> (.int54)

.int55     0    0000ffee    00000002     
                  0000ffee    00000002     <whole-program> (.int55)

.int56     0    0000fff0    00000002     
                  0000fff0    00000002     <whole-program> (.int56)

.reset     0    0000fffe    00000002     
                  0000fffe    00000002     rts430x.lib : boot.obj (.reset)


GLOBAL SYMBOLS: SORTED ALPHABETICALLY BY Name 

address    name
--------   ----
00001c00   .bss
00008000   .text
00001c70   A
00000700   ADC12CTL0
00000701   ADC12CTL0_H
00000700   ADC12CTL0_L
00000702   ADC12CTL1
00000703   ADC12CTL1_H
00000702   ADC12CTL1_L
00000704   ADC12CTL2
00000705   ADC12CTL2_H
00000704   ADC12CTL2_L
0000070c   ADC12IE
0000070d   ADC12IE_H
0000070c   ADC12IE_L
0000070a   ADC12IFG
0000070b   ADC12IFG_H
0000070a   ADC12IFG_L
0000ce98   ADC12ISR
0000070e   ADC12IV
0000070f   ADC12IV_H
0000070e   ADC12IV_L
00000710   ADC12MCTL0
00000711   ADC12MCTL1
0000071a   ADC12MCTL10
0000071b   ADC12MCTL11
0000071c   ADC12MCTL12
0000071d   ADC12MCTL13
0000071e   ADC12MCTL14
0000071f   ADC12MCTL15
00000712   ADC12MCTL2
00000713   ADC12MCTL3
00000714   ADC12MCTL4
00000715   ADC12MCTL5
00000716   ADC12MCTL6
00000717   ADC12MCTL7
00000718   ADC12MCTL8
00000719   ADC12MCTL9
00000720   ADC12MEM0
00000721   ADC12MEM0_H
00000720   ADC12MEM0_L
00000722   ADC12MEM1
00000734   ADC12MEM10
00000735   ADC12MEM10_H
00000734   ADC12MEM10_L
00000736   ADC12MEM11
00000737   ADC12MEM11_H
00000736   ADC12MEM11_L
00000738   ADC12MEM12
00000739   ADC12MEM12_H
00000738   ADC12MEM12_L
0000073a   ADC12MEM13
0000073b   ADC12MEM13_H
0000073a   ADC12MEM13_L
0000073c   ADC12MEM14
0000073d   ADC12MEM14_H
0000073c   ADC12MEM14_L
0000073e   ADC12MEM15
0000073f   ADC12MEM15_H
0000073e   ADC12MEM15_L
00000723   ADC12MEM1_H
00000722   ADC12MEM1_L
00000724   ADC12MEM2
00000725   ADC12MEM2_H
00000724   ADC12MEM2_L
00000726   ADC12MEM3
00000727   ADC12MEM3_H
00000726   ADC12MEM3_L
00000728   ADC12MEM4
00000729   ADC12MEM4_H
00000728   ADC12MEM4_L
0000072a   ADC12MEM5
0000072b   ADC12MEM5_H
0000072a   ADC12MEM5_L
0000072c   ADC12MEM6
0000072d   ADC12MEM6_H
0000072c   ADC12MEM6_L
0000072e   ADC12MEM7
0000072f   ADC12MEM7_H
0000072e   ADC12MEM7_L
00000730   ADC12MEM8
00000731   ADC12MEM8_H
00000730   ADC12MEM8_L
00000732   ADC12MEM9
00000733   ADC12MEM9_H
00000732   ADC12MEM9_L
000009c0   AESACTL0
000009c1   AESACTL0_H
000009c0   AESACTL0_L
000009c8   AESADIN
000009c9   AESADIN_H
000009c8   AESADIN_L
000009ca   AESADOUT
000009cb   AESADOUT_H
000009ca   AESADOUT_L
000009c6   AESAKEY
000009c7   AESAKEY_H
000009c6   AESAKEY_L
000009c4   AESASTAT
000009c5   AESASTAT_H
000009c4   AESASTAT_L
00001c74   B
0000d2cc   BRRX_GetFS_Offset_s8
0000cb7e   BRRX_GetState_t
0000b062   BRRX_RadioReceive_v
0000c6d6   BRRX_RadioStop_v
0000c3f4   BRRX_TimerTask_v
0000215e   BRRX__CurrentPacketTime_u16
00002160   BRRX__CurrentSignalLevel_u8
0000d7f2   BRRX__First_TXCB_t
0000d178   BRRX__GetCurrentTime_u16
0000d7f4   BRRX__Last_TXCB_t
000020c6   BRRX__MaxSearchTries_u8
0000c23c   BRRX__NewInfo_v
0000211c   BRRX__NextEndTime_u16
0000211a   BRRX__NextEventTime_u16
0000211f   BRRX__NextFrequencyOffset_s8
0000211e   BRRX__NextFrequency_u8
000020ca   BRRX__PacketBits_t
000020c4   BRRX__PowerdownDelay_u8
00008526   BRRX__Scheduler_v
000020c7   BRRX__SearchRatio_u8
000020c5   BRRX__SignalLevelReduction
0000b8f6   BRRX__StartNewSearch_v
0000215c   BRRX__StatusFlags_t
0000d268   BRRX__StopTimer_v
00002028   BRRX__TXCB_t
000020c8   BRRX__TestMode_u8
00002120   BRRX__TimerState_t
0000bf44   BR__CalcRandomTimeOffset_u16
0000cc0e   BSP_Delay
00001c78   C
0000d320   C$$EXIT
000008c0   CBCTL0
000008c1   CBCTL0_H
000008c0   CBCTL0_L
000008c2   CBCTL1
000008c3   CBCTL1_H
000008c2   CBCTL1_L
000008c4   CBCTL2
000008c5   CBCTL2_H
000008c4   CBCTL2_L
000008c6   CBCTL3
000008c7   CBCTL3_H
000008c6   CBCTL3_L
000008cc   CBINT
000008cd   CBINT_H
000008cc   CBINT_L
000008ce   CBIV
00000150   CRCDI
00000151   CRCDI_H
00000150   CRCDI_L
00000154   CRCINIRES
00000155   CRCINIRES_H
00000154   CRCINIRES_L
00001c7c   D
00000510   DMA0CTL
00000511   DMA0CTL_H
00000510   DMA0CTL_L
00000516   DMA0DA
00000518   DMA0DAH
00000516   DMA0DAL
00000512   DMA0SA
00000514   DMA0SAH
00000512   DMA0SAL
0000051a   DMA0SZ
00000520   DMA1CTL
00000521   DMA1CTL_H
00000520   DMA1CTL_L
00000526   DMA1DA
00000528   DMA1DAH
00000526   DMA1DAL
00000522   DMA1SA
00000524   DMA1SAH
00000522   DMA1SAL
0000052a   DMA1SZ
00000530   DMA2CTL
00000531   DMA2CTL_H
00000530   DMA2CTL_L
00000536   DMA2DA
00000538   DMA2DAH
00000536   DMA2DAL
00000532   DMA2SA
00000534   DMA2SAH
00000532   DMA2SAL
0000053a   DMA2SZ
00000500   DMACTL0
00000501   DMACTL0_H
00000500   DMACTL0_L
00000502   DMACTL1
00000503   DMACTL1_H
00000502   DMACTL1_L
00000504   DMACTL2
00000505   DMACTL2_H
00000504   DMACTL2_L
00000506   DMACTL3
00000507   DMACTL3_H
00000506   DMACTL3_L
00000508   DMACTL4
00000509   DMACTL4_H
00000508   DMACTL4_L
0000050e   DMAIV
0000050f   DMAIV_H
0000050e   DMAIV_L
00001c80   E
00000140   FCTL1
00000141   FCTL1_H
00000140   FCTL1_L
00000144   FCTL3
00000145   FCTL3_H
00000144   FCTL3_L
00000146   FCTL4
00000147   FCTL4_H
00000146   FCTL4_L
0000d29a   I_ASR
0000d2a4   I_LSL
00000a04   LCDBBLKCTL
00000a05   LCDBBLKCTL_H
00000a04   LCDBBLKCTL_L
00000a12   LCDBCPCTL
00000a13   LCDBCPCTL_H
00000a12   LCDBCPCTL_L
00000a00   LCDBCTL0
00000a01   LCDBCTL0_H
00000a00   LCDBCTL0_L
00000a02   LCDBCTL1
00000a03   LCDBCTL1_H
00000a02   LCDBCTL1_L
00000a1e   LCDBIV
00000a40   LCDBM1
00000a49   LCDBM10
00000a4a   LCDBM11
00000a4b   LCDBM12
00000a4c   LCDBM13
00000a4d   LCDBM14
00000a4e   LCDBM15
00000a4f   LCDBM16
00000a50   LCDBM17
00000a51   LCDBM18
00000a52   LCDBM19
00000a41   LCDBM2
00000a53   LCDBM20
00000a54   LCDBM21
00000a55   LCDBM22
00000a56   LCDBM23
00000a57   LCDBM24
00000a42   LCDBM3
00000a43   LCDBM4
00000a44   LCDBM5
00000a45   LCDBM6
00000a46   LCDBM7
00000a47   LCDBM8
00000a48   LCDBM9
00000a06   LCDBMEMCTL
00000a07   LCDBMEMCTL_H
00000a06   LCDBMEMCTL_L
00000a0a   LCDBPCTL0
00000a0b   LCDBPCTL0_H
00000a0a   LCDBPCTL0_L
00000a0c   LCDBPCTL1
00000a0d   LCDBPCTL1_H
00000a0c   LCDBPCTL1_L
00000a0e   LCDBPCTL2
00000a0f   LCDBPCTL2_H
00000a0e   LCDBPCTL2_L
00000a10   LCDBPCTL3
00000a11   LCDBPCTL3_H
00000a10   LCDBPCTL3_L
00000a08   LCDBVCTL
00000a09   LCDBVCTL_H
00000a08   LCDBVCTL_L
00000a20   LCDM1
00000a29   LCDM10
00000a2a   LCDM11
00000a2b   LCDM12
00000a2c   LCDM13
00000a2d   LCDM14
00000a2e   LCDM15
00000a2f   LCDM16
00000a30   LCDM17
00000a31   LCDM18
00000a32   LCDM19
00000a21   LCDM2
00000a33   LCDM20
00000a34   LCDM21
00000a35   LCDM22
00000a36   LCDM23
00000a37   LCDM24
00000a22   LCDM3
00000a23   LCDM4
00000a24   LCDM5
00000a25   LCDM6
00000a26   LCDM7
00000a27   LCDM8
00000a28   LCDM9
0000c372   L_ASR_1
0000c34e   L_ASR_10
0000c34a   L_ASR_11
0000c346   L_ASR_12
0000c342   L_ASR_13
0000c33e   L_ASR_14
0000c33a   L_ASR_15
0000c36e   L_ASR_2
0000c36a   L_ASR_3
0000c366   L_ASR_4
0000c362   L_ASR_5
0000c35e   L_ASR_6
0000c35a   L_ASR_7
0000c356   L_ASR_8
0000c352   L_ASR_9
0000d0d6   L_LSL
0000c3b0   L_LSL_1
0000c38c   L_LSL_10
0000c388   L_LSL_11
0000c384   L_LSL_12
0000c380   L_LSL_13
0000c37c   L_LSL_14
0000c378   L_LSL_15
0000c3ac   L_LSL_2
0000c3a8   L_LSL_3
0000c3a4   L_LSL_4
0000c3a0   L_LSL_5
0000c39c   L_LSL_6
0000c398   L_LSL_7
0000c394   L_LSL_8
0000c390   L_LSL_9
0000d0e6   L_LSR
0000c3ee   L_LSR_1
0000c3ca   L_LSR_10
0000c3c6   L_LSR_11
0000c3c2   L_LSR_12
0000c3be   L_LSR_13
0000c3ba   L_LSR_14
0000c3b6   L_LSR_15
0000c3ea   L_LSR_2
0000c3e6   L_LSR_3
0000c3e2   L_LSR_4
0000c3de   L_LSR_5
0000c3da   L_LSR_6
0000c3d6   L_LSR_7
0000c3d2   L_LSR_8
0000c3ce   L_LSR_9
0000d0c4   L_ROTL
000004c4   MAC
000004da   MAC32H
000004db   MAC32H_H
000004da   MAC32H_L
000004d8   MAC32L
000004d9   MAC32L_H
000004d8   MAC32L_L
000004c6   MACS
000004de   MACS32H
000004df   MACS32H_H
000004de   MACS32H_L
000004dc   MACS32L
000004dd   MACS32L_H
000004dc   MACS32L_L
000004c7   MACS_H
000004c6   MACS_L
000004c5   MAC_H
000004c4   MAC_L
000004c0   MPY
000004ec   MPY32CTL0
000004ed   MPY32CTL0_H
000004ec   MPY32CTL0_L
000004d2   MPY32H
000004d3   MPY32H_H
000004d2   MPY32H_L
000004d0   MPY32L
000004d1   MPY32L_H
000004d0   MPY32L_L
000004c2   MPYS
000004d6   MPYS32H
000004d7   MPYS32H_H
000004d6   MPYS32H_L
000004d4   MPYS32L
000004d5   MPYS32L_H
000004d4   MPYS32L_L
000004c3   MPYS_H
000004c2   MPYS_L
000004c1   MPY_H
000004c0   MPY_L
0000d184   MRFI_PostKillSem
0000b5fe   MRFI_RadioIsr
0000cf5c   MRFI_RandomByte
0000d190   MRFI_Receive
0000ccda   MRFI_RxCompleteISR
0000a514   MRFI_Transmit
000004c8   OP2
000004e2   OP2H
000004e3   OP2H_H
000004e2   OP2H_L
000004e0   OP2L
000004e1   OP2L_H
000004e0   OP2L_L
000004c9   OP2_H
000004c8   OP2_L
0000020e   P1IV
000001c8   P1MAP01
000001c9   P1MAP01_H
000001c8   P1MAP01_L
000001ca   P1MAP23
000001cb   P1MAP23_H
000001ca   P1MAP23_L
000001cc   P1MAP45
000001cd   P1MAP45_H
000001cc   P1MAP45_L
000001ce   P1MAP67
000001cf   P1MAP67_H
000001ce   P1MAP67_L
0000021e   P2IV
000001d0   P2MAP01
000001d1   P2MAP01_H
000001d0   P2MAP01_L
000001d2   P2MAP23
000001d3   P2MAP23_H
000001d2   P2MAP23_L
000001d4   P2MAP45
000001d5   P2MAP45_H
000001d4   P2MAP45_L
000001d6   P2MAP67
000001d7   P2MAP67_H
000001d6   P2MAP67_L
000001d8   P3MAP01
000001d9   P3MAP01_H
000001d8   P3MAP01_L
000001da   P3MAP23
000001db   P3MAP23_H
000001da   P3MAP23_L
000001dc   P3MAP45
000001dd   P3MAP45_H
000001dc   P3MAP45_L
000001de   P3MAP67
000001df   P3MAP67_H
000001de   P3MAP67_L
00000204   PADIR
00000205   PADIR_H
00000204   PADIR_L
00000208   PADS
00000209   PADS_H
00000208   PADS_L
0000021a   PAIE
00000218   PAIES
00000219   PAIES_H
00000218   PAIES_L
0000021b   PAIE_H
0000021a   PAIE_L
0000021c   PAIFG
0000021d   PAIFG_H
0000021c   PAIFG_L
00000200   PAIN
00000201   PAIN_H
00000200   PAIN_L
00000202   PAOUT
00000203   PAOUT_H
00000202   PAOUT_L
00000206   PAREN
00000207   PAREN_H
00000206   PAREN_L
0000020a   PASEL
0000020b   PASEL_H
0000020a   PASEL_L
00000224   PBDIR
00000225   PBDIR_H
00000224   PBDIR_L
00000228   PBDS
00000229   PBDS_H
00000228   PBDS_L
00000220   PBIN
00000221   PBIN_H
00000220   PBIN_L
00000222   PBOUT
00000223   PBOUT_H
00000222   PBOUT_L
00000226   PBREN
00000227   PBREN_H
00000226   PBREN_L
0000022a   PBSEL
0000022b   PBSEL_H
0000022a   PBSEL_L
00000244   PCDIR
00000245   PCDIR_H
00000244   PCDIR_L
00000248   PCDS
00000249   PCDS_H
00000248   PCDS_L
00000240   PCIN
00000241   PCIN_H
00000240   PCIN_L
00000242   PCOUT
00000243   PCOUT_H
00000242   PCOUT_L
00000246   PCREN
00000247   PCREN_H
00000246   PCREN_L
0000024a   PCSEL
0000024b   PCSEL_H
0000024a   PCSEL_L
00000324   PJDIR
00000325   PJDIR_H
00000324   PJDIR_L
00000328   PJDS
00000329   PJDS_H
00000328   PJDS_L
00000320   PJIN
00000321   PJIN_H
00000320   PJIN_L
00000322   PJOUT
00000323   PJOUT_H
00000322   PJOUT_L
00000326   PJREN
00000327   PJREN_H
00000326   PJREN_L
000001c2   PMAPCTL
000001c3   PMAPCTL_H
000001c2   PMAPCTL_L
000001c0   PMAPKEYID
000001c1   PMAPKEYID_H
000001c0   PMAPKEYID_L
00000120   PMMCTL0
00000121   PMMCTL0_H
00000120   PMMCTL0_L
00000122   PMMCTL1
00000123   PMMCTL1_H
00000122   PMMCTL1_L
0000012c   PMMIFG
0000012d   PMMIFG_H
0000012c   PMMIFG_L
0000012e   PMMRIE
0000012f   PMMRIE_H
0000012e   PMMRIE_L
000089d6   PORT2_ISR
00000158   RCCTL0
00000159   RCCTL0_H
00000158   RCCTL0_L
000001b0   REFCTL0
000001b1   REFCTL0_H
000001b0   REFCTL0_L
000004e4   RES0
000004e5   RES0_H
000004e4   RES0_L
000004e6   RES1
000004e7   RES1_H
000004e6   RES1_L
000004e8   RES2
000004e9   RES2_H
000004e8   RES2_L
000004ea   RES3
000004eb   RES3_H
000004ea   RES3_L
000004cc   RESHI
000004cd   RESHI_H
000004cc   RESHI_L
000004ca   RESLO
000004cb   RESLO_H
000004ca   RESLO_L
00000f16   RF1ADINW
00000f17   RF1ADINW_H
00000f16   RF1ADINW_L
00000f28   RF1ADOUT0W
00000f29   RF1ADOUT0W_H
00000f28   RF1ADOUT0W_L
00000f2a   RF1ADOUT1W
00000f2b   RF1ADOUT1W_H
00000f2a   RF1ADOUT1W_L
00000f2c   RF1ADOUT2W
00000f2d   RF1ADOUT2W_H
00000f2c   RF1ADOUT2W_L
00000f36   RF1AIE
00000f34   RF1AIES
00000f35   RF1AIES_H
00000f34   RF1AIES_L
00000f37   RF1AIE_H
00000f36   RF1AIE_L
00000f00   RF1AIFCTL0
00000f01   RF1AIFCTL0_H
00000f00   RF1AIFCTL0_L
00000f02   RF1AIFCTL1
00000f03   RF1AIFCTL1_H
00000f02   RF1AIFCTL1_L
00000f04   RF1AIFCTL2
00000f05   RF1AIFCTL2_H
00000f04   RF1AIFCTL2_L
00000f06   RF1AIFERR
00000f0c   RF1AIFERRV
00000f0d   RF1AIFERRV_H
00000f0c   RF1AIFERRV_L
00000f07   RF1AIFERR_H
00000f06   RF1AIFERR_L
00000f32   RF1AIFG
00000f33   RF1AIFG_H
00000f32   RF1AIFG_L
00000f0e   RF1AIFIV
00000f0f   RF1AIFIV_H
00000f0e   RF1AIFIV_L
00000f30   RF1AIN
00000f12   RF1AINSTR1W
00000f13   RF1AINSTR1W_H
00000f12   RF1AINSTR1W_L
00000f14   RF1AINSTR2W
00000f15   RF1AINSTR2W_H
00000f14   RF1AINSTR2W_L
00000f10   RF1AINSTRW
00000f11   RF1AINSTRW_H
00000f10   RF1AINSTRW_L
00000f31   RF1AIN_H
00000f30   RF1AIN_L
00000f38   RF1AIV
00000f39   RF1AIV_H
00000f38   RF1AIV_L
00000f3c   RF1ARXFIFO
00000f3d   RF1ARXFIFO_H
00000f3c   RF1ARXFIFO_L
00000f20   RF1ASTAT0W
00000f21   RF1ASTAT0W_H
00000f20   RF1ASTAT0W_L
00000f22   RF1ASTAT1W
00000f23   RF1ASTAT1W_H
00000f22   RF1ASTAT1W_L
00000f24   RF1ASTAT2W
00000f25   RF1ASTAT2W_H
00000f24   RF1ASTAT2W_L
00000f3e   RF1ATXFIFO
00000f3f   RF1ATXFIFO_H
00000f3e   RF1ATXFIFO_L
000004ba   RTCADOWDAY
000004bb   RTCADOWDAY_H
000004ba   RTCADOWDAY_L
000004b8   RTCAMINHR
000004b9   RTCAMINHR_H
000004b8   RTCAMINHR_L
000004a0   RTCCTL01
000004a1   RTCCTL01_H
000004a0   RTCCTL01_L
000004a2   RTCCTL23
000004a3   RTCCTL23_H
000004a2   RTCCTL23_L
000004b4   RTCDATE
000004b5   RTCDATE_H
000004b4   RTCDATE_L
000004ae   RTCIV
000004ac   RTCPS
000004a8   RTCPS0CTL
000004a9   RTCPS0CTL_H
000004a8   RTCPS0CTL_L
000004aa   RTCPS1CTL
000004ab   RTCPS1CTL_H
000004aa   RTCPS1CTL_L
000004ad   RTCPS_H
000004ac   RTCPS_L
000004b0   RTCTIM0
000004b1   RTCTIM0_H
000004b0   RTCTIM0_L
000004b2   RTCTIM1
000004b3   RTCTIM1_H
000004b2   RTCTIM1_L
000004b6   RTCYEAR
000004b7   RTCYEAR_H
000004b6   RTCYEAR_L
0000d564   RandomValue_u8
0000cecc   ReadSingleReg
00000100   SFRIE1
00000101   SFRIE1_H
00000100   SFRIE1_L
00000102   SFRIFG1
00000103   SFRIFG1_H
00000102   SFRIFG1_L
00000104   SFRRPCR
00000105   SFRRPCR_H
00000104   SFRRPCR_L
000004ce   SUMEXT
000004cf   SUMEXT_H
000004ce   SUMEXT_L
00000124   SVSMHCTL
00000125   SVSMHCTL_H
00000124   SVSMHCTL_L
00000128   SVSMIO
00000129   SVSMIO_H
00000128   SVSMIO_L
00000126   SVSMLCTL
00000127   SVSMLCTL_H
00000126   SVSMLCTL_L
00000198   SYSBERRIV
00000199   SYSBERRIV_H
00000198   SYSBERRIV_L
00000182   SYSBSLC
00000183   SYSBSLC_H
00000182   SYSBSLC_L
00000180   SYSCTL
00000181   SYSCTL_H
00000180   SYSCTL_L
00000186   SYSJMBC
00000187   SYSJMBC_H
00000186   SYSJMBC_L
00000188   SYSJMBI0
00000189   SYSJMBI0_H
00000188   SYSJMBI0_L
0000018a   SYSJMBI1
0000018b   SYSJMBI1_H
0000018a   SYSJMBI1_L
0000018c   SYSJMBO0
0000018d   SYSJMBO0_H
0000018c   SYSJMBO0_L
0000018e   SYSJMBO1
0000018f   SYSJMBO1_H
0000018e   SYSJMBO1_L
0000019e   SYSRSTIV
0000019f   SYSRSTIV_H
0000019e   SYSRSTIV_L
0000019c   SYSSNIV
0000019d   SYSSNIV_H
0000019c   SYSSNIV_L
0000019a   SYSUNIV
0000019b   SYSUNIV_H
0000019a   SYSUNIV_L
0000cac0   SetVCore
0000cae6   SetVCoreDown
0000bfd4   SetVCoreUp
0000a964   Strobe
00001c6c   T
00000352   TA0CCR0
00000354   TA0CCR1
00000356   TA0CCR2
00000358   TA0CCR3
0000035a   TA0CCR4
00000342   TA0CCTL0
00000344   TA0CCTL1
00000346   TA0CCTL2
00000348   TA0CCTL3
0000034a   TA0CCTL4
00000340   TA0CTL
00000360   TA0EX0
0000036e   TA0IV
00000350   TA0R
00000392   TA1CCR0
00000394   TA1CCR1
00000396   TA1CCR2
00000382   TA1CCTL0
00000384   TA1CCTL1
00000386   TA1CCTL2
00000380   TA1CTL
000003a0   TA1EX0
000003ae   TA1IV
00000390   TA1R
00008294   TIMER0_A0_ISR
0000aedc   TIMER0_A1_5_ISR
0000c9f0   Timer0_A3_Start
0000d2d4   Timer0_A3_Stop
0000b83e   Timer0_A4_Delay
0000cff6   Timer0_Init
0000d2dc   Timer0_Start
0000d19c   Timer0_Stop
000005d0   UCA0ABCTL
000005c6   UCA0BRW
000005c7   UCA0BRW_H
000005c6   UCA0BRW_L
000005c0   UCA0CTLW0
000005c1   UCA0CTLW0_H
000005c0   UCA0CTLW0_L
000005dc   UCA0ICTL
000005dd   UCA0ICTL_H
000005dc   UCA0ICTL_L
000005d2   UCA0IRCTL
000005d3   UCA0IRCTL_H
000005d2   UCA0IRCTL_L
000005de   UCA0IV
000005c8   UCA0MCTL
000005cc   UCA0RXBUF
000005ca   UCA0STAT
000005ce   UCA0TXBUF
000005e6   UCB0BRW
000005e7   UCB0BRW_H
000005e6   UCB0BRW_L
000005e0   UCB0CTLW0
000005e1   UCB0CTLW0_H
000005e0   UCB0CTLW0_L
000005f0   UCB0I2COA
000005f1   UCB0I2COA_H
000005f0   UCB0I2COA_L
000005f2   UCB0I2CSA
000005f3   UCB0I2CSA_H
000005f2   UCB0I2CSA_L
000005fc   UCB0ICTL
000005fd   UCB0ICTL_H
000005fc   UCB0ICTL_L
000005fe   UCB0IV
000005ec   UCB0RXBUF
000005ea   UCB0STAT
000005ee   UCB0TXBUF
00000160   UCSCTL0
00000161   UCSCTL0_H
00000160   UCSCTL0_L
00000162   UCSCTL1
00000163   UCSCTL1_H
00000162   UCSCTL1_L
00000164   UCSCTL2
00000165   UCSCTL2_H
00000164   UCSCTL2_L
00000166   UCSCTL3
00000167   UCSCTL3_H
00000166   UCSCTL3_L
00000168   UCSCTL4
00000169   UCSCTL4_H
00000168   UCSCTL4_L
0000016a   UCSCTL5
0000016b   UCSCTL5_H
0000016a   UCSCTL5_L
0000016c   UCSCTL6
0000016d   UCSCTL6_H
0000016c   UCSCTL6_L
0000016e   UCSCTL7
0000016f   UCSCTL7_H
0000016e   UCSCTL7_L
00000170   UCSCTL8
00000171   UCSCTL8_H
00000170   UCSCTL8_L
00001c84   W
0000015c   WDTCTL
0000015d   WDTCTL_H
0000015c   WDTCTL_L
00001dc4   WP
0000c55c   WriteSingleReg
00002bfc   __STACK_END
00000050   __STACK_SIZE
00000001   __TI_args_main
00000001   __TI_auto_init
0000213a   __TI_cleanup_ptr
0000213e   __TI_dtors_ptr
00000001   __TI_exit
0000ffe0   __TI_int48
0000ffea   __TI_int53
0000ffec   __TI_int54
0000ffee   __TI_int55
0000fff0   __TI_int56
ffffffff   __binit__
00001c00   __bss__
ffffffff   __c_args__
0000d7f6   __cinit__
0000c970   __divi
0000c2bc   __divli
0000cfb4   __divu
0000b9fe   __divul
00002170   __end__
0000d344   __etext__
00009714   __fs_add
0000be66   __fs_cmp
0000aa8a   __fs_div
0000c638   __fs_itof
0000a80c   __fs_mpy
0000970e   __fs_sub
0000c060   __fs_tou
0000bdd0   __fs_toul
0000c7d0   __fs_ultof
0000cbea   __fs_utof
0000cfca   __mpyi_f5hw
0000cc96   __mpyl_f5hw
ffffffff   __pinit__
0000c970   __remi
0000c2bc   __remli
0000cfb4   __remu
0000b9fe   __remul
00008000   __text__
0000bf8c   _auto_init
0000ca1a   _c_int00
0000ca1a   _c_int00_noexit
00002132   _lock
0000d340   _nop
0000fffe   _reset_vector
00002bac   _stack
0000d31c   _system_pre_init
000020a2   _tz
00002136   _unlock
0000d320   abort
0000d116   acceleration_value_is_positive
00002168   adc12_data_ready
00002166   adc12_result
0000b398   adc12_single_conversion
0000bcec   add_day
0000c862   as_init
00001f87   as_ok
0000b6c2   as_read_register
0000c430   as_start
0000c708   as_stop
0000b722   as_write_register
0000b32a   battery_measurement
ffffffff   binit
0000bc9e   bmp_as_get_data
0000d2e4   bmp_as_read_register
0000b536   bmp_as_start
0000c708   bmp_as_stop
0000d324   bmp_as_write_register
00002044   bmp_cal_param
0000d7c0   bmp_mgrav_per_bit
0000205a   bmp_param_b5
0000a9fc   bmp_ps_get_cal_param
000091a6   bmp_ps_get_pa
0000afe2   bmp_ps_get_temp
0000c890   bmp_ps_init
0000d1a8   bmp_ps_read_register
0000d2ec   bmp_ps_start
0000d124   bmp_ps_write_register
0000207a   bmp_used
0000214e   brrx_packet_end_cap_value
00001f2a   burst_end
00001f26   burst_mode
00001f2c   burst_packet
00001f3e   burst_packet_index
00001f28   burst_start
000020fc   button
0000bd38   button_repeat_function
0000d272   button_repeat_off
0000cf88   button_repeat_on
00009c62   check_alarm
0000207b   chronos_black
0000d7f6   cinit
0000d304   clear_blink_mem
0000d1b4   clear_display
0000ce10   clear_display_all
0000bb06   clear_line
0000b89a   clock_tick
0000c918   cma_as_get_data
0000d132   cma_as_read_register
0000be1c   cma_as_start
0000c708   cma_as_stop
0000d1c0   cma_as_write_register
0000d7ce   cma_mgrav_per_bit
0000b660   cma_ps_get_pa
0000bd84   cma_ps_get_temp
0000b94e   cma_ps_init
0000d1cc   cma_ps_read_register
0000d1d8   cma_ps_start
0000d27c   cma_ps_stop
0000d1e4   cma_ps_write_register
00008000   conv_pa_to_meter
0000cee4   convert_C_to_F
0000d046   convert_F_to_C
0000b4d0   convert_acceleration_value_to_mgrav
0000cefc   convert_hour_to_12H_format
0000ce2c   convert_m_to_ft
0000d00a   countdown_buzzer
00001ef0   data
00001e52   display
000095d4   display_acceleration
0000b782   display_alarm
0000d01e   display_all_off
0000cf14   display_all_on
0000a8c2   display_altitude
0000ce48   display_am_pm_symbol
0000b246   display_char
0000a37a   display_chars
00009a62   display_counter
0000c01a   display_hours
0000cf9e   display_selection_Timeformat1
0000983e   display_stopwatch
0000cdb8   display_symbol
0000a0fe   display_temperature
00009334   display_time
0000c73a   display_update
0000cc30   display_value
0000cd1a   do_acceleration_measurement
0000b59a   do_altitude_measurement
0000ca98   do_count
0000a1d4   do_counter_measurement
00001c6a   dp
0000d342   dummy
00002170   end
0000d344   etext
00002142   fptr_Timer0_A3_function
0000207e   fptr_lcd_function_line1
00002082   fptr_lcd_function_line2
0000af60   get_numberOfDays
00001c00   glb_sha1_info
0000d764   h0
0000d2b8   idle_loop
00009f32   init_application
0000cb32   init_buttons
0000b400   init_global_variables
0000cb58   init_pressure_table
0000a448   int_to_array
0000d344   int_to_array_conversion_table
00001ea8   int_to_array_str
0000d058   is_acceleration_measurement
0000d06a   is_altitude_measurement
0000d1fc   is_counter_measurement
0000d140   is_hour_am
0000d208   is_rf
0000d328   is_stopwatch
0000d214   is_temp_measurement
000020e2   last_stateX
000020e3   last_stateY
000020e4   last_stateZ
0000d70e   lcd_font
0000ca44   lcd_init
0000acbc   main
0000cc52   memcmp
0000d07c   memcpy
0000cdd6   memmove
0000d08e   memset
0000d688   menu_L1_Acceleration
0000d6ae   menu_L1_Alarm
0000d69c   menu_L1_Counter
0000d676   menu_L1_Temperature
0000d664   menu_L1_Time
00002078   message
0000d563   method
0000d7ee   mrfiBroadcastAddr
0000b1d2   mrfiRadioInterfaceCmdStrobe
0000c0ec   mrfiRadioInterfaceReadReg
0000c76c   mrfiRadioInterfaceReadRxFifo
0000c596   mrfiRadioInterfaceWriteReg
0000c5cc   mrfiRadioInterfaceWriteTxFifo
00009d56   mx_alarm
0000d220   mx_counter
0000a018   mx_temperature
00008fd2   mx_time
0000c8be   nwk_QadjustOrder
0000b15c   nwk_QfindSlot
0000a2a8   nwk_allocateLocalRxPort
0000ad46   nwk_buildFrame
0000c46c   nwk_findPeer
0000d30a   nwk_freeConnection
0000d0a0   nwk_getMyAddress
0000d32c   nwk_getMyRxType
0000c4a8   nwk_getNextConnection
0000d22c   nwk_getNumObjectFromMsg
0000d330   nwk_getProtocolVersion
0000aba4   nwk_isConnectionValid
0000c4e4   nwk_isLinkDuplicate
0000c802   nwk_isValidReply
0000d334   nwk_processFreq
0000cf2c   nwk_processJoin
0000cc74   nwk_processLink
0000c602   nwk_processMgmt
0000cba2   nwk_processPing
0000d338   nwk_processSecurity
0000b0e0   nwk_sendAckReply
0000c832   nwk_sendFrame
00001f86   offset
00001f88   p
0000d786   p0
ffffffff   pinit
0000bc00   process_requests
0000d33c   ps_i2c_delay
0000bbae   ps_i2c_read
0000ac30   ps_i2c_sda
0000c1fa   ps_i2c_write
0000cbc6   ps_init
00001fcc   ps_ok
0000b2b8   ps_read_register
0000b9a6   ps_write_register
0000216e   ptrMenu_L1
0000d69a   ptrMenu_L2
0000ccfa   radio_ISR
0000d0f6   radio_powerdown
0000c79e   radio_reset
0000a5da   read_calibration_values
00002076   request
0000d14e   reset_acceleration
0000cf44   reset_alarm
0000c27c   reset_altitude_measurement
0000d0b2   reset_batt_measurement
0000d286   reset_buzzer
0000cd3a   reset_clock
0000d15c   reset_counter
0000d032   reset_date
0000d290   reset_rf
0000cd5a   reset_stopwatch
0000d2f4   reset_temp_measurement
00002119   rfBSL_button_confirmation
0000207c   rf_frequoffset
000020d4   sAccel
000020de   sAlarm
00002086   sAlt
00002122   sBatt
000020fe   sButton
0000212a   sBuzzer
0000205e   sCounter
00002150   sDate
00002027   sInit_done
00001f1e   sRFsmpl
000020b0   sStopwatch
00002156   sTemp
00002094   sTime
00002146   sTimer
000020e5   secondlast_stateX
000020e6   secondlast_stateY
000020e7   secondlast_stateZ
0000d73a   segments_bitmask
00001e54   segments_lcdmem
0000d7e6   selection_Timeformat
0000d16a   set_blink_rate
00008bea   set_value
00001efe   simpliciti_data
00001ef8   simpliciti_ed_address
00001efc   simpliciti_flag
00001f24   simpliciti_payload_length
00001f25   simpliciti_reply_count
0000beb0   start_altitude_measurement
0000d310   start_blink
0000c0a6   start_buzzer
0000d2fc   stop_alarm
0000ccb8   stop_altitude_measurement
0000d316   stop_blink
0000cd7a   stop_buzzer
0000ceb2   stop_stopwatch
00009e48   stopwatch_tick
00001f40   stotp
0000d2ae   switch_seg
0000ca6e   sx_acceleration
0000c174   sx_alarm
0000cfe0   sx_counter
0000d106   sx_time
00002074   sys
0000ba56   temperature_measurement
000087aa   test_mode
00001eb0   tmp_key
0000d2b8   to_lpm
0000befa   toggle_buzzer
0000d238   update_acceleration
0000d244   update_alarm
0000d250   update_counter
00008dfc   update_pressure_table
0000c520   update_stopwatch_timer
0000d25c   update_temperature
0000d2c2   update_time
0000a69e   wakeup_event
0000baae   write_lcd_mem


GLOBAL SYMBOLS: SORTED BY Symbol Address 

address    name
--------   ----
00000001   __TI_args_main
00000001   __TI_auto_init
00000001   __TI_exit
00000050   __STACK_SIZE
00000100   SFRIE1
00000100   SFRIE1_L
00000101   SFRIE1_H
00000102   SFRIFG1
00000102   SFRIFG1_L
00000103   SFRIFG1_H
00000104   SFRRPCR
00000104   SFRRPCR_L
00000105   SFRRPCR_H
00000120   PMMCTL0
00000120   PMMCTL0_L
00000121   PMMCTL0_H
00000122   PMMCTL1
00000122   PMMCTL1_L
00000123   PMMCTL1_H
00000124   SVSMHCTL
00000124   SVSMHCTL_L
00000125   SVSMHCTL_H
00000126   SVSMLCTL
00000126   SVSMLCTL_L
00000127   SVSMLCTL_H
00000128   SVSMIO
00000128   SVSMIO_L
00000129   SVSMIO_H
0000012c   PMMIFG
0000012c   PMMIFG_L
0000012d   PMMIFG_H
0000012e   PMMRIE
0000012e   PMMRIE_L
0000012f   PMMRIE_H
00000140   FCTL1
00000140   FCTL1_L
00000141   FCTL1_H
00000144   FCTL3
00000144   FCTL3_L
00000145   FCTL3_H
00000146   FCTL4
00000146   FCTL4_L
00000147   FCTL4_H
00000150   CRCDI
00000150   CRCDI_L
00000151   CRCDI_H
00000154   CRCINIRES
00000154   CRCINIRES_L
00000155   CRCINIRES_H
00000158   RCCTL0
00000158   RCCTL0_L
00000159   RCCTL0_H
0000015c   WDTCTL
0000015c   WDTCTL_L
0000015d   WDTCTL_H
00000160   UCSCTL0
00000160   UCSCTL0_L
00000161   UCSCTL0_H
00000162   UCSCTL1
00000162   UCSCTL1_L
00000163   UCSCTL1_H
00000164   UCSCTL2
00000164   UCSCTL2_L
00000165   UCSCTL2_H
00000166   UCSCTL3
00000166   UCSCTL3_L
00000167   UCSCTL3_H
00000168   UCSCTL4
00000168   UCSCTL4_L
00000169   UCSCTL4_H
0000016a   UCSCTL5
0000016a   UCSCTL5_L
0000016b   UCSCTL5_H
0000016c   UCSCTL6
0000016c   UCSCTL6_L
0000016d   UCSCTL6_H
0000016e   UCSCTL7
0000016e   UCSCTL7_L
0000016f   UCSCTL7_H
00000170   UCSCTL8
00000170   UCSCTL8_L
00000171   UCSCTL8_H
00000180   SYSCTL
00000180   SYSCTL_L
00000181   SYSCTL_H
00000182   SYSBSLC
00000182   SYSBSLC_L
00000183   SYSBSLC_H
00000186   SYSJMBC
00000186   SYSJMBC_L
00000187   SYSJMBC_H
00000188   SYSJMBI0
00000188   SYSJMBI0_L
00000189   SYSJMBI0_H
0000018a   SYSJMBI1
0000018a   SYSJMBI1_L
0000018b   SYSJMBI1_H
0000018c   SYSJMBO0
0000018c   SYSJMBO0_L
0000018d   SYSJMBO0_H
0000018e   SYSJMBO1
0000018e   SYSJMBO1_L
0000018f   SYSJMBO1_H
00000198   SYSBERRIV
00000198   SYSBERRIV_L
00000199   SYSBERRIV_H
0000019a   SYSUNIV
0000019a   SYSUNIV_L
0000019b   SYSUNIV_H
0000019c   SYSSNIV
0000019c   SYSSNIV_L
0000019d   SYSSNIV_H
0000019e   SYSRSTIV
0000019e   SYSRSTIV_L
0000019f   SYSRSTIV_H
000001b0   REFCTL0
000001b0   REFCTL0_L
000001b1   REFCTL0_H
000001c0   PMAPKEYID
000001c0   PMAPKEYID_L
000001c1   PMAPKEYID_H
000001c2   PMAPCTL
000001c2   PMAPCTL_L
000001c3   PMAPCTL_H
000001c8   P1MAP01
000001c8   P1MAP01_L
000001c9   P1MAP01_H
000001ca   P1MAP23
000001ca   P1MAP23_L
000001cb   P1MAP23_H
000001cc   P1MAP45
000001cc   P1MAP45_L
000001cd   P1MAP45_H
000001ce   P1MAP67
000001ce   P1MAP67_L
000001cf   P1MAP67_H
000001d0   P2MAP01
000001d0   P2MAP01_L
000001d1   P2MAP01_H
000001d2   P2MAP23
000001d2   P2MAP23_L
000001d3   P2MAP23_H
000001d4   P2MAP45
000001d4   P2MAP45_L
000001d5   P2MAP45_H
000001d6   P2MAP67
000001d6   P2MAP67_L
000001d7   P2MAP67_H
000001d8   P3MAP01
000001d8   P3MAP01_L
000001d9   P3MAP01_H
000001da   P3MAP23
000001da   P3MAP23_L
000001db   P3MAP23_H
000001dc   P3MAP45
000001dc   P3MAP45_L
000001dd   P3MAP45_H
000001de   P3MAP67
000001de   P3MAP67_L
000001df   P3MAP67_H
00000200   PAIN
00000200   PAIN_L
00000201   PAIN_H
00000202   PAOUT
00000202   PAOUT_L
00000203   PAOUT_H
00000204   PADIR
00000204   PADIR_L
00000205   PADIR_H
00000206   PAREN
00000206   PAREN_L
00000207   PAREN_H
00000208   PADS
00000208   PADS_L
00000209   PADS_H
0000020a   PASEL
0000020a   PASEL_L
0000020b   PASEL_H
0000020e   P1IV
00000218   PAIES
00000218   PAIES_L
00000219   PAIES_H
0000021a   PAIE
0000021a   PAIE_L
0000021b   PAIE_H
0000021c   PAIFG
0000021c   PAIFG_L
0000021d   PAIFG_H
0000021e   P2IV
00000220   PBIN
00000220   PBIN_L
00000221   PBIN_H
00000222   PBOUT
00000222   PBOUT_L
00000223   PBOUT_H
00000224   PBDIR
00000224   PBDIR_L
00000225   PBDIR_H
00000226   PBREN
00000226   PBREN_L
00000227   PBREN_H
00000228   PBDS
00000228   PBDS_L
00000229   PBDS_H
0000022a   PBSEL
0000022a   PBSEL_L
0000022b   PBSEL_H
00000240   PCIN
00000240   PCIN_L
00000241   PCIN_H
00000242   PCOUT
00000242   PCOUT_L
00000243   PCOUT_H
00000244   PCDIR
00000244   PCDIR_L
00000245   PCDIR_H
00000246   PCREN
00000246   PCREN_L
00000247   PCREN_H
00000248   PCDS
00000248   PCDS_L
00000249   PCDS_H
0000024a   PCSEL
0000024a   PCSEL_L
0000024b   PCSEL_H
00000320   PJIN
00000320   PJIN_L
00000321   PJIN_H
00000322   PJOUT
00000322   PJOUT_L
00000323   PJOUT_H
00000324   PJDIR
00000324   PJDIR_L
00000325   PJDIR_H
00000326   PJREN
00000326   PJREN_L
00000327   PJREN_H
00000328   PJDS
00000328   PJDS_L
00000329   PJDS_H
00000340   TA0CTL
00000342   TA0CCTL0
00000344   TA0CCTL1
00000346   TA0CCTL2
00000348   TA0CCTL3
0000034a   TA0CCTL4
00000350   TA0R
00000352   TA0CCR0
00000354   TA0CCR1
00000356   TA0CCR2
00000358   TA0CCR3
0000035a   TA0CCR4
00000360   TA0EX0
0000036e   TA0IV
00000380   TA1CTL
00000382   TA1CCTL0
00000384   TA1CCTL1
00000386   TA1CCTL2
00000390   TA1R
00000392   TA1CCR0
00000394   TA1CCR1
00000396   TA1CCR2
000003a0   TA1EX0
000003ae   TA1IV
000004a0   RTCCTL01
000004a0   RTCCTL01_L
000004a1   RTCCTL01_H
000004a2   RTCCTL23
000004a2   RTCCTL23_L
000004a3   RTCCTL23_H
000004a8   RTCPS0CTL
000004a8   RTCPS0CTL_L
000004a9   RTCPS0CTL_H
000004aa   RTCPS1CTL
000004aa   RTCPS1CTL_L
000004ab   RTCPS1CTL_H
000004ac   RTCPS
000004ac   RTCPS_L
000004ad   RTCPS_H
000004ae   RTCIV
000004b0   RTCTIM0
000004b0   RTCTIM0_L
000004b1   RTCTIM0_H
000004b2   RTCTIM1
000004b2   RTCTIM1_L
000004b3   RTCTIM1_H
000004b4   RTCDATE
000004b4   RTCDATE_L
000004b5   RTCDATE_H
000004b6   RTCYEAR
000004b6   RTCYEAR_L
000004b7   RTCYEAR_H
000004b8   RTCAMINHR
000004b8   RTCAMINHR_L
000004b9   RTCAMINHR_H
000004ba   RTCADOWDAY
000004ba   RTCADOWDAY_L
000004bb   RTCADOWDAY_H
000004c0   MPY
000004c0   MPY_L
000004c1   MPY_H
000004c2   MPYS
000004c2   MPYS_L
000004c3   MPYS_H
000004c4   MAC
000004c4   MAC_L
000004c5   MAC_H
000004c6   MACS
000004c6   MACS_L
000004c7   MACS_H
000004c8   OP2
000004c8   OP2_L
000004c9   OP2_H
000004ca   RESLO
000004ca   RESLO_L
000004cb   RESLO_H
000004cc   RESHI
000004cc   RESHI_L
000004cd   RESHI_H
000004ce   SUMEXT
000004ce   SUMEXT_L
000004cf   SUMEXT_H
000004d0   MPY32L
000004d0   MPY32L_L
000004d1   MPY32L_H
000004d2   MPY32H
000004d2   MPY32H_L
000004d3   MPY32H_H
000004d4   MPYS32L
000004d4   MPYS32L_L
000004d5   MPYS32L_H
000004d6   MPYS32H
000004d6   MPYS32H_L
000004d7   MPYS32H_H
000004d8   MAC32L
000004d8   MAC32L_L
000004d9   MAC32L_H
000004da   MAC32H
000004da   MAC32H_L
000004db   MAC32H_H
000004dc   MACS32L
000004dc   MACS32L_L
000004dd   MACS32L_H
000004de   MACS32H
000004de   MACS32H_L
000004df   MACS32H_H
000004e0   OP2L
000004e0   OP2L_L
000004e1   OP2L_H
000004e2   OP2H
000004e2   OP2H_L
000004e3   OP2H_H
000004e4   RES0
000004e4   RES0_L
000004e5   RES0_H
000004e6   RES1
000004e6   RES1_L
000004e7   RES1_H
000004e8   RES2
000004e8   RES2_L
000004e9   RES2_H
000004ea   RES3
000004ea   RES3_L
000004eb   RES3_H
000004ec   MPY32CTL0
000004ec   MPY32CTL0_L
000004ed   MPY32CTL0_H
00000500   DMACTL0
00000500   DMACTL0_L
00000501   DMACTL0_H
00000502   DMACTL1
00000502   DMACTL1_L
00000503   DMACTL1_H
00000504   DMACTL2
00000504   DMACTL2_L
00000505   DMACTL2_H
00000506   DMACTL3
00000506   DMACTL3_L
00000507   DMACTL3_H
00000508   DMACTL4
00000508   DMACTL4_L
00000509   DMACTL4_H
0000050e   DMAIV
0000050e   DMAIV_L
0000050f   DMAIV_H
00000510   DMA0CTL
00000510   DMA0CTL_L
00000511   DMA0CTL_H
00000512   DMA0SA
00000512   DMA0SAL
00000514   DMA0SAH
00000516   DMA0DA
00000516   DMA0DAL
00000518   DMA0DAH
0000051a   DMA0SZ
00000520   DMA1CTL
00000520   DMA1CTL_L
00000521   DMA1CTL_H
00000522   DMA1SA
00000522   DMA1SAL
00000524   DMA1SAH
00000526   DMA1DA
00000526   DMA1DAL
00000528   DMA1DAH
0000052a   DMA1SZ
00000530   DMA2CTL
00000530   DMA2CTL_L
00000531   DMA2CTL_H
00000532   DMA2SA
00000532   DMA2SAL
00000534   DMA2SAH
00000536   DMA2DA
00000536   DMA2DAL
00000538   DMA2DAH
0000053a   DMA2SZ
000005c0   UCA0CTLW0
000005c0   UCA0CTLW0_L
000005c1   UCA0CTLW0_H
000005c6   UCA0BRW
000005c6   UCA0BRW_L
000005c7   UCA0BRW_H
000005c8   UCA0MCTL
000005ca   UCA0STAT
000005cc   UCA0RXBUF
000005ce   UCA0TXBUF
000005d0   UCA0ABCTL
000005d2   UCA0IRCTL
000005d2   UCA0IRCTL_L
000005d3   UCA0IRCTL_H
000005dc   UCA0ICTL
000005dc   UCA0ICTL_L
000005dd   UCA0ICTL_H
000005de   UCA0IV
000005e0   UCB0CTLW0
000005e0   UCB0CTLW0_L
000005e1   UCB0CTLW0_H
000005e6   UCB0BRW
000005e6   UCB0BRW_L
000005e7   UCB0BRW_H
000005ea   UCB0STAT
000005ec   UCB0RXBUF
000005ee   UCB0TXBUF
000005f0   UCB0I2COA
000005f0   UCB0I2COA_L
000005f1   UCB0I2COA_H
000005f2   UCB0I2CSA
000005f2   UCB0I2CSA_L
000005f3   UCB0I2CSA_H
000005fc   UCB0ICTL
000005fc   UCB0ICTL_L
000005fd   UCB0ICTL_H
000005fe   UCB0IV
00000700   ADC12CTL0
00000700   ADC12CTL0_L
00000701   ADC12CTL0_H
00000702   ADC12CTL1
00000702   ADC12CTL1_L
00000703   ADC12CTL1_H
00000704   ADC12CTL2
00000704   ADC12CTL2_L
00000705   ADC12CTL2_H
0000070a   ADC12IFG
0000070a   ADC12IFG_L
0000070b   ADC12IFG_H
0000070c   ADC12IE
0000070c   ADC12IE_L
0000070d   ADC12IE_H
0000070e   ADC12IV
0000070e   ADC12IV_L
0000070f   ADC12IV_H
00000710   ADC12MCTL0
00000711   ADC12MCTL1
00000712   ADC12MCTL2
00000713   ADC12MCTL3
00000714   ADC12MCTL4
00000715   ADC12MCTL5
00000716   ADC12MCTL6
00000717   ADC12MCTL7
00000718   ADC12MCTL8
00000719   ADC12MCTL9
0000071a   ADC12MCTL10
0000071b   ADC12MCTL11
0000071c   ADC12MCTL12
0000071d   ADC12MCTL13
0000071e   ADC12MCTL14
0000071f   ADC12MCTL15
00000720   ADC12MEM0
00000720   ADC12MEM0_L
00000721   ADC12MEM0_H
00000722   ADC12MEM1
00000722   ADC12MEM1_L
00000723   ADC12MEM1_H
00000724   ADC12MEM2
00000724   ADC12MEM2_L
00000725   ADC12MEM2_H
00000726   ADC12MEM3
00000726   ADC12MEM3_L
00000727   ADC12MEM3_H
00000728   ADC12MEM4
00000728   ADC12MEM4_L
00000729   ADC12MEM4_H
0000072a   ADC12MEM5
0000072a   ADC12MEM5_L
0000072b   ADC12MEM5_H
0000072c   ADC12MEM6
0000072c   ADC12MEM6_L
0000072d   ADC12MEM6_H
0000072e   ADC12MEM7
0000072e   ADC12MEM7_L
0000072f   ADC12MEM7_H
00000730   ADC12MEM8
00000730   ADC12MEM8_L
00000731   ADC12MEM8_H
00000732   ADC12MEM9
00000732   ADC12MEM9_L
00000733   ADC12MEM9_H
00000734   ADC12MEM10
00000734   ADC12MEM10_L
00000735   ADC12MEM10_H
00000736   ADC12MEM11
00000736   ADC12MEM11_L
00000737   ADC12MEM11_H
00000738   ADC12MEM12
00000738   ADC12MEM12_L
00000739   ADC12MEM12_H
0000073a   ADC12MEM13
0000073a   ADC12MEM13_L
0000073b   ADC12MEM13_H
0000073c   ADC12MEM14
0000073c   ADC12MEM14_L
0000073d   ADC12MEM14_H
0000073e   ADC12MEM15
0000073e   ADC12MEM15_L
0000073f   ADC12MEM15_H
000008c0   CBCTL0
000008c0   CBCTL0_L
000008c1   CBCTL0_H
000008c2   CBCTL1
000008c2   CBCTL1_L
000008c3   CBCTL1_H
000008c4   CBCTL2
000008c4   CBCTL2_L
000008c5   CBCTL2_H
000008c6   CBCTL3
000008c6   CBCTL3_L
000008c7   CBCTL3_H
000008cc   CBINT
000008cc   CBINT_L
000008cd   CBINT_H
000008ce   CBIV
000009c0   AESACTL0
000009c0   AESACTL0_L
000009c1   AESACTL0_H
000009c4   AESASTAT
000009c4   AESASTAT_L
000009c5   AESASTAT_H
000009c6   AESAKEY
000009c6   AESAKEY_L
000009c7   AESAKEY_H
000009c8   AESADIN
000009c8   AESADIN_L
000009c9   AESADIN_H
000009ca   AESADOUT
000009ca   AESADOUT_L
000009cb   AESADOUT_H
00000a00   LCDBCTL0
00000a00   LCDBCTL0_L
00000a01   LCDBCTL0_H
00000a02   LCDBCTL1
00000a02   LCDBCTL1_L
00000a03   LCDBCTL1_H
00000a04   LCDBBLKCTL
00000a04   LCDBBLKCTL_L
00000a05   LCDBBLKCTL_H
00000a06   LCDBMEMCTL
00000a06   LCDBMEMCTL_L
00000a07   LCDBMEMCTL_H
00000a08   LCDBVCTL
00000a08   LCDBVCTL_L
00000a09   LCDBVCTL_H
00000a0a   LCDBPCTL0
00000a0a   LCDBPCTL0_L
00000a0b   LCDBPCTL0_H
00000a0c   LCDBPCTL1
00000a0c   LCDBPCTL1_L
00000a0d   LCDBPCTL1_H
00000a0e   LCDBPCTL2
00000a0e   LCDBPCTL2_L
00000a0f   LCDBPCTL2_H
00000a10   LCDBPCTL3
00000a10   LCDBPCTL3_L
00000a11   LCDBPCTL3_H
00000a12   LCDBCPCTL
00000a12   LCDBCPCTL_L
00000a13   LCDBCPCTL_H
00000a1e   LCDBIV
00000a20   LCDM1
00000a21   LCDM2
00000a22   LCDM3
00000a23   LCDM4
00000a24   LCDM5
00000a25   LCDM6
00000a26   LCDM7
00000a27   LCDM8
00000a28   LCDM9
00000a29   LCDM10
00000a2a   LCDM11
00000a2b   LCDM12
00000a2c   LCDM13
00000a2d   LCDM14
00000a2e   LCDM15
00000a2f   LCDM16
00000a30   LCDM17
00000a31   LCDM18
00000a32   LCDM19
00000a33   LCDM20
00000a34   LCDM21
00000a35   LCDM22
00000a36   LCDM23
00000a37   LCDM24
00000a40   LCDBM1
00000a41   LCDBM2
00000a42   LCDBM3
00000a43   LCDBM4
00000a44   LCDBM5
00000a45   LCDBM6
00000a46   LCDBM7
00000a47   LCDBM8
00000a48   LCDBM9
00000a49   LCDBM10
00000a4a   LCDBM11
00000a4b   LCDBM12
00000a4c   LCDBM13
00000a4d   LCDBM14
00000a4e   LCDBM15
00000a4f   LCDBM16
00000a50   LCDBM17
00000a51   LCDBM18
00000a52   LCDBM19
00000a53   LCDBM20
00000a54   LCDBM21
00000a55   LCDBM22
00000a56   LCDBM23
00000a57   LCDBM24
00000f00   RF1AIFCTL0
00000f00   RF1AIFCTL0_L
00000f01   RF1AIFCTL0_H
00000f02   RF1AIFCTL1
00000f02   RF1AIFCTL1_L
00000f03   RF1AIFCTL1_H
00000f04   RF1AIFCTL2
00000f04   RF1AIFCTL2_L
00000f05   RF1AIFCTL2_H
00000f06   RF1AIFERR
00000f06   RF1AIFERR_L
00000f07   RF1AIFERR_H
00000f0c   RF1AIFERRV
00000f0c   RF1AIFERRV_L
00000f0d   RF1AIFERRV_H
00000f0e   RF1AIFIV
00000f0e   RF1AIFIV_L
00000f0f   RF1AIFIV_H
00000f10   RF1AINSTRW
00000f10   RF1AINSTRW_L
00000f11   RF1AINSTRW_H
00000f12   RF1AINSTR1W
00000f12   RF1AINSTR1W_L
00000f13   RF1AINSTR1W_H
00000f14   RF1AINSTR2W
00000f14   RF1AINSTR2W_L
00000f15   RF1AINSTR2W_H
00000f16   RF1ADINW
00000f16   RF1ADINW_L
00000f17   RF1ADINW_H
00000f20   RF1ASTAT0W
00000f20   RF1ASTAT0W_L
00000f21   RF1ASTAT0W_H
00000f22   RF1ASTAT1W
00000f22   RF1ASTAT1W_L
00000f23   RF1ASTAT1W_H
00000f24   RF1ASTAT2W
00000f24   RF1ASTAT2W_L
00000f25   RF1ASTAT2W_H
00000f28   RF1ADOUT0W
00000f28   RF1ADOUT0W_L
00000f29   RF1ADOUT0W_H
00000f2a   RF1ADOUT1W
00000f2a   RF1ADOUT1W_L
00000f2b   RF1ADOUT1W_H
00000f2c   RF1ADOUT2W
00000f2c   RF1ADOUT2W_L
00000f2d   RF1ADOUT2W_H
00000f30   RF1AIN
00000f30   RF1AIN_L
00000f31   RF1AIN_H
00000f32   RF1AIFG
00000f32   RF1AIFG_L
00000f33   RF1AIFG_H
00000f34   RF1AIES
00000f34   RF1AIES_L
00000f35   RF1AIES_H
00000f36   RF1AIE
00000f36   RF1AIE_L
00000f37   RF1AIE_H
00000f38   RF1AIV
00000f38   RF1AIV_L
00000f39   RF1AIV_H
00000f3c   RF1ARXFIFO
00000f3c   RF1ARXFIFO_L
00000f3d   RF1ARXFIFO_H
00000f3e   RF1ATXFIFO
00000f3e   RF1ATXFIFO_L
00000f3f   RF1ATXFIFO_H
00001c00   .bss
00001c00   __bss__
00001c00   glb_sha1_info
00001c6a   dp
00001c6c   T
00001c70   A
00001c74   B
00001c78   C
00001c7c   D
00001c80   E
00001c84   W
00001dc4   WP
00001e52   display
00001e54   segments_lcdmem
00001ea8   int_to_array_str
00001eb0   tmp_key
00001ef0   data
00001ef8   simpliciti_ed_address
00001efc   simpliciti_flag
00001efe   simpliciti_data
00001f1e   sRFsmpl
00001f24   simpliciti_payload_length
00001f25   simpliciti_reply_count
00001f26   burst_mode
00001f28   burst_start
00001f2a   burst_end
00001f2c   burst_packet
00001f3e   burst_packet_index
00001f40   stotp
00001f86   offset
00001f87   as_ok
00001f88   p
00001fcc   ps_ok
00002027   sInit_done
00002028   BRRX__TXCB_t
00002044   bmp_cal_param
0000205a   bmp_param_b5
0000205e   sCounter
00002074   sys
00002076   request
00002078   message
0000207a   bmp_used
0000207b   chronos_black
0000207c   rf_frequoffset
0000207e   fptr_lcd_function_line1
00002082   fptr_lcd_function_line2
00002086   sAlt
00002094   sTime
000020a2   _tz
000020b0   sStopwatch
000020c4   BRRX__PowerdownDelay_u8
000020c5   BRRX__SignalLevelReduction
000020c6   BRRX__MaxSearchTries_u8
000020c7   BRRX__SearchRatio_u8
000020c8   BRRX__TestMode_u8
000020ca   BRRX__PacketBits_t
000020d4   sAccel
000020de   sAlarm
000020e2   last_stateX
000020e3   last_stateY
000020e4   last_stateZ
000020e5   secondlast_stateX
000020e6   secondlast_stateY
000020e7   secondlast_stateZ
000020fc   button
000020fe   sButton
00002119   rfBSL_button_confirmation
0000211a   BRRX__NextEventTime_u16
0000211c   BRRX__NextEndTime_u16
0000211e   BRRX__NextFrequency_u8
0000211f   BRRX__NextFrequencyOffset_s8
00002120   BRRX__TimerState_t
00002122   sBatt
0000212a   sBuzzer
00002132   _lock
00002136   _unlock
0000213a   __TI_cleanup_ptr
0000213e   __TI_dtors_ptr
00002142   fptr_Timer0_A3_function
00002146   sTimer
0000214e   brrx_packet_end_cap_value
00002150   sDate
00002156   sTemp
0000215c   BRRX__StatusFlags_t
0000215e   BRRX__CurrentPacketTime_u16
00002160   BRRX__CurrentSignalLevel_u8
00002166   adc12_result
00002168   adc12_data_ready
0000216e   ptrMenu_L1
00002170   __end__
00002170   end
00002bac   _stack
00002bfc   __STACK_END
00008000   .text
00008000   __text__
00008000   conv_pa_to_meter
00008294   TIMER0_A0_ISR
00008526   BRRX__Scheduler_v
000087aa   test_mode
000089d6   PORT2_ISR
00008bea   set_value
00008dfc   update_pressure_table
00008fd2   mx_time
000091a6   bmp_ps_get_pa
00009334   display_time
000095d4   display_acceleration
0000970e   __fs_sub
00009714   __fs_add
0000983e   display_stopwatch
00009a62   display_counter
00009c62   check_alarm
00009d56   mx_alarm
00009e48   stopwatch_tick
00009f32   init_application
0000a018   mx_temperature
0000a0fe   display_temperature
0000a1d4   do_counter_measurement
0000a2a8   nwk_allocateLocalRxPort
0000a37a   display_chars
0000a448   int_to_array
0000a514   MRFI_Transmit
0000a5da   read_calibration_values
0000a69e   wakeup_event
0000a80c   __fs_mpy
0000a8c2   display_altitude
0000a964   Strobe
0000a9fc   bmp_ps_get_cal_param
0000aa8a   __fs_div
0000aba4   nwk_isConnectionValid
0000ac30   ps_i2c_sda
0000acbc   main
0000ad46   nwk_buildFrame
0000aedc   TIMER0_A1_5_ISR
0000af60   get_numberOfDays
0000afe2   bmp_ps_get_temp
0000b062   BRRX_RadioReceive_v
0000b0e0   nwk_sendAckReply
0000b15c   nwk_QfindSlot
0000b1d2   mrfiRadioInterfaceCmdStrobe
0000b246   display_char
0000b2b8   ps_read_register
0000b32a   battery_measurement
0000b398   adc12_single_conversion
0000b400   init_global_variables
0000b4d0   convert_acceleration_value_to_mgrav
0000b536   bmp_as_start
0000b59a   do_altitude_measurement
0000b5fe   MRFI_RadioIsr
0000b660   cma_ps_get_pa
0000b6c2   as_read_register
0000b722   as_write_register
0000b782   display_alarm
0000b83e   Timer0_A4_Delay
0000b89a   clock_tick
0000b8f6   BRRX__StartNewSearch_v
0000b94e   cma_ps_init
0000b9a6   ps_write_register
0000b9fe   __divul
0000b9fe   __remul
0000ba56   temperature_measurement
0000baae   write_lcd_mem
0000bb06   clear_line
0000bbae   ps_i2c_read
0000bc00   process_requests
0000bc9e   bmp_as_get_data
0000bcec   add_day
0000bd38   button_repeat_function
0000bd84   cma_ps_get_temp
0000bdd0   __fs_toul
0000be1c   cma_as_start
0000be66   __fs_cmp
0000beb0   start_altitude_measurement
0000befa   toggle_buzzer
0000bf44   BR__CalcRandomTimeOffset_u16
0000bf8c   _auto_init
0000bfd4   SetVCoreUp
0000c01a   display_hours
0000c060   __fs_tou
0000c0a6   start_buzzer
0000c0ec   mrfiRadioInterfaceReadReg
0000c174   sx_alarm
0000c1fa   ps_i2c_write
0000c23c   BRRX__NewInfo_v
0000c27c   reset_altitude_measurement
0000c2bc   __divli
0000c2bc   __remli
0000c33a   L_ASR_15
0000c33e   L_ASR_14
0000c342   L_ASR_13
0000c346   L_ASR_12
0000c34a   L_ASR_11
0000c34e   L_ASR_10
0000c352   L_ASR_9
0000c356   L_ASR_8
0000c35a   L_ASR_7
0000c35e   L_ASR_6
0000c362   L_ASR_5
0000c366   L_ASR_4
0000c36a   L_ASR_3
0000c36e   L_ASR_2
0000c372   L_ASR_1
0000c378   L_LSL_15
0000c37c   L_LSL_14
0000c380   L_LSL_13
0000c384   L_LSL_12
0000c388   L_LSL_11
0000c38c   L_LSL_10
0000c390   L_LSL_9
0000c394   L_LSL_8
0000c398   L_LSL_7
0000c39c   L_LSL_6
0000c3a0   L_LSL_5
0000c3a4   L_LSL_4
0000c3a8   L_LSL_3
0000c3ac   L_LSL_2
0000c3b0   L_LSL_1
0000c3b6   L_LSR_15
0000c3ba   L_LSR_14
0000c3be   L_LSR_13
0000c3c2   L_LSR_12
0000c3c6   L_LSR_11
0000c3ca   L_LSR_10
0000c3ce   L_LSR_9
0000c3d2   L_LSR_8
0000c3d6   L_LSR_7
0000c3da   L_LSR_6
0000c3de   L_LSR_5
0000c3e2   L_LSR_4
0000c3e6   L_LSR_3
0000c3ea   L_LSR_2
0000c3ee   L_LSR_1
0000c3f4   BRRX_TimerTask_v
0000c430   as_start
0000c46c   nwk_findPeer
0000c4a8   nwk_getNextConnection
0000c4e4   nwk_isLinkDuplicate
0000c520   update_stopwatch_timer
0000c55c   WriteSingleReg
0000c596   mrfiRadioInterfaceWriteReg
0000c5cc   mrfiRadioInterfaceWriteTxFifo
0000c602   nwk_processMgmt
0000c638   __fs_itof
0000c6d6   BRRX_RadioStop_v
0000c708   as_stop
0000c708   bmp_as_stop
0000c708   cma_as_stop
0000c73a   display_update
0000c76c   mrfiRadioInterfaceReadRxFifo
0000c79e   radio_reset
0000c7d0   __fs_ultof
0000c802   nwk_isValidReply
0000c832   nwk_sendFrame
0000c862   as_init
0000c890   bmp_ps_init
0000c8be   nwk_QadjustOrder
0000c918   cma_as_get_data
0000c970   __divi
0000c970   __remi
0000c9f0   Timer0_A3_Start
0000ca1a   _c_int00
0000ca1a   _c_int00_noexit
0000ca44   lcd_init
0000ca6e   sx_acceleration
0000ca98   do_count
0000cac0   SetVCore
0000cae6   SetVCoreDown
0000cb32   init_buttons
0000cb58   init_pressure_table
0000cb7e   BRRX_GetState_t
0000cba2   nwk_processPing
0000cbc6   ps_init
0000cbea   __fs_utof
0000cc0e   BSP_Delay
0000cc30   display_value
0000cc52   memcmp
0000cc74   nwk_processLink
0000cc96   __mpyl_f5hw
0000ccb8   stop_altitude_measurement
0000ccda   MRFI_RxCompleteISR
0000ccfa   radio_ISR
0000cd1a   do_acceleration_measurement
0000cd3a   reset_clock
0000cd5a   reset_stopwatch
0000cd7a   stop_buzzer
0000cdb8   display_symbol
0000cdd6   memmove
0000ce10   clear_display_all
0000ce2c   convert_m_to_ft
0000ce48   display_am_pm_symbol
0000ce98   ADC12ISR
0000ceb2   stop_stopwatch
0000cecc   ReadSingleReg
0000cee4   convert_C_to_F
0000cefc   convert_hour_to_12H_format
0000cf14   display_all_on
0000cf2c   nwk_processJoin
0000cf44   reset_alarm
0000cf5c   MRFI_RandomByte
0000cf88   button_repeat_on
0000cf9e   display_selection_Timeformat1
0000cfb4   __divu
0000cfb4   __remu
0000cfca   __mpyi_f5hw
0000cfe0   sx_counter
0000cff6   Timer0_Init
0000d00a   countdown_buzzer
0000d01e   display_all_off
0000d032   reset_date
0000d046   convert_F_to_C
0000d058   is_acceleration_measurement
0000d06a   is_altitude_measurement
0000d07c   memcpy
0000d08e   memset
0000d0a0   nwk_getMyAddress
0000d0b2   reset_batt_measurement
0000d0c4   L_ROTL
0000d0d6   L_LSL
0000d0e6   L_LSR
0000d0f6   radio_powerdown
0000d106   sx_time
0000d116   acceleration_value_is_positive
0000d124   bmp_ps_write_register
0000d132   cma_as_read_register
0000d140   is_hour_am
0000d14e   reset_acceleration
0000d15c   reset_counter
0000d16a   set_blink_rate
0000d178   BRRX__GetCurrentTime_u16
0000d184   MRFI_PostKillSem
0000d190   MRFI_Receive
0000d19c   Timer0_Stop
0000d1a8   bmp_ps_read_register
0000d1b4   clear_display
0000d1c0   cma_as_write_register
0000d1cc   cma_ps_read_register
0000d1d8   cma_ps_start
0000d1e4   cma_ps_write_register
0000d1fc   is_counter_measurement
0000d208   is_rf
0000d214   is_temp_measurement
0000d220   mx_counter
0000d22c   nwk_getNumObjectFromMsg
0000d238   update_acceleration
0000d244   update_alarm
0000d250   update_counter
0000d25c   update_temperature
0000d268   BRRX__StopTimer_v
0000d272   button_repeat_off
0000d27c   cma_ps_stop
0000d286   reset_buzzer
0000d290   reset_rf
0000d29a   I_ASR
0000d2a4   I_LSL
0000d2ae   switch_seg
0000d2b8   idle_loop
0000d2b8   to_lpm
0000d2c2   update_time
0000d2cc   BRRX_GetFS_Offset_s8
0000d2d4   Timer0_A3_Stop
0000d2dc   Timer0_Start
0000d2e4   bmp_as_read_register
0000d2ec   bmp_ps_start
0000d2f4   reset_temp_measurement
0000d2fc   stop_alarm
0000d304   clear_blink_mem
0000d30a   nwk_freeConnection
0000d310   start_blink
0000d316   stop_blink
0000d31c   _system_pre_init
0000d320   C$$EXIT
0000d320   abort
0000d324   bmp_as_write_register
0000d328   is_stopwatch
0000d32c   nwk_getMyRxType
0000d330   nwk_getProtocolVersion
0000d334   nwk_processFreq
0000d338   nwk_processSecurity
0000d33c   ps_i2c_delay
0000d340   _nop
0000d342   dummy
0000d344   __etext__
0000d344   etext
0000d344   int_to_array_conversion_table
0000d563   method
0000d564   RandomValue_u8
0000d664   menu_L1_Time
0000d676   menu_L1_Temperature
0000d688   menu_L1_Acceleration
0000d69a   ptrMenu_L2
0000d69c   menu_L1_Counter
0000d6ae   menu_L1_Alarm
0000d70e   lcd_font
0000d73a   segments_bitmask
0000d764   h0
0000d786   p0
0000d7c0   bmp_mgrav_per_bit
0000d7ce   cma_mgrav_per_bit
0000d7e6   selection_Timeformat
0000d7ee   mrfiBroadcastAddr
0000d7f2   BRRX__First_TXCB_t
0000d7f4   BRRX__Last_TXCB_t
0000d7f6   __cinit__
0000d7f6   cinit
0000ffe0   __TI_int48
0000ffea   __TI_int53
0000ffec   __TI_int54
0000ffee   __TI_int55
0000fff0   __TI_int56
0000fffe   _reset_vector
ffffffff   __binit__
ffffffff   __c_args__
ffffffff   __pinit__
ffffffff   binit
ffffffff   pinit

[1127 symbols]
