******************************************************************************
                  MSP430 Linker PC v4.4.3                      
******************************************************************************
>> Linked Wed Nov 21 02:00:40 2018

OUTPUT FILE NAME:   <ez430_chronos_868MHz.out>
ENTRY POINT SYMBOL: "_c_int00_noargs_noexit"  address: 0000cf24


MEMORY CONFIGURATION

         name            origin    length      used     unused   attr    fill
----------------------  --------  ---------  --------  --------  ----  --------
  SFR                   00000000   00000010  00000000  00000010  RWIX
  PERIPHERALS_8BIT      00000010   000000f0  00000000  000000f0  RWIX
  PERIPHERALS_16BIT     00000100   00000100  00000000  00000100  RWIX
  INFOD                 00001800   00000080  00000000  00000080  RWIX
  INFOC                 00001880   00000080  00000000  00000080  RWIX
  INFOB                 00001900   00000080  00000000  00000080  RWIX
  INFOA                 00001980   00000080  00000000  00000080  RWIX
  RAM                   00001c00   00000ffe  000005bc  00000a42  RWIX
  FLASH                 00008000   00007f80  00005a66  0000251a  RWIX
  INT00                 0000ff80   00000002  00000002  00000000  RWIX
  INT01                 0000ff82   00000002  00000002  00000000  RWIX
  INT02                 0000ff84   00000002  00000002  00000000  RWIX
  INT03                 0000ff86   00000002  00000002  00000000  RWIX
  INT04                 0000ff88   00000002  00000002  00000000  RWIX
  INT05                 0000ff8a   00000002  00000002  00000000  RWIX
  INT06                 0000ff8c   00000002  00000002  00000000  RWIX
  INT07                 0000ff8e   00000002  00000002  00000000  RWIX
  INT08                 0000ff90   00000002  00000002  00000000  RWIX
  INT09                 0000ff92   00000002  00000002  00000000  RWIX
  INT10                 0000ff94   00000002  00000002  00000000  RWIX
  INT11                 0000ff96   00000002  00000002  00000000  RWIX
  INT12                 0000ff98   00000002  00000002  00000000  RWIX
  INT13                 0000ff9a   00000002  00000002  00000000  RWIX
  INT14                 0000ff9c   00000002  00000002  00000000  RWIX
  INT15                 0000ff9e   00000002  00000002  00000000  RWIX
  INT16                 0000ffa0   00000002  00000002  00000000  RWIX
  INT17                 0000ffa2   00000002  00000002  00000000  RWIX
  INT18                 0000ffa4   00000002  00000002  00000000  RWIX
  INT19                 0000ffa6   00000002  00000002  00000000  RWIX
  INT20                 0000ffa8   00000002  00000002  00000000  RWIX
  INT21                 0000ffaa   00000002  00000002  00000000  RWIX
  INT22                 0000ffac   00000002  00000002  00000000  RWIX
  INT23                 0000ffae   00000002  00000002  00000000  RWIX
  INT24                 0000ffb0   00000002  00000002  00000000  RWIX
  INT25                 0000ffb2   00000002  00000002  00000000  RWIX
  INT26                 0000ffb4   00000002  00000002  00000000  RWIX
  INT27                 0000ffb6   00000002  00000002  00000000  RWIX
  INT28                 0000ffb8   00000002  00000002  00000000  RWIX
  INT29                 0000ffba   00000002  00000002  00000000  RWIX
  INT30                 0000ffbc   00000002  00000002  00000000  RWIX
  INT31                 0000ffbe   00000002  00000002  00000000  RWIX
  INT32                 0000ffc0   00000002  00000002  00000000  RWIX
  INT33                 0000ffc2   00000002  00000002  00000000  RWIX
  INT34                 0000ffc4   00000002  00000002  00000000  RWIX
  INT35                 0000ffc6   00000002  00000002  00000000  RWIX
  INT36                 0000ffc8   00000002  00000002  00000000  RWIX
  INT37                 0000ffca   00000002  00000002  00000000  RWIX
  INT38                 0000ffcc   00000002  00000002  00000000  RWIX
  INT39                 0000ffce   00000002  00000002  00000000  RWIX
  INT40                 0000ffd0   00000002  00000002  00000000  RWIX
  INT41                 0000ffd2   00000002  00000002  00000000  RWIX
  INT42                 0000ffd4   00000002  00000002  00000000  RWIX
  INT43                 0000ffd6   00000002  00000002  00000000  RWIX
  INT44                 0000ffd8   00000002  00000002  00000000  RWIX
  INT45                 0000ffda   00000002  00000002  00000000  RWIX
  INT46                 0000ffdc   00000002  00000002  00000000  RWIX
  INT47                 0000ffde   00000002  00000002  00000000  RWIX
  INT48                 0000ffe0   00000002  00000002  00000000  RWIX
  INT49                 0000ffe2   00000002  00000002  00000000  RWIX
  INT50                 0000ffe4   00000002  00000002  00000000  RWIX
  INT51                 0000ffe6   00000002  00000002  00000000  RWIX
  INT52                 0000ffe8   00000002  00000002  00000000  RWIX
  INT53                 0000ffea   00000002  00000002  00000000  RWIX
  INT54                 0000ffec   00000002  00000002  00000000  RWIX
  INT55                 0000ffee   00000002  00000002  00000000  RWIX
  INT56                 0000fff0   00000002  00000002  00000000  RWIX
  INT57                 0000fff2   00000002  00000002  00000000  RWIX
  INT58                 0000fff4   00000002  00000002  00000000  RWIX
  INT59                 0000fff6   00000002  00000002  00000000  RWIX
  INT60                 0000fff8   00000002  00000002  00000000  RWIX
  INT61                 0000fffa   00000002  00000002  00000000  RWIX
  INT62                 0000fffc   00000002  00000002  00000000  RWIX
  RESET                 0000fffe   00000002  00000002  00000000  RWIX


SECTION ALLOCATION MAP

 output                                  attributes/
section   page    origin      length       input sections
--------  ----  ----------  ----------   ----------------
.bss       0    00001c00    0000056c     UNINITIALIZED
                  00001c00    000001c6     sha1.obj (.bss)
                  00001dc6    0000008c     nwk_QMgmt.obj (.bss)
                  00001e52    0000005e     display.obj (.bss)
                  00001eb0    00000048     hmac.obj (.bss)
                  00001ef8    00000047     totp.obj (.bss)
                  00001f3f    00000001     as.obj (.bss)
                  00001f40    00000046     rfsimpliciti.obj (.bss)
                  00001f86    00000045     ps.obj (.bss)
                  00001fcb    00000001     main_ED_BM.obj (.bss)
                  00001fcc    0000003c     mrfi.obj (.bss)
                  00002008    0000001d     nwk.obj (.bss)
                  00002025    00000001     nwk_api.obj (.bss)
                  00002026    0000001c     BlueRobin_RX_868MHz.lib : BRRX_Resource.obj (.bss)
                  00002042    0000001a     bmp_ps.obj (.bss)
                  0000205c    00000016     counter.obj (.bss)
                  00002072    00000012     main.obj (.bss)
                  00002084    0000000e     altitude.obj (.bss)
                  00002092    0000000e     clock.obj (.bss)
                  000020a0    0000000e     inactivityMonitor.obj (.bss)
                  000020ae    0000000e     rts430x.lib : tmzone.obj (.bss)
                  000020bc    0000000e     stopwatch.obj (.bss)
                  000020ca    0000000c     BlueRobin_RX_868MHz.lib : BRRX_Scheduler.obj (.bss)
                  000020d6    0000000a                             : BR_Common.obj (.bss)
                  000020e0    0000000a     acceleration.obj (.bss)
                  000020ea    0000000a     alarm.obj (.bss)
                  000020f4    0000000a     nwk_frame.obj (.bss)
                  000020fe    0000000a     nwk_link.obj (.bss)
                  00002108    0000000a     ports.obj (.bss)
                  00002112    00000009     nwk_globals.obj (.bss)
                  0000211b    00000001     nwk_ping.obj (.bss)
                  0000211c    00000009     nwk_join.obj (.bss)
                  00002125    00000001     rfbsl.obj (.bss)
                  00002126    00000008     BlueRobin_RX_868MHz.lib : BRRX_Timer.obj (.bss)
                  0000212e    00000008     battery.obj (.bss)
                  00002136    00000008     buzzer.obj (.bss)
                  0000213e    00000007     timer.obj (.bss)
                  00002145    00000001     --HOLE--
                  00002146    00000006     BlueRobin_RX_868MHz.lib : BRRX_Radio.obj (.bss)
                  0000214c    00000006     date.obj (.bss)
                  00002152    00000006     temperature.obj (.bss)
                  00002158    00000005     BlueRobin_RX_868MHz.lib : BRRX_Packet.obj (.bss)
                  0000215d    00000001     --HOLE--
                  0000215e    00000004                             : BRRX_API.obj (.bss)
                  00002162    00000003     adc12.obj (.bss)
                  00002165    00000001     --HOLE--
                  00002166    00000003     nwk_mgmt.obj (.bss)
                  00002169    00000001     --HOLE--
                  0000216a    00000002     menu.obj (.bss)

.stack     0    00002bac    00000050     UNINITIALIZED
                  00002bac    00000002     rts430x.lib : boot.obj (.stack)
                  00002bae    0000004e     --HOLE--

.text      0    00008000    0000540a     
                  00008000    00000298     timer.obj (.text:_isr:TIMER0_A0_ISR)
                  00008298    00000298     ps.obj (.text:conv_pa_to_meter)
                  00008530    00000284     BlueRobin_RX_868MHz.lib : BRRX_Scheduler.obj (.text:BRRX__Scheduler_v)
                  000087b4    00000232     test.obj (.text:test_mode)
                  000089e6    00000218     ports.obj (.text:_isr:PORT2_ISR)
                  00008bfe    00000206     user.obj (.text:set_value)
                  00008e04    000001da     ps.obj (.text:update_pressure_table)
                  00008fde    000001d4     clock.obj (.text:mx_time)
                  000091b2    0000018e     bmp_ps.obj (.text:bmp_ps_get_pa)
                  00009340    00000166     clock.obj (.text:display_time)
                  000094a6    00000148     nwk_link.obj (.text:smpl_send_link_reply$4)
                  000095ee    0000013a     acceleration.obj (.text:display_acceleration)
                  00009728    00000130     rts430x.lib : fs_add.obj (.text)
                  00009858    00000118     stopwatch.obj (.text:display_stopwatch)
                  00009970    0000010c     BlueRobin_RX_868MHz.lib : BRRX_Scheduler.obj (.text:PacketMissed_v)
                  00009a7c    0000010a     counter.obj (.text:display_counter)
                  00009b86    000000f8     main.obj (.text:init_application)
                  00009c7e    000000f6     mrfi.obj (.text:Mrfi_SyncPinRxIsr$13)
                  00009d74    000000f4     alarm.obj (.text:check_alarm)
                  00009e68    000000f2     alarm.obj (.text:mx_alarm)
                  00009f5a    000000ea     stopwatch.obj (.text:stopwatch_tick)
                  0000a044    000000e6     temperature.obj (.text:mx_temperature)
                  0000a12a    000000d6     temperature.obj (.text:display_temperature)
                  0000a200    000000d2     display.obj (.text:int_to_array)
                  0000a2d2    000000d0     counter.obj (.text:do_counter_measurement)
                  0000a3a2    000000ce     nwk.obj (.text:nwk_allocateLocalRxPort)
                  0000a470    000000cc     display.obj (.text:display_chars)
                  0000a53c    000000c6     mrfi.obj (.text:MRFI_Transmit)
                  0000a602    000000c4     main.obj (.text:read_calibration_values)
                  0000a6c6    000000b8     main.obj (.text:wakeup_event)
                  0000a77e    000000b6     BlueRobin_RX_868MHz.lib : BRRX_Scheduler.obj (.text:SearchPacketHit_u8)
                  0000a834    000000b6     rts430x.lib : fs_mpy.obj (.text)
                  0000a8ea    000000a2     altitude.obj (.text:display_altitude)
                  0000a98c    00000098     rf1a.obj (.text:Strobe)
                  0000aa24    0000008e     bmp_ps.obj (.text:bmp_ps_get_cal_param)
                  0000aab2    0000008e     nwk_frame.obj (.text:dispatchFrame$11)
                  0000ab40    0000008e     nwk.obj (.text:nwk_isConnectionValid)
                  0000abce    0000008e     rts430x.lib : fs_div.obj (.text)
                  0000ac5c    0000008c     main.obj (.text:main)
                  0000ace8    0000008c     ps.obj (.text:ps_i2c_sda)
                  0000ad74    0000008a     nwk_frame.obj (.text:nwk_buildFrame)
                  0000adfe    00000086     BlueRobin_RX_868MHz.lib : BRRX_Scheduler.obj (.text:GetData_v)
                  0000ae84    00000086                             : BRRX_Scheduler.obj (.text:TrimACLK_Offset_v)
                  0000af0a    00000084     timer.obj (.text:_isr:TIMER0_A1_5_ISR)
                  0000af8e    00000082     date.obj (.text:get_numberOfDays)
                  0000b010    00000080     bmp_ps.obj (.text:bmp_ps_get_temp)
                  0000b090    0000007e     BlueRobin_RX_868MHz.lib : BRRX_Radio.obj (.text:BRRX_RadioReceive_v)
                  0000b10e    0000007c     nwk_frame.obj (.text:nwk_sendAckReply)
                  0000b18a    0000007a     display.obj (.text:display_char)
                  0000b204    00000078     nwk_QMgmt.obj (.text:nwk_QfindSlot)
                  0000b27c    00000074     mrfi.obj (.text:mrfiRadioInterfaceCmdStrobe)
                  0000b2f0    00000072     ps.obj (.text:ps_read_register)
                  0000b362    0000006e     battery.obj (.text:battery_measurement)
                  0000b3d0    0000006c     main.obj (.text:init_global_variables)
                  0000b43c    00000068     adc12.obj (.text:adc12_single_conversion)
                  0000b4a4    00000068     nwk_link.obj (.text:smpl_send_unlink_reply$4)
                  0000b50c    00000066     acceleration.obj (.text:convert_acceleration_value_to_mgrav)
                  0000b572    00000064     bmp_as.obj (.text:bmp_as_start)
                  0000b5d6    00000064     altitude.obj (.text:do_altitude_measurement)
                  0000b63a    00000062     mrfi.obj (.text:MRFI_RadioIsr)
                  0000b69c    00000062     cma_ps.obj (.text:cma_ps_get_pa)
                  0000b6fe    00000060     as.obj (.text:as_read_register)
                  0000b75e    00000060     as.obj (.text:as_write_register)
                  0000b7be    00000060     alarm.obj (.text:display_alarm)
                  0000b81e    0000005e     timer.obj (.text:Timer0_A4_Delay)
                  0000b87c    0000005c     BlueRobin_RX_868MHz.lib : BRRX_Scheduler.obj (.text:PrepareForFirstPacket_v)
                  0000b8d8    0000005c     clock.obj (.text:clock_tick)
                  0000b934    0000005c     temperature.obj (.text:temperature_measurement)
                  0000b990    0000005c     display.obj (.text:write_lcd_mem)
                  0000b9ec    00000058     BlueRobin_RX_868MHz.lib : BRRX_Scheduler.obj (.text:BRRX__StartNewSearch_v)
                  0000ba44    00000058     cma_ps.obj (.text:cma_ps_init)
                  0000ba9c    00000058     ps.obj (.text:ps_write_register)
                  0000baf4    00000058     rts430x.lib : div32u.obj (.text)
                  0000bb4c    00000056     display.obj (.text:clear_line)
                  0000bba2    00000054     ps.obj (.text:ps_i2c_read)
                  0000bbf6    00000052     BlueRobin_RX_868MHz.lib : BRRX_Scheduler.obj (.text:TestStartTime_v)
                  0000bc48    00000050     main.obj (.text:process_requests)
                  0000bc98    0000004e     BlueRobin_RX_868MHz.lib : BRRX_Scheduler.obj (.text:SearchPacketCheck_u8)
                  0000bce6    0000004e     bmp_as.obj (.text:bmp_as_get_data)
                  0000bd34    0000004c     date.obj (.text:add_day)
                  0000bd80    0000004c     ports.obj (.text:button_repeat_function)
                  0000bdcc    0000004c     cma_ps.obj (.text:cma_ps_get_temp)
                  0000be18    0000004c     display.obj (.text:display_hours)
                  0000be64    0000004c     rts430x.lib : fs_toul.obj (.text)
                  0000beb0    0000004a                 : autoinit.obj (.text:_auto_init)
                  0000befa    0000004a     cma_as.obj (.text:cma_as_start)
                  0000bf44    0000004a     rts430x.lib : fs_cmp.obj (.text)
                  0000bf8e    0000004a     altitude.obj (.text:start_altitude_measurement)
                  0000bfd8    0000004a     buzzer.obj (.text:toggle_buzzer)
                  0000c022    00000048     BlueRobin_RX_868MHz.lib : BR_Common.obj (.text:BR__CalcRandomTimeOffset_u16)
                  0000c06a    00000048     inactivityMonitor.obj (.text:display_iamonitor)
                  0000c0b2    00000046     pmm.obj (.text:SetVCoreUp)
                  0000c0f8    00000046     rts430x.lib : fs_tou.obj (.text)
                  0000c13e    00000046     buzzer.obj (.text:start_buzzer)
                  0000c184    00000044     mrfi.obj (.text:mrfiRadioInterfaceReadReg)
                  0000c1c8    00000044     nwk_ping.obj (.text:smpl_send_ping_reply$6)
                  0000c20c    00000044     alarm.obj (.text:sx_alarm)
                  0000c250    00000042     mrfi.obj (.text:Mrfi_RxAddrIsFiltered$13)
                  0000c292    00000042     BlueRobin_RX_868MHz.lib : BRRX_Scheduler.obj (.text:PacketHit_u8)
                  0000c2d4    00000040                             : BRRX_API.obj (.text:BRRX__NewInfo_v)
                  0000c314    00000040     ps.obj (.text:ps_i2c_write)
                  0000c354    00000040     altitude.obj (.text:reset_altitude_measurement)
                  0000c394    00000040     rts430x.lib : div32s.obj (.text)
                  0000c3d4    0000003e                 : asr32.obj (.text:l_asr_const)
                  0000c412    0000003e                 : lsl32.obj (.text:l_lsl_const)
                  0000c450    0000003e                 : lsr32.obj (.text:l_lsr_const)
                  0000c48e    0000003c     BlueRobin_RX_868MHz.lib : BRRX_Timer.obj (.text:BRRX_TimerTask_v)
                  0000c4ca    0000003c     as.obj (.text:as_start)
                  0000c506    0000003c     nwk.obj (.text:nwk_findPeer)
                  0000c542    0000003c     nwk.obj (.text:nwk_isLinkDuplicate)
                  0000c57e    0000003c     stopwatch.obj (.text:update_stopwatch_timer)
                  0000c5ba    0000003a     rf1a.obj (.text:WriteSingleReg)
                  0000c5f4    00000038     nwk.obj (.text:nwk_getNextConnection)
                  0000c62c    00000036     mrfi.obj (.text:mrfiRadioInterfaceWriteReg)
                  0000c662    00000036     mrfi.obj (.text:mrfiRadioInterfaceWriteTxFifo)
                  0000c698    00000036     nwk_mgmt.obj (.text:nwk_processMgmt)
                  0000c6ce    00000036     rts430x.lib : fs_itof.obj (.text)
                  0000c704    00000034     BlueRobin_RX_868MHz.lib : BRRX_Scheduler.obj (.text:TrimRFCLK_Offset_v)
                  0000c738    00000034     nwk.obj (.text:initializeConnection$8)
                  0000c76c    00000034     radio.obj (.text:radio_reset)
                  0000c7a0    00000032     BlueRobin_RX_868MHz.lib : BRRX_Radio.obj (.text:BRRX_RadioStop_v)
                  0000c7d2    00000032     as.obj (.text:as_stop)
                  0000c804    00000032     main.obj (.text:display_update)
                  0000c836    00000032     mrfi.obj (.text:mrfiRadioInterfaceReadRxFifo)
                  0000c868    00000032     rts430x.lib : fs_ultof.obj (.text)
                  0000c89a    00000030     nwk.obj (.text:nwk_isValidReply)
                  0000c8ca    00000030     nwk_frame.obj (.text:nwk_sendFrame)
                  0000c8fa    0000002e     as.obj (.text:as_init)
                  0000c928    0000002e     bmp_ps.obj (.text:bmp_ps_init)
                  0000c956    0000002e     nwk.obj (.text:map_lid2idx$8)
                  0000c984    0000002e     nwk_QMgmt.obj (.text:nwk_QadjustOrder)
                  0000c9b2    0000002c     mrfi.obj (.text:Mrfi_RxModeOff$13)
                  0000c9de    0000002c     cma_as.obj (.text:cma_as_get_data)
                  0000ca0a    0000002c     rts430x.lib : div16s.obj (.text)
                  0000ca36    0000002a     mrfi.obj (.text:Mrfi_CalculateRssi$13)
                  0000ca60    0000002a     BlueRobin_RX_868MHz.lib : BRRX_Scheduler.obj (.text:SearchPacketMissed_u8)
                  0000ca8a    0000002a     timer.obj (.text:Timer0_A3_Start)
                  0000cab4    0000002a     display.obj (.text:lcd_init)
                  0000cade    0000002a     acceleration.obj (.text:sx_acceleration)
                  0000cb08    00000028     counter.obj (.text:do_count)
                  0000cb30    00000026     pmm.obj (.text:SetVCore)
                  0000cb56    00000026     pmm.obj (.text:SetVCoreDown)
                  0000cb7c    00000026     nwk_link.obj (.text:handleLinkRequest$4)
                  0000cba2    00000026     ports.obj (.text:init_buttons)
                  0000cbc8    00000026     ps.obj (.text:init_pressure_table)
                  0000cbee    00000024     BlueRobin_RX_868MHz.lib : BRRX_API.obj (.text:BRRX_GetState_t)
                  0000cc12    00000024     nwk_ping.obj (.text:nwk_processPing)
                  0000cc36    00000024     ps.obj (.text:ps_init)
                  0000cc5a    00000024     rts430x.lib : fs_utof.obj (.text)
                  0000cc7e    00000022     bsp.obj (.text:BSP_Delay)
                  0000cca0    00000022     display.obj (.text:display_value)
                  0000ccc2    00000022     rts430x.lib : memcmp.obj (.text:memcmp)
                  0000cce4    00000022     nwk_link.obj (.text:nwk_processLink)
                  0000cd06    00000022     rts430x.lib : mult32_f5hw.obj (.text)
                  0000cd28    00000022     altitude.obj (.text:stop_altitude_measurement)
                  0000cd4a    00000020     nwk_frame.obj (.text:MRFI_RxCompleteISR)
                  0000cd6a    00000020     radio.obj (.text:_isr:radio_ISR)
                  0000cd8a    00000020     acceleration.obj (.text:do_acceleration_measurement)
                  0000cdaa    00000020     clock.obj (.text:reset_clock)
                  0000cdca    00000020     stopwatch.obj (.text:reset_stopwatch)
                  0000cdea    00000020     buzzer.obj (.text:stop_buzzer)
                  0000ce0a    0000001e     BlueRobin_RX_868MHz.lib : BRRX_Timer.obj (.text:SetAbsoluteTimer_v)
                  0000ce28    0000001e     display.obj (.text:display_symbol)
                  0000ce46    0000001e     rts430x.lib : memmov.obj (.text:memmove)
                  0000ce64    0000001c     mrfi.obj (.text:Mrfi_DelayUsec$13)
                  0000ce80    0000001c     mrfi.obj (.text:Mrfi_RandomBackoffDelay$13)
                  0000ce9c    0000001c     display.obj (.text:clear_display_all)
                  0000ceb8    0000001c     altitude.obj (.text:convert_m_to_ft)
                  0000ced4    0000001c     display.obj (.text:display_am_pm_symbol)
                  0000cef0    0000001a     BlueRobin_RX_868MHz.lib : BRRX_Scheduler.obj (.text:GetPacketTolerance_u8)
                  0000cf0a    0000001a     adc12.obj (.text:_isr:ADC12ISR)
                  0000cf24    0000001a     rts430x.lib : boot_special.obj (.text:_isr:_c_int00_noargs_noexit)
                  0000cf3e    0000001a     stopwatch.obj (.text:stop_stopwatch)
                  0000cf58    00000018     rf1a.obj (.text:ReadSingleReg)
                  0000cf70    00000018     temperature.obj (.text:convert_C_to_F)
                  0000cf88    00000018     clock.obj (.text:convert_hour_to_12H_format)
                  0000cfa0    00000018     test.obj (.text:display_all_on)
                  0000cfb8    00000018     nwk_join.obj (.text:nwk_processJoin)
                  0000cfd0    00000018     alarm.obj (.text:reset_alarm)
                  0000cfe8    00000016     mrfi.obj (.text:MRFI_RandomByte)
                  0000cffe    00000016     mrfi.obj (.text:Mrfi_RxModeOn$13)
                  0000d014    00000016     ports.obj (.text:button_repeat_on)
                  0000d02a    00000016     clock.obj (.text:display_selection_Timeformat1)
                  0000d040    00000016     rts430x.lib : div16u.obj (.text)
                  0000d056    00000016                 : mult16_f5hw.obj (.text)
                  0000d06c    00000016     counter.obj (.text:sx_counter)
                  0000d082    00000014     timer.obj (.text:Timer0_Init)
                  0000d096    00000014     buzzer.obj (.text:countdown_buzzer)
                  0000d0aa    00000014     test.obj (.text:display_all_off)
                  0000d0be    00000014     date.obj (.text:reset_date)
                  0000d0d2    00000012     temperature.obj (.text:convert_F_to_C)
                  0000d0e4    00000012     acceleration.obj (.text:is_acceleration_measurement)
                  0000d0f6    00000012     altitude.obj (.text:is_altitude_measurement)
                  0000d108    00000012     rts430x.lib : memcpy.obj (.text:memcpy)
                  0000d11a    00000012                 : memset.obj (.text:memset)
                  0000d12c    00000012     nwk_globals.obj (.text:nwk_getMyAddress)
                  0000d13e    00000012     battery.obj (.text:reset_batt_measurement)
                  0000d150    00000012     rts430x.lib : rotl32.obj (.text)
                  0000d162    00000010                 : lsl32.obj (.text:l_lsl)
                  0000d172    00000010                 : lsr32.obj (.text:l_lsr)
                  0000d182    00000010     radio.obj (.text:radio_powerdown)
                  0000d192    00000010     clock.obj (.text:sx_time)
                  0000d1a2    0000000e     acceleration.obj (.text:acceleration_value_is_positive)
                  0000d1b0    0000000e     bmp_ps.obj (.text:bmp_ps_write_register)
                  0000d1be    0000000e     cma_as.obj (.text:cma_as_read_register)
                  0000d1cc    0000000e     clock.obj (.text:is_hour_am)
                  0000d1da    0000000e     acceleration.obj (.text:reset_acceleration)
                  0000d1e8    0000000e     counter.obj (.text:reset_counter)
                  0000d1f6    0000000e     display.obj (.text:set_blink_rate)
                  0000d204    0000000e     inactivityMonitor.obj (.text:sx_iamonitor)
                  0000d212    0000000c     BlueRobin_RX_868MHz.lib : BRRX_Timer.obj (.text:BRRX__GetCurrentTime_u16)
                  0000d21e    0000000c     mrfi.obj (.text:MRFI_PostKillSem)
                  0000d22a    0000000c     mrfi.obj (.text:MRFI_Receive)
                  0000d236    0000000c     timer.obj (.text:Timer0_Stop)
                  0000d242    0000000c     bmp_ps.obj (.text:bmp_ps_read_register)
                  0000d24e    0000000c     display.obj (.text:clear_display)
                  0000d25a    0000000c     cma_as.obj (.text:cma_as_write_register)
                  0000d266    0000000c     cma_ps.obj (.text:cma_ps_read_register)
                  0000d272    0000000c     cma_ps.obj (.text:cma_ps_start)
                  0000d27e    0000000c     cma_ps.obj (.text:cma_ps_write_register)
                  0000d28a    0000000c     inactivityMonitor.obj (.text:do_iamonitor)
                  0000d296    0000000c     nwk_ping.obj (.text:handlePingRequest$6)
                  0000d2a2    0000000c     counter.obj (.text:is_counter_measurement)
                  0000d2ae    0000000c     rfsimpliciti.obj (.text:is_rf)
                  0000d2ba    0000000c     temperature.obj (.text:is_temp_measurement)
                  0000d2c6    0000000c     counter.obj (.text:mx_counter)
                  0000d2d2    0000000c     nwk.obj (.text:nwk_getNumObjectFromMsg)
                  0000d2de    0000000c     main.obj (.text:to_lpm)
                  0000d2ea    0000000c     menu.obj (.text:update_acceleration)
                  0000d2f6    0000000c     menu.obj (.text:update_alarm)
                  0000d302    0000000c     menu.obj (.text:update_counter)
                  0000d30e    0000000c     menu.obj (.text:update_iamonitor)
                  0000d31a    0000000c     menu.obj (.text:update_temperature)
                  0000d326    0000000a     BlueRobin_RX_868MHz.lib : BRRX_Timer.obj (.text:BRRX__StopTimer_v)
                  0000d330    0000000a     bmp_as.obj (.text:bmp_as_read_register)
                  0000d33a    0000000a     ports.obj (.text:button_repeat_off)
                  0000d344    0000000a     cma_ps.obj (.text:cma_ps_stop)
                  0000d34e    0000000a     buzzer.obj (.text:reset_buzzer)
                  0000d358    0000000a     inactivityMonitor.obj (.text:reset_iamonitor)
                  0000d362    0000000a     rfsimpliciti.obj (.text:reset_rf)
                  0000d36c    0000000a     rts430x.lib : asr16.obj (.text)
                  0000d376    0000000a                 : lsl16.obj (.text)
                  0000d380    0000000a     display.obj (.text:switch_seg)
                  0000d38a    0000000a     menu.obj (.text:update_time)
                  0000d394    00000008     BlueRobin_RX_868MHz.lib : BRRX_Radio.obj (.text:BRRX_GetFS_Offset_s8)
                  0000d39c    00000008     timer.obj (.text:Timer0_A3_Stop)
                  0000d3a4    00000008     timer.obj (.text:Timer0_Start)
                  0000d3ac    00000008     bmp_ps.obj (.text:bmp_ps_start)
                  0000d3b4    00000008     temperature.obj (.text:reset_temp_measurement)
                  0000d3bc    00000008     alarm.obj (.text:stop_alarm)
                  0000d3c4    00000006     rts430x.lib : isr_trap.obj (.text:_isr:__TI_ISR_TRAP)
                  0000d3ca    00000006     display.obj (.text:clear_blink_mem)
                  0000d3d0    00000006     nwk.obj (.text:nwk_freeConnection)
                  0000d3d6    00000006     display.obj (.text:start_blink)
                  0000d3dc    00000006     display.obj (.text:stop_blink)
                  0000d3e2    00000004     rts430x.lib : pre_init.obj (.text:_system_pre_init)
                  0000d3e6    00000004                 : exit.obj (.text:abort)
                  0000d3ea    00000004     bmp_as.obj (.text:bmp_as_write_register)
                  0000d3ee    00000004     stopwatch.obj (.text:is_stopwatch)
                  0000d3f2    00000004     nwk_frame.obj (.text:nwk_getMyRxType)
                  0000d3f6    00000004     nwk_globals.obj (.text:nwk_getProtocolVersion)
                  0000d3fa    00000004     nwk_freq.obj (.text:nwk_processFreq)
                  0000d3fe    00000004     nwk_security.obj (.text:nwk_processSecurity)
                  0000d402    00000004     ps.obj (.text:ps_i2c_delay)
                  0000d406    00000002     user.obj (.text:dummy)
                  0000d408    00000002     inactivityMonitor.obj (.text:mx_iamonitor)

.const     0    0000d40a    000004ce     
                  0000d40a    0000021f     display.obj (.const:int_to_array_conversion_table)
                  0000d629    00000001     mrfi.obj (.const)
                  0000d62a    00000100     BlueRobin_RX_868MHz.lib : BR_Common.obj (.const:RandomValue_u8)
                  0000d72a    0000006e     menu.obj (.const)
                  0000d798    00000058     <whole-program> (.const:.string)
                  0000d7f0    0000002b     display.obj (.const:.string:lcd_font)
                  0000d81b    00000001     nwk_frame.obj (.const)
                  0000d81c    0000002a     display.obj (.const:.string:segments_bitmask)
                  0000d846    00000022     ps.obj (.const:h0)
                  0000d868    00000022     ps.obj (.const:p0)
                  0000d88a    00000018     nwk_frame.obj (.const:func$11)
                  0000d8a2    0000000e     acceleration.obj (.const:bmp_mgrav_per_bit)
                  0000d8b0    0000000e     acceleration.obj (.const:cma_mgrav_per_bit)
                  0000d8be    00000009     nwk_globals.obj (.const)
                  0000d8c7    00000001     --HOLE-- [fill = 0]
                  0000d8c8    00000008     clock.obj (.const:selection_Timeformat)
                  0000d8d0    00000004     mrfi.obj (.const:.string:mrfiBroadcastAddr)
                  0000d8d4    00000004     BlueRobin_RX_868MHz.lib : BRRX_Resource.obj (.const)

.cinit     0    0000d8d8    0000018e     
                  0000d8d8    00000144     <whole-program> (.cinit)
                  0000da1c    00000017     BlueRobin_RX_868MHz.lib : BRRX_Scheduler.obj (.cinit)
                  0000da33    00000001     --HOLE-- [fill = 0]
                  0000da34    00000017                             : BRRX_Timer.obj (.cinit)
                  0000da4b    00000001     --HOLE-- [fill = 0]
                  0000da4c    0000000c                             : BRRX_Radio.obj (.cinit)
                  0000da58    0000000b                             : BRRX_Packet.obj (.cinit)
                  0000da63    00000001     --HOLE-- [fill = 0]
                  0000da64    00000002     (.pad.cinit) [fill = 0]

.pinit     0    00008000    00000000     UNINITIALIZED

.int00     0    0000ff80    00000002     
                  0000ff80    00000002     rts430x.lib : int00.obj (.int00)

.int01     0    0000ff82    00000002     
                  0000ff82    00000002     rts430x.lib : int01.obj (.int01)

.int02     0    0000ff84    00000002     
                  0000ff84    00000002     rts430x.lib : int02.obj (.int02)

.int03     0    0000ff86    00000002     
                  0000ff86    00000002     rts430x.lib : int03.obj (.int03)

.int04     0    0000ff88    00000002     
                  0000ff88    00000002     rts430x.lib : int04.obj (.int04)

.int05     0    0000ff8a    00000002     
                  0000ff8a    00000002     rts430x.lib : int05.obj (.int05)

.int06     0    0000ff8c    00000002     
                  0000ff8c    00000002     rts430x.lib : int06.obj (.int06)

.int07     0    0000ff8e    00000002     
                  0000ff8e    00000002     rts430x.lib : int07.obj (.int07)

.int08     0    0000ff90    00000002     
                  0000ff90    00000002     rts430x.lib : int08.obj (.int08)

.int09     0    0000ff92    00000002     
                  0000ff92    00000002     rts430x.lib : int09.obj (.int09)

.int10     0    0000ff94    00000002     
                  0000ff94    00000002     rts430x.lib : int10.obj (.int10)

.int11     0    0000ff96    00000002     
                  0000ff96    00000002     rts430x.lib : int11.obj (.int11)

.int12     0    0000ff98    00000002     
                  0000ff98    00000002     rts430x.lib : int12.obj (.int12)

.int13     0    0000ff9a    00000002     
                  0000ff9a    00000002     rts430x.lib : int13.obj (.int13)

.int14     0    0000ff9c    00000002     
                  0000ff9c    00000002     rts430x.lib : int14.obj (.int14)

.int15     0    0000ff9e    00000002     
                  0000ff9e    00000002     rts430x.lib : int15.obj (.int15)

.int16     0    0000ffa0    00000002     
                  0000ffa0    00000002     rts430x.lib : int16.obj (.int16)

.int17     0    0000ffa2    00000002     
                  0000ffa2    00000002     rts430x.lib : int17.obj (.int17)

.int18     0    0000ffa4    00000002     
                  0000ffa4    00000002     rts430x.lib : int18.obj (.int18)

.int19     0    0000ffa6    00000002     
                  0000ffa6    00000002     rts430x.lib : int19.obj (.int19)

.int20     0    0000ffa8    00000002     
                  0000ffa8    00000002     rts430x.lib : int20.obj (.int20)

.int21     0    0000ffaa    00000002     
                  0000ffaa    00000002     rts430x.lib : int21.obj (.int21)

.int22     0    0000ffac    00000002     
                  0000ffac    00000002     rts430x.lib : int22.obj (.int22)

.int23     0    0000ffae    00000002     
                  0000ffae    00000002     rts430x.lib : int23.obj (.int23)

.int24     0    0000ffb0    00000002     
                  0000ffb0    00000002     rts430x.lib : int24.obj (.int24)

.int25     0    0000ffb2    00000002     
                  0000ffb2    00000002     rts430x.lib : int25.obj (.int25)

.int26     0    0000ffb4    00000002     
                  0000ffb4    00000002     rts430x.lib : int26.obj (.int26)

.int27     0    0000ffb6    00000002     
                  0000ffb6    00000002     rts430x.lib : int27.obj (.int27)

.int28     0    0000ffb8    00000002     
                  0000ffb8    00000002     rts430x.lib : int28.obj (.int28)

.int29     0    0000ffba    00000002     
                  0000ffba    00000002     rts430x.lib : int29.obj (.int29)

.int30     0    0000ffbc    00000002     
                  0000ffbc    00000002     rts430x.lib : int30.obj (.int30)

.int31     0    0000ffbe    00000002     
                  0000ffbe    00000002     rts430x.lib : int31.obj (.int31)

.int32     0    0000ffc0    00000002     
                  0000ffc0    00000002     rts430x.lib : int32.obj (.int32)

.int33     0    0000ffc2    00000002     
                  0000ffc2    00000002     rts430x.lib : int33.obj (.int33)

.int34     0    0000ffc4    00000002     
                  0000ffc4    00000002     rts430x.lib : int34.obj (.int34)

.int35     0    0000ffc6    00000002     
                  0000ffc6    00000002     rts430x.lib : int35.obj (.int35)

.int36     0    0000ffc8    00000002     
                  0000ffc8    00000002     rts430x.lib : int36.obj (.int36)

.int37     0    0000ffca    00000002     
                  0000ffca    00000002     rts430x.lib : int37.obj (.int37)

.int38     0    0000ffcc    00000002     
                  0000ffcc    00000002     rts430x.lib : int38.obj (.int38)

.int39     0    0000ffce    00000002     
                  0000ffce    00000002     rts430x.lib : int39.obj (.int39)

.int40     0    0000ffd0    00000002     
                  0000ffd0    00000002     rts430x.lib : int40.obj (.int40)

.int41     0    0000ffd2    00000002     
                  0000ffd2    00000002     rts430x.lib : int41.obj (.int41)

.int42     0    0000ffd4    00000002     
                  0000ffd4    00000002     rts430x.lib : int42.obj (.int42)

.int43     0    0000ffd6    00000002     
                  0000ffd6    00000002     rts430x.lib : int43.obj (.int43)

.int44     0    0000ffd8    00000002     
                  0000ffd8    00000002     rts430x.lib : int44.obj (.int44)

.int45     0    0000ffda    00000002     
                  0000ffda    00000002     rts430x.lib : int45.obj (.int45)

.int46     0    0000ffdc    00000002     
                  0000ffdc    00000002     rts430x.lib : int46.obj (.int46)

.int47     0    0000ffde    00000002     
                  0000ffde    00000002     rts430x.lib : int47.obj (.int47)

.int48     0    0000ffe0    00000002     
                  0000ffe0    00000002     <whole-program> (.int48)

.int49     0    0000ffe2    00000002     
                  0000ffe2    00000002     rts430x.lib : int49.obj (.int49)

.int50     0    0000ffe4    00000002     
                  0000ffe4    00000002     rts430x.lib : int50.obj (.int50)

.int51     0    0000ffe6    00000002     
                  0000ffe6    00000002     rts430x.lib : int51.obj (.int51)

.int52     0    0000ffe8    00000002     
                  0000ffe8    00000002     rts430x.lib : int52.obj (.int52)

.int53     0    0000ffea    00000002     
                  0000ffea    00000002     radio.obj (.int53)

.int54     0    0000ffec    00000002     
                  0000ffec    00000002     <whole-program> (.int54)

.int55     0    0000ffee    00000002     
                  0000ffee    00000002     <whole-program> (.int55)

.int56     0    0000fff0    00000002     
                  0000fff0    00000002     <whole-program> (.int56)

.int57     0    0000fff2    00000002     
                  0000fff2    00000002     rts430x.lib : int57.obj (.int57)

.int58     0    0000fff4    00000002     
                  0000fff4    00000002     rts430x.lib : int58.obj (.int58)

.int59     0    0000fff6    00000002     
                  0000fff6    00000002     rts430x.lib : int59.obj (.int59)

.int60     0    0000fff8    00000002     
                  0000fff8    00000002     rts430x.lib : int60.obj (.int60)

.int61     0    0000fffa    00000002     
                  0000fffa    00000002     rts430x.lib : int61.obj (.int61)

.int62     0    0000fffc    00000002     
                  0000fffc    00000002     rts430x.lib : int62.obj (.int62)

.reset     0    0000fffe    00000002     
                  0000fffe    00000002     rts430x.lib : boot.obj (.reset)


GLOBAL SYMBOLS: SORTED ALPHABETICALLY BY Name 

address   name                               
-------   ----                               
00001c00  .bss                               
00008000  .text                              
00001c70  A                                  
00000700  ADC12CTL0                          
00000701  ADC12CTL0_H                        
00000700  ADC12CTL0_L                        
00000702  ADC12CTL1                          
00000703  ADC12CTL1_H                        
00000702  ADC12CTL1_L                        
00000704  ADC12CTL2                          
00000705  ADC12CTL2_H                        
00000704  ADC12CTL2_L                        
0000070c  ADC12IE                            
0000070d  ADC12IE_H                          
0000070c  ADC12IE_L                          
0000070a  ADC12IFG                           
0000070b  ADC12IFG_H                         
0000070a  ADC12IFG_L                         
0000cf0a  ADC12ISR                           
0000070e  ADC12IV                            
0000070f  ADC12IV_H                          
0000070e  ADC12IV_L                          
00000710  ADC12MCTL0                         
00000711  ADC12MCTL1                         
0000071a  ADC12MCTL10                        
0000071b  ADC12MCTL11                        
0000071c  ADC12MCTL12                        
0000071d  ADC12MCTL13                        
0000071e  ADC12MCTL14                        
0000071f  ADC12MCTL15                        
00000712  ADC12MCTL2                         
00000713  ADC12MCTL3                         
00000714  ADC12MCTL4                         
00000715  ADC12MCTL5                         
00000716  ADC12MCTL6                         
00000717  ADC12MCTL7                         
00000718  ADC12MCTL8                         
00000719  ADC12MCTL9                         
00000720  ADC12MEM0                          
00000721  ADC12MEM0_H                        
00000720  ADC12MEM0_L                        
00000722  ADC12MEM1                          
00000734  ADC12MEM10                         
00000735  ADC12MEM10_H                       
00000734  ADC12MEM10_L                       
00000736  ADC12MEM11                         
00000737  ADC12MEM11_H                       
00000736  ADC12MEM11_L                       
00000738  ADC12MEM12                         
00000739  ADC12MEM12_H                       
00000738  ADC12MEM12_L                       
0000073a  ADC12MEM13                         
0000073b  ADC12MEM13_H                       
0000073a  ADC12MEM13_L                       
0000073c  ADC12MEM14                         
0000073d  ADC12MEM14_H                       
0000073c  ADC12MEM14_L                       
0000073e  ADC12MEM15                         
0000073f  ADC12MEM15_H                       
0000073e  ADC12MEM15_L                       
00000723  ADC12MEM1_H                        
00000722  ADC12MEM1_L                        
00000724  ADC12MEM2                          
00000725  ADC12MEM2_H                        
00000724  ADC12MEM2_L                        
00000726  ADC12MEM3                          
00000727  ADC12MEM3_H                        
00000726  ADC12MEM3_L                        
00000728  ADC12MEM4                          
00000729  ADC12MEM4_H                        
00000728  ADC12MEM4_L                        
0000072a  ADC12MEM5                          
0000072b  ADC12MEM5_H                        
0000072a  ADC12MEM5_L                        
0000072c  ADC12MEM6                          
0000072d  ADC12MEM6_H                        
0000072c  ADC12MEM6_L                        
0000072e  ADC12MEM7                          
0000072f  ADC12MEM7_H                        
0000072e  ADC12MEM7_L                        
00000730  ADC12MEM8                          
00000731  ADC12MEM8_H                        
00000730  ADC12MEM8_L                        
00000732  ADC12MEM9                          
00000733  ADC12MEM9_H                        
00000732  ADC12MEM9_L                        
000009c0  AESACTL0                           
000009c1  AESACTL0_H                         
000009c0  AESACTL0_L                         
000009c8  AESADIN                            
000009c9  AESADIN_H                          
000009c8  AESADIN_L                          
000009ca  AESADOUT                           
000009cb  AESADOUT_H                         
000009ca  AESADOUT_L                         
000009c6  AESAKEY                            
000009c7  AESAKEY_H                          
000009c6  AESAKEY_L                          
000009c4  AESASTAT                           
000009c5  AESASTAT_H                         
000009c4  AESASTAT_L                         
00001c74  B                                  
0000d394  BRRX_GetFS_Offset_s8               
0000cbee  BRRX_GetState_t                    
0000b090  BRRX_RadioReceive_v                
0000c7a0  BRRX_RadioStop_v                   
0000c48e  BRRX_TimerTask_v                   
0000215a  BRRX__CurrentPacketTime_u16        
0000215c  BRRX__CurrentSignalLevel_u8        
0000d8d4  BRRX__First_TXCB_t                 
0000d212  BRRX__GetCurrentTime_u16           
0000d8d6  BRRX__Last_TXCB_t                  
000020d2  BRRX__MaxSearchTries_u8            
0000c2d4  BRRX__NewInfo_v                    
00002128  BRRX__NextEndTime_u16              
00002126  BRRX__NextEventTime_u16            
0000212b  BRRX__NextFrequencyOffset_s8       
0000212a  BRRX__NextFrequency_u8             
000020d6  BRRX__PacketBits_t                 
000020d0  BRRX__PowerdownDelay_u8            
00008530  BRRX__Scheduler_v                  
000020d3  BRRX__SearchRatio_u8               
000020d1  BRRX__SignalLevelReduction         
0000b9ec  BRRX__StartNewSearch_v             
00002158  BRRX__StatusFlags_t                
0000d326  BRRX__StopTimer_v                  
00002026  BRRX__TXCB_t                       
000020d4  BRRX__TestMode_u8                  
0000212c  BRRX__TimerState_t                 
0000c022  BR__CalcRandomTimeOffset_u16       
0000cc7e  BSP_Delay                          
00001c78  C                                  
0000d3e6  C$$EXIT                            
000008c0  CBCTL0                             
000008c1  CBCTL0_H                           
000008c0  CBCTL0_L                           
000008c2  CBCTL1                             
000008c3  CBCTL1_H                           
000008c2  CBCTL1_L                           
000008c4  CBCTL2                             
000008c5  CBCTL2_H                           
000008c4  CBCTL2_L                           
000008c6  CBCTL3                             
000008c7  CBCTL3_H                           
000008c6  CBCTL3_L                           
000008cc  CBINT                              
000008cd  CBINT_H                            
000008cc  CBINT_L                            
000008ce  CBIV                               
00000150  CRCDI                              
00000151  CRCDI_H                            
00000150  CRCDI_L                            
00000154  CRCINIRES                          
00000155  CRCINIRES_H                        
00000154  CRCINIRES_L                        
00001c7c  D                                  
00000510  DMA0CTL                            
00000511  DMA0CTL_H                          
00000510  DMA0CTL_L                          
00000516  DMA0DA                             
00000518  DMA0DAH                            
00000516  DMA0DAL                            
00000512  DMA0SA                             
00000514  DMA0SAH                            
00000512  DMA0SAL                            
0000051a  DMA0SZ                             
00000520  DMA1CTL                            
00000521  DMA1CTL_H                          
00000520  DMA1CTL_L                          
00000526  DMA1DA                             
00000528  DMA1DAH                            
00000526  DMA1DAL                            
00000522  DMA1SA                             
00000524  DMA1SAH                            
00000522  DMA1SAL                            
0000052a  DMA1SZ                             
00000530  DMA2CTL                            
00000531  DMA2CTL_H                          
00000530  DMA2CTL_L                          
00000536  DMA2DA                             
00000538  DMA2DAH                            
00000536  DMA2DAL                            
00000532  DMA2SA                             
00000534  DMA2SAH                            
00000532  DMA2SAL                            
0000053a  DMA2SZ                             
00000500  DMACTL0                            
00000501  DMACTL0_H                          
00000500  DMACTL0_L                          
00000502  DMACTL1                            
00000503  DMACTL1_H                          
00000502  DMACTL1_L                          
00000504  DMACTL2                            
00000505  DMACTL2_H                          
00000504  DMACTL2_L                          
00000506  DMACTL3                            
00000507  DMACTL3_H                          
00000506  DMACTL3_L                          
00000508  DMACTL4                            
00000509  DMACTL4_H                          
00000508  DMACTL4_L                          
0000050e  DMAIV                              
0000050f  DMAIV_H                            
0000050e  DMAIV_L                            
00001c80  E                                  
00000140  FCTL1                              
00000141  FCTL1_H                            
00000140  FCTL1_L                            
00000144  FCTL3                              
00000145  FCTL3_H                            
00000144  FCTL3_L                            
00000146  FCTL4                              
00000147  FCTL4_H                            
00000146  FCTL4_L                            
0000d36c  I_ASR                              
0000d376  I_LSL                              
00000a04  LCDBBLKCTL                         
00000a05  LCDBBLKCTL_H                       
00000a04  LCDBBLKCTL_L                       
00000a12  LCDBCPCTL                          
00000a13  LCDBCPCTL_H                        
00000a12  LCDBCPCTL_L                        
00000a00  LCDBCTL0                           
00000a01  LCDBCTL0_H                         
00000a00  LCDBCTL0_L                         
00000a02  LCDBCTL1                           
00000a03  LCDBCTL1_H                         
00000a02  LCDBCTL1_L                         
00000a1e  LCDBIV                             
00000a40  LCDBM1                             
00000a49  LCDBM10                            
00000a4a  LCDBM11                            
00000a4b  LCDBM12                            
00000a4c  LCDBM13                            
00000a4d  LCDBM14                            
00000a4e  LCDBM15                            
00000a4f  LCDBM16                            
00000a50  LCDBM17                            
00000a51  LCDBM18                            
00000a52  LCDBM19                            
00000a41  LCDBM2                             
00000a53  LCDBM20                            
00000a54  LCDBM21                            
00000a55  LCDBM22                            
00000a56  LCDBM23                            
00000a57  LCDBM24                            
00000a42  LCDBM3                             
00000a43  LCDBM4                             
00000a44  LCDBM5                             
00000a45  LCDBM6                             
00000a46  LCDBM7                             
00000a47  LCDBM8                             
00000a48  LCDBM9                             
00000a06  LCDBMEMCTL                         
00000a07  LCDBMEMCTL_H                       
00000a06  LCDBMEMCTL_L                       
00000a0a  LCDBPCTL0                          
00000a0b  LCDBPCTL0_H                        
00000a0a  LCDBPCTL0_L                        
00000a0c  LCDBPCTL1                          
00000a0d  LCDBPCTL1_H                        
00000a0c  LCDBPCTL1_L                        
00000a0e  LCDBPCTL2                          
00000a0f  LCDBPCTL2_H                        
00000a0e  LCDBPCTL2_L                        
00000a10  LCDBPCTL3                          
00000a11  LCDBPCTL3_H                        
00000a10  LCDBPCTL3_L                        
00000a08  LCDBVCTL                           
00000a09  LCDBVCTL_H                         
00000a08  LCDBVCTL_L                         
00000a20  LCDM1                              
00000a29  LCDM10                             
00000a2a  LCDM11                             
00000a2b  LCDM12                             
00000a2c  LCDM13                             
00000a2d  LCDM14                             
00000a2e  LCDM15                             
00000a2f  LCDM16                             
00000a30  LCDM17                             
00000a31  LCDM18                             
00000a32  LCDM19                             
00000a21  LCDM2                              
00000a33  LCDM20                             
00000a34  LCDM21                             
00000a35  LCDM22                             
00000a36  LCDM23                             
00000a37  LCDM24                             
00000a22  LCDM3                              
00000a23  LCDM4                              
00000a24  LCDM5                              
00000a25  LCDM6                              
00000a26  LCDM7                              
00000a27  LCDM8                              
00000a28  LCDM9                              
0000c40c  L_ASR_1                            
0000c3e8  L_ASR_10                           
0000c3e4  L_ASR_11                           
0000c3e0  L_ASR_12                           
0000c3dc  L_ASR_13                           
0000c3d8  L_ASR_14                           
0000c3d4  L_ASR_15                           
0000c408  L_ASR_2                            
0000c404  L_ASR_3                            
0000c400  L_ASR_4                            
0000c3fc  L_ASR_5                            
0000c3f8  L_ASR_6                            
0000c3f4  L_ASR_7                            
0000c3f0  L_ASR_8                            
0000c3ec  L_ASR_9                            
0000d162  L_LSL                              
0000c44a  L_LSL_1                            
0000c426  L_LSL_10                           
0000c422  L_LSL_11                           
0000c41e  L_LSL_12                           
0000c41a  L_LSL_13                           
0000c416  L_LSL_14                           
0000c412  L_LSL_15                           
0000c446  L_LSL_2                            
0000c442  L_LSL_3                            
0000c43e  L_LSL_4                            
0000c43a  L_LSL_5                            
0000c436  L_LSL_6                            
0000c432  L_LSL_7                            
0000c42e  L_LSL_8                            
0000c42a  L_LSL_9                            
0000d172  L_LSR                              
0000c488  L_LSR_1                            
0000c464  L_LSR_10                           
0000c460  L_LSR_11                           
0000c45c  L_LSR_12                           
0000c458  L_LSR_13                           
0000c454  L_LSR_14                           
0000c450  L_LSR_15                           
0000c484  L_LSR_2                            
0000c480  L_LSR_3                            
0000c47c  L_LSR_4                            
0000c478  L_LSR_5                            
0000c474  L_LSR_6                            
0000c470  L_LSR_7                            
0000c46c  L_LSR_8                            
0000c468  L_LSR_9                            
0000d150  L_ROTL                             
000004c4  MAC                                
000004da  MAC32H                             
000004db  MAC32H_H                           
000004da  MAC32H_L                           
000004d8  MAC32L                             
000004d9  MAC32L_H                           
000004d8  MAC32L_L                           
000004c6  MACS                               
000004de  MACS32H                            
000004df  MACS32H_H                          
000004de  MACS32H_L                          
000004dc  MACS32L                            
000004dd  MACS32L_H                          
000004dc  MACS32L_L                          
000004c7  MACS_H                             
000004c6  MACS_L                             
000004c5  MAC_H                              
000004c4  MAC_L                              
000004c0  MPY                                
000004ec  MPY32CTL0                          
000004ed  MPY32CTL0_H                        
000004ec  MPY32CTL0_L                        
000004d2  MPY32H                             
000004d3  MPY32H_H                           
000004d2  MPY32H_L                           
000004d0  MPY32L                             
000004d1  MPY32L_H                           
000004d0  MPY32L_L                           
000004c2  MPYS                               
000004d6  MPYS32H                            
000004d7  MPYS32H_H                          
000004d6  MPYS32H_L                          
000004d4  MPYS32L                            
000004d5  MPYS32L_H                          
000004d4  MPYS32L_L                          
000004c3  MPYS_H                             
000004c2  MPYS_L                             
000004c1  MPY_H                              
000004c0  MPY_L                              
0000d21e  MRFI_PostKillSem                   
0000b63a  MRFI_RadioIsr                      
0000cfe8  MRFI_RandomByte                    
0000d22a  MRFI_Receive                       
0000cd4a  MRFI_RxCompleteISR                 
0000a53c  MRFI_Transmit                      
000004c8  OP2                                
000004e2  OP2H                               
000004e3  OP2H_H                             
000004e2  OP2H_L                             
000004e0  OP2L                               
000004e1  OP2L_H                             
000004e0  OP2L_L                             
000004c9  OP2_H                              
000004c8  OP2_L                              
0000020e  P1IV                               
000001c8  P1MAP01                            
000001c9  P1MAP01_H                          
000001c8  P1MAP01_L                          
000001ca  P1MAP23                            
000001cb  P1MAP23_H                          
000001ca  P1MAP23_L                          
000001cc  P1MAP45                            
000001cd  P1MAP45_H                          
000001cc  P1MAP45_L                          
000001ce  P1MAP67                            
000001cf  P1MAP67_H                          
000001ce  P1MAP67_L                          
0000021e  P2IV                               
000001d0  P2MAP01                            
000001d1  P2MAP01_H                          
000001d0  P2MAP01_L                          
000001d2  P2MAP23                            
000001d3  P2MAP23_H                          
000001d2  P2MAP23_L                          
000001d4  P2MAP45                            
000001d5  P2MAP45_H                          
000001d4  P2MAP45_L                          
000001d6  P2MAP67                            
000001d7  P2MAP67_H                          
000001d6  P2MAP67_L                          
000001d8  P3MAP01                            
000001d9  P3MAP01_H                          
000001d8  P3MAP01_L                          
000001da  P3MAP23                            
000001db  P3MAP23_H                          
000001da  P3MAP23_L                          
000001dc  P3MAP45                            
000001dd  P3MAP45_H                          
000001dc  P3MAP45_L                          
000001de  P3MAP67                            
000001df  P3MAP67_H                          
000001de  P3MAP67_L                          
00000204  PADIR                              
00000205  PADIR_H                            
00000204  PADIR_L                            
00000208  PADS                               
00000209  PADS_H                             
00000208  PADS_L                             
0000021a  PAIE                               
00000218  PAIES                              
00000219  PAIES_H                            
00000218  PAIES_L                            
0000021b  PAIE_H                             
0000021a  PAIE_L                             
0000021c  PAIFG                              
0000021d  PAIFG_H                            
0000021c  PAIFG_L                            
00000200  PAIN                               
00000201  PAIN_H                             
00000200  PAIN_L                             
00000202  PAOUT                              
00000203  PAOUT_H                            
00000202  PAOUT_L                            
00000206  PAREN                              
00000207  PAREN_H                            
00000206  PAREN_L                            
0000020a  PASEL                              
0000020b  PASEL_H                            
0000020a  PASEL_L                            
00000224  PBDIR                              
00000225  PBDIR_H                            
00000224  PBDIR_L                            
00000228  PBDS                               
00000229  PBDS_H                             
00000228  PBDS_L                             
00000220  PBIN                               
00000221  PBIN_H                             
00000220  PBIN_L                             
00000222  PBOUT                              
00000223  PBOUT_H                            
00000222  PBOUT_L                            
00000226  PBREN                              
00000227  PBREN_H                            
00000226  PBREN_L                            
0000022a  PBSEL                              
0000022b  PBSEL_H                            
0000022a  PBSEL_L                            
00000244  PCDIR                              
00000245  PCDIR_H                            
00000244  PCDIR_L                            
00000248  PCDS                               
00000249  PCDS_H                             
00000248  PCDS_L                             
00000240  PCIN                               
00000241  PCIN_H                             
00000240  PCIN_L                             
00000242  PCOUT                              
00000243  PCOUT_H                            
00000242  PCOUT_L                            
00000246  PCREN                              
00000247  PCREN_H                            
00000246  PCREN_L                            
0000024a  PCSEL                              
0000024b  PCSEL_H                            
0000024a  PCSEL_L                            
00000324  PJDIR                              
00000325  PJDIR_H                            
00000324  PJDIR_L                            
00000328  PJDS                               
00000329  PJDS_H                             
00000328  PJDS_L                             
00000320  PJIN                               
00000321  PJIN_H                             
00000320  PJIN_L                             
00000322  PJOUT                              
00000323  PJOUT_H                            
00000322  PJOUT_L                            
00000326  PJREN                              
00000327  PJREN_H                            
00000326  PJREN_L                            
000001c2  PMAPCTL                            
000001c3  PMAPCTL_H                          
000001c2  PMAPCTL_L                          
000001c0  PMAPKEYID                          
000001c1  PMAPKEYID_H                        
000001c0  PMAPKEYID_L                        
00000120  PMMCTL0                            
00000121  PMMCTL0_H                          
00000120  PMMCTL0_L                          
00000122  PMMCTL1                            
00000123  PMMCTL1_H                          
00000122  PMMCTL1_L                          
0000012c  PMMIFG                             
0000012d  PMMIFG_H                           
0000012c  PMMIFG_L                           
0000012e  PMMRIE                             
0000012f  PMMRIE_H                           
0000012e  PMMRIE_L                           
000089e6  PORT2_ISR                          
00000158  RCCTL0                             
00000159  RCCTL0_H                           
00000158  RCCTL0_L                           
000001b0  REFCTL0                            
000001b1  REFCTL0_H                          
000001b0  REFCTL0_L                          
000004e4  RES0                               
000004e5  RES0_H                             
000004e4  RES0_L                             
000004e6  RES1                               
000004e7  RES1_H                             
000004e6  RES1_L                             
000004e8  RES2                               
000004e9  RES2_H                             
000004e8  RES2_L                             
000004ea  RES3                               
000004eb  RES3_H                             
000004ea  RES3_L                             
000004cc  RESHI                              
000004cd  RESHI_H                            
000004cc  RESHI_L                            
000004ca  RESLO                              
000004cb  RESLO_H                            
000004ca  RESLO_L                            
00000f16  RF1ADINW                           
00000f17  RF1ADINW_H                         
00000f16  RF1ADINW_L                         
00000f28  RF1ADOUT0W                         
00000f29  RF1ADOUT0W_H                       
00000f28  RF1ADOUT0W_L                       
00000f2a  RF1ADOUT1W                         
00000f2b  RF1ADOUT1W_H                       
00000f2a  RF1ADOUT1W_L                       
00000f2c  RF1ADOUT2W                         
00000f2d  RF1ADOUT2W_H                       
00000f2c  RF1ADOUT2W_L                       
00000f36  RF1AIE                             
00000f34  RF1AIES                            
00000f35  RF1AIES_H                          
00000f34  RF1AIES_L                          
00000f37  RF1AIE_H                           
00000f36  RF1AIE_L                           
00000f00  RF1AIFCTL0                         
00000f01  RF1AIFCTL0_H                       
00000f00  RF1AIFCTL0_L                       
00000f02  RF1AIFCTL1                         
00000f03  RF1AIFCTL1_H                       
00000f02  RF1AIFCTL1_L                       
00000f04  RF1AIFCTL2                         
00000f05  RF1AIFCTL2_H                       
00000f04  RF1AIFCTL2_L                       
00000f06  RF1AIFERR                          
00000f0c  RF1AIFERRV                         
00000f0d  RF1AIFERRV_H                       
00000f0c  RF1AIFERRV_L                       
00000f07  RF1AIFERR_H                        
00000f06  RF1AIFERR_L                        
00000f32  RF1AIFG                            
00000f33  RF1AIFG_H                          
00000f32  RF1AIFG_L                          
00000f0e  RF1AIFIV                           
00000f0f  RF1AIFIV_H                         
00000f0e  RF1AIFIV_L                         
00000f30  RF1AIN                             
00000f12  RF1AINSTR1W                        
00000f13  RF1AINSTR1W_H                      
00000f12  RF1AINSTR1W_L                      
00000f14  RF1AINSTR2W                        
00000f15  RF1AINSTR2W_H                      
00000f14  RF1AINSTR2W_L                      
00000f10  RF1AINSTRW                         
00000f11  RF1AINSTRW_H                       
00000f10  RF1AINSTRW_L                       
00000f31  RF1AIN_H                           
00000f30  RF1AIN_L                           
00000f38  RF1AIV                             
00000f39  RF1AIV_H                           
00000f38  RF1AIV_L                           
00000f3c  RF1ARXFIFO                         
00000f3d  RF1ARXFIFO_H                       
00000f3c  RF1ARXFIFO_L                       
00000f20  RF1ASTAT0W                         
00000f21  RF1ASTAT0W_H                       
00000f20  RF1ASTAT0W_L                       
00000f22  RF1ASTAT1W                         
00000f23  RF1ASTAT1W_H                       
00000f22  RF1ASTAT1W_L                       
00000f24  RF1ASTAT2W                         
00000f25  RF1ASTAT2W_H                       
00000f24  RF1ASTAT2W_L                       
00000f3e  RF1ATXFIFO                         
00000f3f  RF1ATXFIFO_H                       
00000f3e  RF1ATXFIFO_L                       
000004ba  RTCADOWDAY                         
000004bb  RTCADOWDAY_H                       
000004ba  RTCADOWDAY_L                       
000004b8  RTCAMINHR                          
000004b9  RTCAMINHR_H                        
000004b8  RTCAMINHR_L                        
000004a0  RTCCTL01                           
000004a1  RTCCTL01_H                         
000004a0  RTCCTL01_L                         
000004a2  RTCCTL23                           
000004a3  RTCCTL23_H                         
000004a2  RTCCTL23_L                         
000004b4  RTCDATE                            
000004b5  RTCDATE_H                          
000004b4  RTCDATE_L                          
000004ae  RTCIV                              
000004ac  RTCPS                              
000004a8  RTCPS0CTL                          
000004a9  RTCPS0CTL_H                        
000004a8  RTCPS0CTL_L                        
000004aa  RTCPS1CTL                          
000004ab  RTCPS1CTL_H                        
000004aa  RTCPS1CTL_L                        
000004ad  RTCPS_H                            
000004ac  RTCPS_L                            
000004b0  RTCTIM0                            
000004b1  RTCTIM0_H                          
000004b0  RTCTIM0_L                          
000004b2  RTCTIM1                            
000004b3  RTCTIM1_H                          
000004b2  RTCTIM1_L                          
000004b6  RTCYEAR                            
000004b7  RTCYEAR_H                          
000004b6  RTCYEAR_L                          
0000d62a  RandomValue_u8                     
0000cf58  ReadSingleReg                      
00000100  SFRIE1                             
00000101  SFRIE1_H                           
00000100  SFRIE1_L                           
00000102  SFRIFG1                            
00000103  SFRIFG1_H                          
00000102  SFRIFG1_L                          
00000104  SFRRPCR                            
00000105  SFRRPCR_H                          
00000104  SFRRPCR_L                          
000004ce  SUMEXT                             
000004cf  SUMEXT_H                           
000004ce  SUMEXT_L                           
00000124  SVSMHCTL                           
00000125  SVSMHCTL_H                         
00000124  SVSMHCTL_L                         
00000128  SVSMIO                             
00000129  SVSMIO_H                           
00000128  SVSMIO_L                           
00000126  SVSMLCTL                           
00000127  SVSMLCTL_H                         
00000126  SVSMLCTL_L                         
00000198  SYSBERRIV                          
00000199  SYSBERRIV_H                        
00000198  SYSBERRIV_L                        
00000182  SYSBSLC                            
00000183  SYSBSLC_H                          
00000182  SYSBSLC_L                          
00000180  SYSCTL                             
00000181  SYSCTL_H                           
00000180  SYSCTL_L                           
00000186  SYSJMBC                            
00000187  SYSJMBC_H                          
00000186  SYSJMBC_L                          
00000188  SYSJMBI0                           
00000189  SYSJMBI0_H                         
00000188  SYSJMBI0_L                         
0000018a  SYSJMBI1                           
0000018b  SYSJMBI1_H                         
0000018a  SYSJMBI1_L                         
0000018c  SYSJMBO0                           
0000018d  SYSJMBO0_H                         
0000018c  SYSJMBO0_L                         
0000018e  SYSJMBO1                           
0000018f  SYSJMBO1_H                         
0000018e  SYSJMBO1_L                         
0000019e  SYSRSTIV                           
0000019f  SYSRSTIV_H                         
0000019e  SYSRSTIV_L                         
0000019c  SYSSNIV                            
0000019d  SYSSNIV_H                          
0000019c  SYSSNIV_L                          
0000019a  SYSUNIV                            
0000019b  SYSUNIV_H                          
0000019a  SYSUNIV_L                          
0000cb30  SetVCore                           
0000cb56  SetVCoreDown                       
0000c0b2  SetVCoreUp                         
0000a98c  Strobe                             
00001c6c  T                                  
00000352  TA0CCR0                            
00000354  TA0CCR1                            
00000356  TA0CCR2                            
00000358  TA0CCR3                            
0000035a  TA0CCR4                            
00000342  TA0CCTL0                           
00000344  TA0CCTL1                           
00000346  TA0CCTL2                           
00000348  TA0CCTL3                           
0000034a  TA0CCTL4                           
00000340  TA0CTL                             
00000360  TA0EX0                             
0000036e  TA0IV                              
00000350  TA0R                               
00000392  TA1CCR0                            
00000394  TA1CCR1                            
00000396  TA1CCR2                            
00000382  TA1CCTL0                           
00000384  TA1CCTL1                           
00000386  TA1CCTL2                           
00000380  TA1CTL                             
000003a0  TA1EX0                             
000003ae  TA1IV                              
00000390  TA1R                               
00008000  TIMER0_A0_ISR                      
0000af0a  TIMER0_A1_5_ISR                    
0000ca8a  Timer0_A3_Start                    
0000d39c  Timer0_A3_Stop                     
0000b81e  Timer0_A4_Delay                    
0000d082  Timer0_Init                        
0000d3a4  Timer0_Start                       
0000d236  Timer0_Stop                        
000005d0  UCA0ABCTL                          
000005c6  UCA0BRW                            
000005c7  UCA0BRW_H                          
000005c6  UCA0BRW_L                          
000005c0  UCA0CTLW0                          
000005c1  UCA0CTLW0_H                        
000005c0  UCA0CTLW0_L                        
000005dc  UCA0ICTL                           
000005dd  UCA0ICTL_H                         
000005dc  UCA0ICTL_L                         
000005d2  UCA0IRCTL                          
000005d3  UCA0IRCTL_H                        
000005d2  UCA0IRCTL_L                        
000005de  UCA0IV                             
000005c8  UCA0MCTL                           
000005cc  UCA0RXBUF                          
000005ca  UCA0STAT                           
000005ce  UCA0TXBUF                          
000005e6  UCB0BRW                            
000005e7  UCB0BRW_H                          
000005e6  UCB0BRW_L                          
000005e0  UCB0CTLW0                          
000005e1  UCB0CTLW0_H                        
000005e0  UCB0CTLW0_L                        
000005f0  UCB0I2COA                          
000005f1  UCB0I2COA_H                        
000005f0  UCB0I2COA_L                        
000005f2  UCB0I2CSA                          
000005f3  UCB0I2CSA_H                        
000005f2  UCB0I2CSA_L                        
000005fc  UCB0ICTL                           
000005fd  UCB0ICTL_H                         
000005fc  UCB0ICTL_L                         
000005fe  UCB0IV                             
000005ec  UCB0RXBUF                          
000005ea  UCB0STAT                           
000005ee  UCB0TXBUF                          
00000160  UCSCTL0                            
00000161  UCSCTL0_H                          
00000160  UCSCTL0_L                          
00000162  UCSCTL1                            
00000163  UCSCTL1_H                          
00000162  UCSCTL1_L                          
00000164  UCSCTL2                            
00000165  UCSCTL2_H                          
00000164  UCSCTL2_L                          
00000166  UCSCTL3                            
00000167  UCSCTL3_H                          
00000166  UCSCTL3_L                          
00000168  UCSCTL4                            
00000169  UCSCTL4_H                          
00000168  UCSCTL4_L                          
0000016a  UCSCTL5                            
0000016b  UCSCTL5_H                          
0000016a  UCSCTL5_L                          
0000016c  UCSCTL6                            
0000016d  UCSCTL6_H                          
0000016c  UCSCTL6_L                          
0000016e  UCSCTL7                            
0000016f  UCSCTL7_H                          
0000016e  UCSCTL7_L                          
00000170  UCSCTL8                            
00000171  UCSCTL8_H                          
00000170  UCSCTL8_L                          
00001c84  W                                  
0000015c  WDTCTL                             
0000015d  WDTCTL_H                           
0000015c  WDTCTL_L                           
00001dc4  WP                                 
0000c5ba  WriteSingleReg                     
00002bfc  __STACK_END                        
00000050  __STACK_SIZE                       
0000d3c4  __TI_ISR_TRAP                      
0000ff80  __TI_int00                         
0000ff82  __TI_int01                         
0000ff84  __TI_int02                         
0000ff86  __TI_int03                         
0000ff88  __TI_int04                         
0000ff8a  __TI_int05                         
0000ff8c  __TI_int06                         
0000ff8e  __TI_int07                         
0000ff90  __TI_int08                         
0000ff92  __TI_int09                         
0000ff94  __TI_int10                         
0000ff96  __TI_int11                         
0000ff98  __TI_int12                         
0000ff9a  __TI_int13                         
0000ff9c  __TI_int14                         
0000ff9e  __TI_int15                         
0000ffa0  __TI_int16                         
0000ffa2  __TI_int17                         
0000ffa4  __TI_int18                         
0000ffa6  __TI_int19                         
0000ffa8  __TI_int20                         
[...]
00002078  bmp_used                           
00002079  chronos_black                      
0000207a  rf_frequoffset                     
0000207c  fptr_lcd_function_line1            
00002080  fptr_lcd_function_line2            
00002084  sAlt                               
00002092  sTime                              
000020a0  sIamonitor                         
000020ae  _tz                                
000020bc  sStopwatch                         
000020d0  BRRX__PowerdownDelay_u8            
000020d1  BRRX__SignalLevelReduction         
000020d2  BRRX__MaxSearchTries_u8            
000020d3  BRRX__SearchRatio_u8               
000020d4  BRRX__TestMode_u8                  
000020d6  BRRX__PacketBits_t                 
000020e0  sAccel                             
000020ea  sAlarm                             
000020ee  last_stateX                        
000020ef  last_stateY                        
000020f0  last_stateZ                        
000020f1  secondlast_stateX                  
000020f2  secondlast_stateY                  
000020f3  secondlast_stateZ                  
00002108  button                             
0000210a  sButton                            
00002125  rfBSL_button_confirmation          
00002126  BRRX__NextEventTime_u16            
00002128  BRRX__NextEndTime_u16              
0000212a  BRRX__NextFrequency_u8             
0000212b  BRRX__NextFrequencyOffset_s8       
0000212c  BRRX__TimerState_t                 
0000212e  sBatt                              
00002136  sBuzzer                            
0000213e  fptr_Timer0_A3_function            
00002142  sTimer                             
0000214a  brrx_packet_end_cap_value          
0000214c  sDate                              
00002152  sTemp                              
00002158  BRRX__StatusFlags_t                
0000215a  BRRX__CurrentPacketTime_u16        
0000215c  BRRX__CurrentSignalLevel_u8        
00002162  adc12_result                       
00002164  adc12_data_ready                   
0000216a  ptrMenu_L1                         
0000216c  __end__                            
0000216c  end                                
00002bac  _stack                             
00002bfc  __STACK_END                        
00008000  .text                              
00008000  TIMER0_A0_ISR                      
00008000  __text__                           
00008298  conv_pa_to_meter                   
00008530  BRRX__Scheduler_v                  
000087b4  test_mode                          
000089e6  PORT2_ISR                          
00008bfe  set_value                          
00008e04  update_pressure_table              
00008fde  mx_time                            
000091b2  bmp_ps_get_pa                      
00009340  display_time                       
000095ee  display_acceleration               
00009728  __fs_sub                           
0000972e  __fs_add                           
00009858  display_stopwatch                  
00009a7c  display_counter                    
00009b86  init_application                   
00009d74  check_alarm                        
00009e68  mx_alarm                           
00009f5a  stopwatch_tick                     
0000a044  mx_temperature                     
0000a12a  display_temperature                
0000a200  int_to_array                       
0000a2d2  do_counter_measurement             
0000a3a2  nwk_allocateLocalRxPort            
0000a470  display_chars                      
0000a53c  MRFI_Transmit                      
0000a602  read_calibration_values            
0000a6c6  wakeup_event                       
0000a834  __fs_mpy                           
0000a8ea  display_altitude                   
0000a98c  Strobe                             
0000aa24  bmp_ps_get_cal_param               
0000ab40  nwk_isConnectionValid              
0000abce  __fs_div                           
0000ac5c  main                               
0000ace8  ps_i2c_sda                         
0000ad74  nwk_buildFrame                     
0000af0a  TIMER0_A1_5_ISR                    
0000af8e  get_numberOfDays                   
0000b010  bmp_ps_get_temp                    
0000b090  BRRX_RadioReceive_v                
0000b10e  nwk_sendAckReply                   
0000b18a  display_char                       
0000b204  nwk_QfindSlot                      
0000b27c  mrfiRadioInterfaceCmdStrobe        
0000b2f0  ps_read_register                   
0000b362  battery_measurement                
0000b3d0  init_global_variables              
0000b43c  adc12_single_conversion            
0000b50c  convert_acceleration_value_to_mgrav
0000b572  bmp_as_start                       
0000b5d6  do_altitude_measurement            
0000b63a  MRFI_RadioIsr                      
0000b69c  cma_ps_get_pa                      
0000b6fe  as_read_register                   
0000b75e  as_write_register                  
0000b7be  display_alarm                      
0000b81e  Timer0_A4_Delay                    
0000b8d8  clock_tick                         
0000b934  temperature_measurement            
0000b990  write_lcd_mem                      
0000b9ec  BRRX__StartNewSearch_v             
0000ba44  cma_ps_init                        
0000ba9c  ps_write_register                  
0000baf4  __divul                            
0000baf4  __remul                            
0000bb4c  clear_line                         
0000bba2  ps_i2c_read                        
0000bc48  process_requests                   
0000bce6  bmp_as_get_data                    
0000bd34  add_day                            
0000bd80  button_repeat_function             
0000bdcc  cma_ps_get_temp                    
0000be18  display_hours                      
0000be64  __fs_toul                          
0000beb0  _auto_init                         
0000befa  cma_as_start                       
0000bf44  __fs_cmp                           
0000bf8e  start_altitude_measurement         
0000bfd8  toggle_buzzer                      
0000c022  BR__CalcRandomTimeOffset_u16       
0000c06a  display_iamonitor                  
0000c0b2  SetVCoreUp                         
0000c0f8  __fs_tou                           
0000c13e  start_buzzer                       
0000c184  mrfiRadioInterfaceReadReg          
0000c20c  sx_alarm                           
0000c2d4  BRRX__NewInfo_v                    
0000c314  ps_i2c_write                       
0000c354  reset_altitude_measurement         
0000c394  __divli                            
0000c394  __remli                            
0000c3d4  L_ASR_15                           
0000c3d8  L_ASR_14                           
0000c3dc  L_ASR_13                           
0000c3e0  L_ASR_12                           
0000c3e4  L_ASR_11                           
0000c3e8  L_ASR_10                           
0000c3ec  L_ASR_9                            
0000c3f0  L_ASR_8                            
0000c3f4  L_ASR_7                            
0000c3f8  L_ASR_6                            
0000c3fc  L_ASR_5                            
0000c400  L_ASR_4                            
0000c404  L_ASR_3                            
0000c408  L_ASR_2                            
0000c40c  L_ASR_1                            
0000c412  L_LSL_15                           
0000c416  L_LSL_14                           
0000c41a  L_LSL_13                           
0000c41e  L_LSL_12                           
0000c422  L_LSL_11                           
0000c426  L_LSL_10                           
0000c42a  L_LSL_9                            
0000c42e  L_LSL_8                            
0000c432  L_LSL_7                            
0000c436  L_LSL_6                            
0000c43a  L_LSL_5                            
0000c43e  L_LSL_4                            
0000c442  L_LSL_3                            
0000c446  L_LSL_2                            
0000c44a  L_LSL_1                            
0000c450  L_LSR_15                           
0000c454  L_LSR_14                           
0000c458  L_LSR_13                           
0000c45c  L_LSR_12                           
0000c460  L_LSR_11                           
0000c464  L_LSR_10                           
0000c468  L_LSR_9                            
0000c46c  L_LSR_8                            
0000c470  L_LSR_7                            
0000c474  L_LSR_6                            
0000c478  L_LSR_5                            
0000c47c  L_LSR_4                            
0000c480  L_LSR_3                            
0000c484  L_LSR_2                            
0000c488  L_LSR_1                            
0000c48e  BRRX_TimerTask_v                   
0000c4ca  as_start                           
0000c506  nwk_findPeer                       
0000c542  nwk_isLinkDuplicate                
0000c57e  update_stopwatch_timer             
0000c5ba  WriteSingleReg                     
0000c5f4  nwk_getNextConnection              
0000c62c  mrfiRadioInterfaceWriteReg         
0000c662  mrfiRadioInterfaceWriteTxFifo      
0000c698  nwk_processMgmt                    
0000c6ce  __fs_itof                          
0000c76c  radio_reset                        
0000c7a0  BRRX_RadioStop_v                   
0000c7d2  as_stop                            
0000c7d2  bmp_as_stop                        
0000c7d2  cma_as_stop                        
0000c804  display_update                     
0000c836  mrfiRadioInterfaceReadRxFifo       
0000c868  __fs_ultof                         
0000c89a  nwk_isValidReply                   
0000c8ca  nwk_sendFrame                      
0000c8fa  as_init                            
0000c928  bmp_ps_init                        
0000c984  nwk_QadjustOrder                   
0000c9de  cma_as_get_data                    
0000ca0a  __divi                             
0000ca0a  __remi                             
0000ca8a  Timer0_A3_Start                    
0000cab4  lcd_init                           
0000cade  sx_acceleration                    
0000cb08  do_count                           
0000cb30  SetVCore                           
0000cb56  SetVCoreDown                       
0000cba2  init_buttons                       
0000cbc8  init_pressure_table                
0000cbee  BRRX_GetState_t                    
0000cc12  nwk_processPing                    
0000cc36  ps_init                            
0000cc5a  __fs_utof                          
0000cc7e  BSP_Delay                          
0000cca0  display_value                      
0000ccc2  memcmp                             
0000cce4  nwk_processLink                    
0000cd06  __mpyl_f5hw                        
0000cd28  stop_altitude_measurement          
0000cd4a  MRFI_RxCompleteISR                 
0000cd6a  radio_ISR                          
0000cd8a  do_acceleration_measurement        
0000cdaa  reset_clock                        
0000cdca  reset_stopwatch                    
0000cdea  stop_buzzer                        
0000ce28  display_symbol                     
0000ce46  memmove                            
0000ce9c  clear_display_all                  
0000ceb8  convert_m_to_ft                    
0000ced4  display_am_pm_symbol               
0000cf0a  ADC12ISR                           
0000cf24  _c_int00_noargs_noexit             
0000cf3e  stop_stopwatch                     
0000cf58  ReadSingleReg                      
0000cf70  convert_C_to_F                     
0000cf88  convert_hour_to_12H_format         
0000cfa0  display_all_on                     
0000cfb8  nwk_processJoin                    
0000cfd0  reset_alarm                        
0000cfe8  MRFI_RandomByte                    
0000d014  button_repeat_on                   
0000d02a  display_selection_Timeformat1      
0000d040  __divu                             
0000d040  __remu                             
0000d056  __mpyi_f5hw                        
0000d06c  sx_counter                         
0000d082  Timer0_Init                        
0000d096  countdown_buzzer                   
0000d0aa  display_all_off                    
0000d0be  reset_date                         
0000d0d2  convert_F_to_C                     
0000d0e4  is_acceleration_measurement        
0000d0f6  is_altitude_measurement            
0000d108  memcpy                             
0000d11a  memset                             
0000d12c  nwk_getMyAddress                   
0000d13e  reset_batt_measurement             
0000d150  L_ROTL                             
0000d162  L_LSL                              
0000d172  L_LSR                              
0000d182  radio_powerdown                    
0000d192  sx_time                            
0000d1a2  acceleration_value_is_positive     
0000d1b0  bmp_ps_write_register              
0000d1be  cma_as_read_register               
0000d1cc  is_hour_am                         
0000d1da  reset_acceleration                 
0000d1e8  reset_counter                      
0000d1f6  set_blink_rate                     
0000d204  sx_iamonitor                       
0000d212  BRRX__GetCurrentTime_u16           
0000d21e  MRFI_PostKillSem                   
0000d22a  MRFI_Receive                       
0000d236  Timer0_Stop                        
0000d242  bmp_ps_read_register               
0000d24e  clear_display                      
0000d25a  cma_as_write_register              
0000d266  cma_ps_read_register               
0000d272  cma_ps_start                       
0000d27e  cma_ps_write_register              
0000d28a  do_iamonitor                       
0000d2a2  is_counter_measurement             
0000d2ae  is_rf                              
0000d2ba  is_temp_measurement                
0000d2c6  mx_counter                         
0000d2d2  nwk_getNumObjectFromMsg            
0000d2de  idle_loop                          
0000d2de  to_lpm                             
0000d2ea  update_acceleration                
0000d2f6  update_alarm                       
0000d302  update_counter                     
0000d30e  update_iamonitor                   
0000d31a  update_temperature                 
0000d326  BRRX__StopTimer_v                  
0000d330  bmp_as_read_register               
0000d33a  button_repeat_off                  
0000d344  cma_ps_stop                        
0000d34e  reset_buzzer                       
0000d358  reset_iamonitor                    
0000d362  reset_rf                           
0000d36c  I_ASR                              
0000d376  I_LSL                              
0000d380  switch_seg                         
0000d38a  update_time                        
0000d394  BRRX_GetFS_Offset_s8               
0000d39c  Timer0_A3_Stop                     
0000d3a4  Timer0_Start                       
0000d3ac  bmp_ps_start                       
0000d3b4  reset_temp_measurement             
0000d3bc  stop_alarm                         
0000d3c4  __TI_ISR_TRAP                      
0000d3ca  clear_blink_mem                    
0000d3d0  nwk_freeConnection                 
0000d3d6  start_blink                        
0000d3dc  stop_blink                         
0000d3e2  _system_pre_init                   
0000d3e6  C$$EXIT                            
0000d3e6  abort                              
0000d3ea  bmp_as_write_register              
0000d3ee  is_stopwatch                       
0000d3f2  nwk_getMyRxType                    
0000d3f6  nwk_getProtocolVersion             
0000d3fa  nwk_processFreq                    
0000d3fe  nwk_processSecurity                
0000d402  ps_i2c_delay                       
0000d406  dummy                              
0000d408  mx_iamonitor                       
0000d40a  __etext__                          
0000d40a  etext                              
0000d40a  int_to_array_conversion_table      
0000d629  method                             
0000d62a  RandomValue_u8                     
0000d72a  menu_L1_Time                       
0000d73c  menu_L1_Temperature                
0000d74e  menu_L1_Acceleration               
0000d760  ptrMenu_L2                         
0000d762  menu_L1_Counter                    
0000d774  menu_L1_Alarm                      
0000d786  menu_L1_Iamonitor                  
0000d7f0  lcd_font                           
0000d81c  segments_bitmask                   
0000d846  h0                                 
0000d868  p0                                 
0000d8a2  bmp_mgrav_per_bit                  
0000d8b0  cma_mgrav_per_bit                  
0000d8c8  selection_Timeformat               
0000d8d0  mrfiBroadcastAddr                  
0000d8d4  BRRX__First_TXCB_t                 
0000d8d6  BRRX__Last_TXCB_t                  
0000d8d8  __cinit__                          
0000d8d8  cinit                              
0000ff80  __TI_int00                         
0000ff82  __TI_int01                         
0000ff84  __TI_int02                         
0000ff86  __TI_int03                         
0000ff88  __TI_int04                         
0000ff8a  __TI_int05                         
0000ff8c  __TI_int06                         
0000ff8e  __TI_int07                         
0000ff90  __TI_int08                         
0000ff92  __TI_int09                         
0000ff94  __TI_int10                         
0000ff96  __TI_int11                         
0000ff98  __TI_int12                         
0000ff9a  __TI_int13                         
0000ff9c  __TI_int14                         
0000ff9e  __TI_int15                         
0000ffa0  __TI_int16                         
0000ffa2  __TI_int17                         
0000ffa4  __TI_int18                         
0000ffa6  __TI_int19                         
0000ffa8  __TI_int20                         
0000ffaa  __TI_int21                         
0000ffac  __TI_int22                         
0000ffae  __TI_int23                         
0000ffb0  __TI_int24                         
0000ffb2  __TI_int25                         
0000ffb4  __TI_int26                         
0000ffb6  __TI_int27                         
0000ffb8  __TI_int28                         
0000ffba  __TI_int29                         
0000ffbc  __TI_int30                         
0000ffbe  __TI_int31                         
0000ffc0  __TI_int32                         
0000ffc2  __TI_int33                         
0000ffc4  __TI_int34                         
0000ffc6  __TI_int35                         
0000ffc8  __TI_int36                         
0000ffca  __TI_int37                         
0000ffcc  __TI_int38                         
0000ffce  __TI_int39                         
0000ffd0  __TI_int40                         
0000ffd2  __TI_int41                         
0000ffd4  __TI_int42                         
0000ffd6  __TI_int43                         
0000ffd8  __TI_int44                         
0000ffda  __TI_int45                         
0000ffdc  __TI_int46                         
0000ffde  __TI_int47                         
0000ffe0  __TI_int48                         
0000ffe2  __TI_int49                         
0000ffe4  __TI_int50                         
0000ffe6  __TI_int51                         
0000ffe8  __TI_int52                         
0000ffea  __TI_int53                         
0000ffec  __TI_int54                         
0000ffee  __TI_int55                         
0000fff0  __TI_int56                         
0000fff2  __TI_int57                         
0000fff4  __TI_int58                         
0000fff6  __TI_int59                         
0000fff8  __TI_int60                         
0000fffa  __TI_int61                         
0000fffc  __TI_int62                         
0000fffe  _reset_vector                      
ffffffff  __binit__                          
ffffffff  __c_args__                         
ffffffff  __pinit__                          
ffffffff  binit                              
ffffffff  pinit                              

[1185 symbols]
