<?xml version="1.0"?>
<link_info>
   <banner>MSP430 Linker PC v4.4.3</banner>
   <copyright>Copyright (c) 2003-2015 Texas Instruments Incorporated</copyright>
   <link_time>0x5bf44bc8</link_time>
   <link_errors>0x0</link_errors>
   <output_file>ez430_chronos_868MHz.out</output_file>
   <entry_point>
      <name>_c_int00_noargs_noexit</name>
      <address>0xcf24</address>
   </entry_point>
   <input_file_list>
      <input_file id="fl-2f">
         <path>.\driver\</path>
         <kind>object</kind>
         <file>ps.obj</file>
         <name>ps.obj</name>
      </input_file>
      <input_file id="fl-30">
         <path>.\driver\</path>
         <kind>object</kind>
         <file>radio.obj</file>
         <name>radio.obj</name>
      </input_file>
      <input_file id="fl-39">
         <path>..\bluerobin\</path>
         <kind>archive</kind>
         <file>BlueRobin_RX_868MHz.lib</file>
         <name>BRRX_Timer.obj</name>
      </input_file>
      <input_file id="fl-3a">
         <path>..\bluerobin\</path>
         <kind>archive</kind>
         <file>BlueRobin_RX_868MHz.lib</file>
         <name>BRRX_Scheduler.obj</name>
      </input_file>
      <input_file id="fl-3b">
         <path>..\bluerobin\</path>
         <kind>archive</kind>
         <file>BlueRobin_RX_868MHz.lib</file>
         <name>BRRX_Resource.obj</name>
      </input_file>
      <input_file id="fl-3c">
         <path>..\bluerobin\</path>
         <kind>archive</kind>
         <file>BlueRobin_RX_868MHz.lib</file>
         <name>BRRX_Packet.obj</name>
      </input_file>
      <input_file id="fl-3d">
         <path>..\bluerobin\</path>
         <kind>archive</kind>
         <file>BlueRobin_RX_868MHz.lib</file>
         <name>BRRX_API.obj</name>
      </input_file>
      <input_file id="fl-3e">
         <path>..\bluerobin\</path>
         <kind>archive</kind>
         <file>BlueRobin_RX_868MHz.lib</file>
         <name>BR_Common.obj</name>
      </input_file>
      <input_file id="fl-3f">
         <path>..\bluerobin\</path>
         <kind>archive</kind>
         <file>BlueRobin_RX_868MHz.lib</file>
         <name>BRRX_Radio.obj</name>
      </input_file>
      <input_file id="fl-40">
         <path>C:\ti\ccsv6\tools\compiler\ti-cgt-msp430_4.4.3\lib\</path>
         <kind>archive</kind>
         <file>rts430x.lib</file>
         <name>asr16.obj</name>
      </input_file>
      <input_file id="fl-41">
         <path>C:\ti\ccsv6\tools\compiler\ti-cgt-msp430_4.4.3\lib\</path>
         <kind>archive</kind>
         <file>rts430x.lib</file>
         <name>asr32.obj</name>
      </input_file>
      <input_file id="fl-42">
         <path>C:\ti\ccsv6\tools\compiler\ti-cgt-msp430_4.4.3\lib\</path>
         <kind>archive</kind>
         <file>rts430x.lib</file>
         <name>boot.obj</name>
      </input_file>
      <input_file id="fl-43">
         <path>C:\ti\ccsv6\tools\compiler\ti-cgt-msp430_4.4.3\lib\</path>
         <kind>archive</kind>
         <file>rts430x.lib</file>
         <name>boot_special.obj</name>
      </input_file>
      <input_file id="fl-47">
         <path>C:\ti\ccsv6\tools\compiler\ti-cgt-msp430_4.4.3\lib\</path>
         <kind>archive</kind>
         <file>rts430x.lib</file>
         <name>cpy_util.obj</name>
      </input_file>
      <input_file id="fl-48">
         <path>C:\ti\ccsv6\tools\compiler\ti-cgt-msp430_4.4.3\lib\</path>
         <kind>archive</kind>
         <file>rts430x.lib</file>
         <name>div16s.obj</name>
      </input_file>
      <input_file id="fl-49">
         <path>C:\ti\ccsv6\tools\compiler\ti-cgt-msp430_4.4.3\lib\</path>
         <kind>archive</kind>
         <file>rts430x.lib</file>
         <name>div16u.obj</name>
      </input_file>
      <input_file id="fl-4a">
         <path>C:\ti\ccsv6\tools\compiler\ti-cgt-msp430_4.4.3\lib\</path>
         <kind>archive</kind>
         <file>rts430x.lib</file>
         <name>div32s.obj</name>
      </input_file>
      <input_file id="fl-4b">
         <path>C:\ti\ccsv6\tools\compiler\ti-cgt-msp430_4.4.3\lib\</path>
         <kind>archive</kind>
         <file>rts430x.lib</file>
         <name>div32u.obj</name>
      </input_file>
      <input_file id="fl-4c">
         <path>C:\ti\ccsv6\tools\compiler\ti-cgt-msp430_4.4.3\lib\</path>
         <kind>archive</kind>
         <file>rts430x.lib</file>
         <name>exit.obj</name>
      </input_file>
      <input_file id="fl-4d">
         <path>C:\ti\ccsv6\tools\compiler\ti-cgt-msp430_4.4.3\lib\</path>
         <kind>archive</kind>
         <file>rts430x.lib</file>
         <name>fs_add.obj</name>
      </input_file>
      <input_file id="fl-4e">
         <path>C:\ti\ccsv6\tools\compiler\ti-cgt-msp430_4.4.3\lib\</path>
         <kind>archive</kind>
         <file>rts430x.lib</file>
         <name>fs_cmp.obj</name>
      </input_file>
      <input_file id="fl-4f">
         <path>C:\ti\ccsv6\tools\compiler\ti-cgt-msp430_4.4.3\lib\</path>
         <kind>archive</kind>
         <file>rts430x.lib</file>
         <name>fs_div.obj</name>
      </input_file>
      <input_file id="fl-50">
         <path>C:\ti\ccsv6\tools\compiler\ti-cgt-msp430_4.4.3\lib\</path>
         <kind>archive</kind>
         <file>rts430x.lib</file>
         <name>fs_itof.obj</name>
      </input_file>
      <input_file id="fl-51">
         <path>C:\ti\ccsv6\tools\compiler\ti-cgt-msp430_4.4.3\lib\</path>
         <kind>archive</kind>
         <file>rts430x.lib</file>
         <name>fs_mpy.obj</name>
      </input_file>
      <input_file id="fl-52">
         <path>C:\ti\ccsv6\tools\compiler\ti-cgt-msp430_4.4.3\lib\</path>
         <kind>archive</kind>
         <file>rts430x.lib</file>
         <name>fs_tou.obj</name>
      </input_file>
      <input_file id="fl-53">
         <path>C:\ti\ccsv6\tools\compiler\ti-cgt-msp430_4.4.3\lib\</path>
         <kind>archive</kind>
         <file>rts430x.lib</file>
         <name>fs_toul.obj</name>
      </input_file>
      <input_file id="fl-54">
         <path>C:\ti\ccsv6\tools\compiler\ti-cgt-msp430_4.4.3\lib\</path>
         <kind>archive</kind>
         <file>rts430x.lib</file>
         <name>fs_ultof.obj</name>
      </input_file>
      <input_file id="fl-55">
         <path>C:\ti\ccsv6\tools\compiler\ti-cgt-msp430_4.4.3\lib\</path>
         <kind>archive</kind>
         <file>rts430x.lib</file>
         <name>fs_utof.obj</name>
      </input_file>
      <input_file id="fl-56">
         <path>C:\ti\ccsv6\tools\compiler\ti-cgt-msp430_4.4.3\lib\</path>
         <kind>archive</kind>
         <file>rts430x.lib</file>
         <name>int00.obj</name>
      </input_file>
      <input_file id="fl-57">
         <path>C:\ti\ccsv6\tools\compiler\ti-cgt-msp430_4.4.3\lib\</path>
         <kind>archive</kind>
         <file>rts430x.lib</file>
         <name>int01.obj</name>
      </input_file>
      <input_file id="fl-58">
         <path>C:\ti\ccsv6\tools\compiler\ti-cgt-msp430_4.4.3\lib\</path>
         <kind>archive</kind>
         <file>rts430x.lib</file>
         <name>int02.obj</name>
      </input_file>
      <input_file id="fl-59">
         <path>C:\ti\ccsv6\tools\compiler\ti-cgt-msp430_4.4.3\lib\</path>
         <kind>archive</kind>
         <file>rts430x.lib</file>
         <name>int03.obj</name>
      </input_file>
      <input_file id="fl-5a">
         <path>C:\ti\ccsv6\tools\compiler\ti-cgt-msp430_4.4.3\lib\</path>
         <kind>archive</kind>
         <file>rts430x.lib</file>
         <name>int04.obj</name>
      </input_file>
      <input_file id="fl-5b">
         <path>C:\ti\ccsv6\tools\compiler\ti-cgt-msp430_4.4.3\lib\</path>
         <kind>archive</kind>
         <file>rts430x.lib</file>
         <name>int05.obj</name>
      </input_file>
      <input_file id="fl-5c">
         <path>C:\ti\ccsv6\tools\compiler\ti-cgt-msp430_4.4.3\lib\</path>
         <kind>archive</kind>
         <file>rts430x.lib</file>
         <name>int06.obj</name>
      </input_file>
      <input_file id="fl-5d">
         <path>C:\ti\ccsv6\tools\compiler\ti-cgt-msp430_4.4.3\lib\</path>
         <kind>archive</kind>
         <file>rts430x.lib</file>
         <name>int07.obj</name>
      </input_file>
      <input_file id="fl-5e">
         <path>C:\ti\ccsv6\tools\compiler\ti-cgt-msp430_4.4.3\lib\</path>
         <kind>archive</kind>
         <file>rts430x.lib</file>
         <name>int08.obj</name>
      </input_file>
      <input_file id="fl-5f">
         <path>C:\ti\ccsv6\tools\compiler\ti-cgt-msp430_4.4.3\lib\</path>
         <kind>archive</kind>
         <file>rts430x.lib</file>
         <name>int09.obj</name>
      </input_file>
      <input_file id="fl-60">
         <path>C:\ti\ccsv6\tools\compiler\ti-cgt-msp430_4.4.3\lib\</path>
         <kind>archive</kind>
         <file>rts430x.lib</file>
         <name>int10.obj</name>
      </input_file>
      <input_file id="fl-61">
         <path>C:\ti\ccsv6\tools\compiler\ti-cgt-msp430_4.4.3\lib\</path>
         <kind>archive</kind>
         <file>rts430x.lib</file>
         <name>int11.obj</name>
      </input_file>
      <input_file id="fl-62">
         <path>C:\ti\ccsv6\tools\compiler\ti-cgt-msp430_4.4.3\lib\</path>
         <kind>archive</kind>
         <file>rts430x.lib</file>
         <name>int12.obj</name>
      </input_file>
      <input_file id="fl-63">
         <path>C:\ti\ccsv6\tools\compiler\ti-cgt-msp430_4.4.3\lib\</path>
         <kind>archive</kind>
         <file>rts430x.lib</file>
         <name>int13.obj</name>
      </input_file>
      <input_file id="fl-64">
         <path>C:\ti\ccsv6\tools\compiler\ti-cgt-msp430_4.4.3\lib\</path>
         <kind>archive</kind>
         <file>rts430x.lib</file>
         <name>int14.obj</name>
      </input_file>
      <input_file id="fl-65">
         <path>C:\ti\ccsv6\tools\compiler\ti-cgt-msp430_4.4.3\lib\</path>
         <kind>archive</kind>
         <file>rts430x.lib</file>
         <name>int15.obj</name>
      </input_file>
      <input_file id="fl-66">
         <path>C:\ti\ccsv6\tools\compiler\ti-cgt-msp430_4.4.3\lib\</path>
         <kind>archive</kind>
         <file>rts430x.lib</file>
         <name>int16.obj</name>
      </input_file>
      <input_file id="fl-67">
         <path>C:\ti\ccsv6\tools\compiler\ti-cgt-msp430_4.4.3\lib\</path>
         <kind>archive</kind>
         <file>rts430x.lib</file>
         <name>int17.obj</name>
      </input_file>
      <input_file id="fl-68">
         <path>C:\ti\ccsv6\tools\compiler\ti-cgt-msp430_4.4.3\lib\</path>
         <kind>archive</kind>
         <file>rts430x.lib</file>
         <name>int18.obj</name>
      </input_file>
      <input_file id="fl-69">
         <path>C:\ti\ccsv6\tools\compiler\ti-cgt-msp430_4.4.3\lib\</path>
         <kind>archive</kind>
         <file>rts430x.lib</file>
         <name>int19.obj</name>
      </input_file>
      <input_file id="fl-6a">
         <path>C:\ti\ccsv6\tools\compiler\ti-cgt-msp430_4.4.3\lib\</path>
         <kind>archive</kind>
         <file>rts430x.lib</file>
         <name>int20.obj</name>
      </input_file>
      <input_file id="fl-6b">
         <path>C:\ti\ccsv6\tools\compiler\ti-cgt-msp430_4.4.3\lib\</path>
         <kind>archive</kind>
         <file>rts430x.lib</file>
         <name>int21.obj</name>
      </input_file>
      <input_file id="fl-6c">
         <path>C:\ti\ccsv6\tools\compiler\ti-cgt-msp430_4.4.3\lib\</path>
         <kind>archive</kind>
         <file>rts430x.lib</file>
         <name>int22.obj</name>
      </input_file>
      <input_file id="fl-6d">
         <path>C:\ti\ccsv6\tools\compiler\ti-cgt-msp430_4.4.3\lib\</path>
         <kind>archive</kind>
         <file>rts430x.lib</file>
         <name>int23.obj</name>
      </input_file>
      <input_file id="fl-6e">
         <path>C:\ti\ccsv6\tools\compiler\ti-cgt-msp430_4.4.3\lib\</path>
         <kind>archive</kind>
         <file>rts430x.lib</file>
         <name>int24.obj</name>
      </input_file>
      <input_file id="fl-6f">
         <path>C:\ti\ccsv6\tools\compiler\ti-cgt-msp430_4.4.3\lib\</path>
         <kind>archive</kind>
         <file>rts430x.lib</file>
         <name>int25.obj</name>
      </input_file>
      <input_file id="fl-70">
         <path>C:\ti\ccsv6\tools\compiler\ti-cgt-msp430_4.4.3\lib\</path>
         <kind>archive</kind>
         <file>rts430x.lib</file>
         <name>int26.obj</name>
      </input_file>
      <input_file id="fl-71">
         <path>C:\ti\ccsv6\tools\compiler\ti-cgt-msp430_4.4.3\lib\</path>
         <kind>archive</kind>
         <file>rts430x.lib</file>
         <name>int27.obj</name>
      </input_file>
      <input_file id="fl-72">
         <path>C:\ti\ccsv6\tools\compiler\ti-cgt-msp430_4.4.3\lib\</path>
         <kind>archive</kind>
         <file>rts430x.lib</file>
         <name>int28.obj</name>
      </input_file>
      <input_file id="fl-73">
         <path>C:\ti\ccsv6\tools\compiler\ti-cgt-msp430_4.4.3\lib\</path>
         <kind>archive</kind>
         <file>rts430x.lib</file>
         <name>int29.obj</name>
      </input_file>
      <input_file id="fl-74">
         <path>C:\ti\ccsv6\tools\compiler\ti-cgt-msp430_4.4.3\lib\</path>
         <kind>archive</kind>
         <file>rts430x.lib</file>
         <name>int30.obj</name>
      </input_file>
      <input_file id="fl-75">
         <path>C:\ti\ccsv6\tools\compiler\ti-cgt-msp430_4.4.3\lib\</path>
         <kind>archive</kind>
         <file>rts430x.lib</file>
         <name>int31.obj</name>
      </input_file>
      <input_file id="fl-76">
         <path>C:\ti\ccsv6\tools\compiler\ti-cgt-msp430_4.4.3\lib\</path>
         <kind>archive</kind>
         <file>rts430x.lib</file>
         <name>int32.obj</name>
      </input_file>
      <input_file id="fl-77">
         <path>C:\ti\ccsv6\tools\compiler\ti-cgt-msp430_4.4.3\lib\</path>
         <kind>archive</kind>
         <file>rts430x.lib</file>
         <name>int33.obj</name>
      </input_file>
      <input_file id="fl-78">
         <path>C:\ti\ccsv6\tools\compiler\ti-cgt-msp430_4.4.3\lib\</path>
         <kind>archive</kind>
         <file>rts430x.lib</file>
         <name>int34.obj</name>
      </input_file>
      <input_file id="fl-79">
         <path>C:\ti\ccsv6\tools\compiler\ti-cgt-msp430_4.4.3\lib\</path>
         <kind>archive</kind>
         <file>rts430x.lib</file>
         <name>int35.obj</name>
      </input_file>
      <input_file id="fl-7a">
         <path>C:\ti\ccsv6\tools\compiler\ti-cgt-msp430_4.4.3\lib\</path>
         <kind>archive</kind>
         <file>rts430x.lib</file>
         <name>int36.obj</name>
      </input_file>
      <input_file id="fl-7b">
         <path>C:\ti\ccsv6\tools\compiler\ti-cgt-msp430_4.4.3\lib\</path>
         <kind>archive</kind>
         <file>rts430x.lib</file>
         <name>int37.obj</name>
      </input_file>
      <input_file id="fl-7c">
         <path>C:\ti\ccsv6\tools\compiler\ti-cgt-msp430_4.4.3\lib\</path>
         <kind>archive</kind>
         <file>rts430x.lib</file>
         <name>int38.obj</name>
      </input_file>
      <input_file id="fl-7d">
         <path>C:\ti\ccsv6\tools\compiler\ti-cgt-msp430_4.4.3\lib\</path>
         <kind>archive</kind>
         <file>rts430x.lib</file>
         <name>int39.obj</name>
      </input_file>
      <input_file id="fl-7e">
         <path>C:\ti\ccsv6\tools\compiler\ti-cgt-msp430_4.4.3\lib\</path>
         <kind>archive</kind>
         <file>rts430x.lib</file>
         <name>int40.obj</name>
      </input_file>
      <input_file id="fl-7f">
         <path>C:\ti\ccsv6\tools\compiler\ti-cgt-msp430_4.4.3\lib\</path>
         <kind>archive</kind>
         <file>rts430x.lib</file>
         <name>int41.obj</name>
      </input_file>
      <input_file id="fl-80">
         <path>C:\ti\ccsv6\tools\compiler\ti-cgt-msp430_4.4.3\lib\</path>
         <kind>archive</kind>
         <file>rts430x.lib</file>
         <name>int42.obj</name>
      </input_file>
      <input_file id="fl-81">
         <path>C:\ti\ccsv6\tools\compiler\ti-cgt-msp430_4.4.3\lib\</path>
         <kind>archive</kind>
         <file>rts430x.lib</file>
         <name>int43.obj</name>
      </input_file>
      <input_file id="fl-82">
         <path>C:\ti\ccsv6\tools\compiler\ti-cgt-msp430_4.4.3\lib\</path>
         <kind>archive</kind>
         <file>rts430x.lib</file>
         <name>int44.obj</name>
      </input_file>
      <input_file id="fl-83">
         <path>C:\ti\ccsv6\tools\compiler\ti-cgt-msp430_4.4.3\lib\</path>
         <kind>archive</kind>
         <file>rts430x.lib</file>
         <name>int45.obj</name>
      </input_file>
      <input_file id="fl-84">
         <path>C:\ti\ccsv6\tools\compiler\ti-cgt-msp430_4.4.3\lib\</path>
         <kind>archive</kind>
         <file>rts430x.lib</file>
         <name>int46.obj</name>
      </input_file>
      <input_file id="fl-85">
         <path>C:\ti\ccsv6\tools\compiler\ti-cgt-msp430_4.4.3\lib\</path>
         <kind>archive</kind>
         <file>rts430x.lib</file>
         <name>int47.obj</name>
      </input_file>
      <input_file id="fl-86">
         <path>C:\ti\ccsv6\tools\compiler\ti-cgt-msp430_4.4.3\lib\</path>
         <kind>archive</kind>
         <file>rts430x.lib</file>
         <name>int49.obj</name>
      </input_file>
      <input_file id="fl-87">
         <path>C:\ti\ccsv6\tools\compiler\ti-cgt-msp430_4.4.3\lib\</path>
         <kind>archive</kind>
         <file>rts430x.lib</file>
         <name>int50.obj</name>
      </input_file>
      <input_file id="fl-88">
         <path>C:\ti\ccsv6\tools\compiler\ti-cgt-msp430_4.4.3\lib\</path>
         <kind>archive</kind>
         <file>rts430x.lib</file>
         <name>int51.obj</name>
      </input_file>
      <input_file id="fl-89">
         <path>C:\ti\ccsv6\tools\compiler\ti-cgt-msp430_4.4.3\lib\</path>
         <kind>archive</kind>
         <file>rts430x.lib</file>
         <name>int52.obj</name>
      </input_file>
      <input_file id="fl-8a">
         <path>C:\ti\ccsv6\tools\compiler\ti-cgt-msp430_4.4.3\lib\</path>
         <kind>archive</kind>
         <file>rts430x.lib</file>
         <name>int57.obj</name>
      </input_file>
      <input_file id="fl-8b">
         <path>C:\ti\ccsv6\tools\compiler\ti-cgt-msp430_4.4.3\lib\</path>
         <kind>archive</kind>
         <file>rts430x.lib</file>
         <name>int58.obj</name>
      </input_file>
      <input_file id="fl-8c">
         <path>C:\ti\ccsv6\tools\compiler\ti-cgt-msp430_4.4.3\lib\</path>
         <kind>archive</kind>
         <file>rts430x.lib</file>
         <name>int59.obj</name>
      </input_file>
      <input_file id="fl-8d">
         <path>C:\ti\ccsv6\tools\compiler\ti-cgt-msp430_4.4.3\lib\</path>
         <kind>archive</kind>
         <file>rts430x.lib</file>
         <name>int60.obj</name>
      </input_file>
      <input_file id="fl-8e">
         <path>C:\ti\ccsv6\tools\compiler\ti-cgt-msp430_4.4.3\lib\</path>
         <kind>archive</kind>
         <file>rts430x.lib</file>
         <name>int61.obj</name>
      </input_file>
      <input_file id="fl-8f">
         <path>C:\ti\ccsv6\tools\compiler\ti-cgt-msp430_4.4.3\lib\</path>
         <kind>archive</kind>
         <file>rts430x.lib</file>
         <name>int62.obj</name>
      </input_file>
      <input_file id="fl-90">
         <path>C:\ti\ccsv6\tools\compiler\ti-cgt-msp430_4.4.3\lib\</path>
         <kind>archive</kind>
         <file>rts430x.lib</file>
         <name>isr_trap.obj</name>
      </input_file>
      <input_file id="fl-91">
         <path>C:\ti\ccsv6\tools\compiler\ti-cgt-msp430_4.4.3\lib\</path>
         <kind>archive</kind>
         <file>rts430x.lib</file>
         <name>lsl16.obj</name>
      </input_file>
      <input_file id="fl-92">
         <path>C:\ti\ccsv6\tools\compiler\ti-cgt-msp430_4.4.3\lib\</path>
         <kind>archive</kind>
         <file>rts430x.lib</file>
         <name>lsl32.obj</name>
      </input_file>
      <input_file id="fl-93">
         <path>C:\ti\ccsv6\tools\compiler\ti-cgt-msp430_4.4.3\lib\</path>
         <kind>archive</kind>
         <file>rts430x.lib</file>
         <name>lsr32.obj</name>
      </input_file>
      <input_file id="fl-9a">
         <path>C:\ti\ccsv6\tools\compiler\ti-cgt-msp430_4.4.3\lib\</path>
         <kind>archive</kind>
         <file>rts430x.lib</file>
         <name>mult16.obj</name>
      </input_file>
      <input_file id="fl-9b">
         <path>C:\ti\ccsv6\tools\compiler\ti-cgt-msp430_4.4.3\lib\</path>
         <kind>archive</kind>
         <file>rts430x.lib</file>
         <name>mult1632_f5hw.obj</name>
      </input_file>
      <input_file id="fl-9c">
         <path>C:\ti\ccsv6\tools\compiler\ti-cgt-msp430_4.4.3\lib\</path>
         <kind>archive</kind>
         <file>rts430x.lib</file>
         <name>mult16_f5hw.obj</name>
      </input_file>
      <input_file id="fl-9d">
         <path>C:\ti\ccsv6\tools\compiler\ti-cgt-msp430_4.4.3\lib\</path>
         <kind>archive</kind>
         <file>rts430x.lib</file>
         <name>mult32.obj</name>
      </input_file>
      <input_file id="fl-9e">
         <path>C:\ti\ccsv6\tools\compiler\ti-cgt-msp430_4.4.3\lib\</path>
         <kind>archive</kind>
         <file>rts430x.lib</file>
         <name>mult3264_f5hw.obj</name>
      </input_file>
      <input_file id="fl-9f">
         <path>C:\ti\ccsv6\tools\compiler\ti-cgt-msp430_4.4.3\lib\</path>
         <kind>archive</kind>
         <file>rts430x.lib</file>
         <name>mult32_f5hw.obj</name>
      </input_file>
      <input_file id="fl-a0">
         <path>C:\ti\ccsv6\tools\compiler\ti-cgt-msp430_4.4.3\lib\</path>
         <kind>archive</kind>
         <file>rts430x.lib</file>
         <name>mult64_f5hw.obj</name>
      </input_file>
      <input_file id="fl-a2">
         <path>C:\ti\ccsv6\tools\compiler\ti-cgt-msp430_4.4.3\lib\</path>
         <kind>archive</kind>
         <file>rts430x.lib</file>
         <name>rotl32.obj</name>
      </input_file>
      <input_file id="fl-a5">
         <path>C:\ti\ccsv6\tools\compiler\ti-cgt-msp430_4.4.3\lib\</path>
         <kind>archive</kind>
         <file>rts430x.lib</file>
         <name>args_main.obj</name>
      </input_file>
      <input_file id="fl-a6">
         <path>C:\ti\ccsv6\tools\compiler\ti-cgt-msp430_4.4.3\lib\</path>
         <kind>archive</kind>
         <file>rts430x.lib</file>
         <name>autoinit.obj</name>
      </input_file>
      <input_file id="fl-d1">
         <path>C:\Users\Nicholas\AppData\Local\Temp\</path>
         <kind>object</kind>
         <file>052442</file>
         <name>052442</name>
      </input_file>
   </input_file_list>
   <object_component_list>
      <object_component id="oc-9b">
         <name>.bss</name>
         <uninitialized>true</uninitialized>
         <run_address>0x1f86</run_address>
         <size>0x45</size>
         <input_file_ref idref="fl-2f"/>
      </object_component>
      <object_component id="oc-a6">
         <name>.bss</name>
         <uninitialized>true</uninitialized>
         <run_address>0x2126</run_address>
         <size>0x8</size>
         <input_file_ref idref="fl-39"/>
      </object_component>
      <object_component id="oc-ac">
         <name>.bss</name>
         <uninitialized>true</uninitialized>
         <run_address>0x20ca</run_address>
         <size>0xc</size>
         <input_file_ref idref="fl-3a"/>
      </object_component>
      <object_component id="oc-b2">
         <name>.bss</name>
         <uninitialized>true</uninitialized>
         <run_address>0x2026</run_address>
         <size>0x1c</size>
         <input_file_ref idref="fl-3b"/>
      </object_component>
      <object_component id="oc-b7">
         <name>.bss</name>
         <uninitialized>true</uninitialized>
         <run_address>0x2158</run_address>
         <size>0x5</size>
         <input_file_ref idref="fl-3c"/>
      </object_component>
      <object_component id="oc-bd">
         <name>.bss</name>
         <uninitialized>true</uninitialized>
         <run_address>0x215e</run_address>
         <size>0x4</size>
         <input_file_ref idref="fl-3d"/>
      </object_component>
      <object_component id="oc-c2">
         <name>.bss</name>
         <uninitialized>true</uninitialized>
         <run_address>0x20d6</run_address>
         <size>0xa</size>
         <input_file_ref idref="fl-3e"/>
      </object_component>
      <object_component id="oc-c7">
         <name>.bss</name>
         <uninitialized>true</uninitialized>
         <run_address>0x2146</run_address>
         <size>0x6</size>
         <input_file_ref idref="fl-3f"/>
      </object_component>
      <object_component id="oc-16b">
         <name>.bss</name>
         <uninitialized>true</uninitialized>
         <run_address>0x1e52</run_address>
         <size>0x5e</size>
         <input_file_ref idref="fl-2c"/>
      </object_component>
      <object_component id="oc-16c">
         <name>.bss</name>
         <uninitialized>true</uninitialized>
         <run_address>0x2108</run_address>
         <size>0xa</size>
         <input_file_ref idref="fl-2e"/>
      </object_component>
      <object_component id="oc-16e">
         <name>.bss</name>
         <uninitialized>true</uninitialized>
         <run_address>0x216a</run_address>
         <size>0x2</size>
         <input_file_ref idref="fl-1c"/>
      </object_component>
      <object_component id="oc-16f">
         <name>.bss</name>
         <uninitialized>true</uninitialized>
         <run_address>0x212e</run_address>
         <size>0x8</size>
         <input_file_ref idref="fl-16"/>
      </object_component>
      <object_component id="oc-170">
         <name>.bss</name>
         <uninitialized>true</uninitialized>
         <run_address>0x2152</run_address>
         <size>0x6</size>
         <input_file_ref idref="fl-21"/>
      </object_component>
      <object_component id="oc-171">
         <name>.bss</name>
         <uninitialized>true</uninitialized>
         <run_address>0x2084</run_address>
         <size>0xe</size>
         <input_file_ref idref="fl-14"/>
      </object_component>
      <object_component id="oc-172">
         <name>.bss</name>
         <uninitialized>true</uninitialized>
         <run_address>0x1f40</run_address>
         <size>0x46</size>
         <input_file_ref idref="fl-1e"/>
      </object_component>
      <object_component id="oc-173">
         <name>.bss</name>
         <uninitialized>true</uninitialized>
         <run_address>0x2072</run_address>
         <size>0x12</size>
         <input_file_ref idref="fl-2"/>
      </object_component>
      <object_component id="oc-174">
         <name>.bss</name>
         <uninitialized>true</uninitialized>
         <run_address>0x211c</run_address>
         <size>0x9</size>
         <input_file_ref idref="fl-5"/>
      </object_component>
      <object_component id="oc-175">
         <name>.bss</name>
         <uninitialized>true</uninitialized>
         <run_address>0x20fe</run_address>
         <size>0xa</size>
         <input_file_ref idref="fl-6"/>
      </object_component>
      <object_component id="oc-176">
         <name>.bss</name>
         <uninitialized>true</uninitialized>
         <run_address>0x2166</run_address>
         <size>0x3</size>
         <input_file_ref idref="fl-7"/>
      </object_component>
      <object_component id="oc-177">
         <name>.bss</name>
         <uninitialized>true</uninitialized>
         <run_address>0x211b</run_address>
         <size>0x1</size>
         <input_file_ref idref="fl-8"/>
      </object_component>
      <object_component id="oc-178">
         <name>.bss</name>
         <uninitialized>true</uninitialized>
         <run_address>0x2008</run_address>
         <size>0x1d</size>
         <input_file_ref idref="fl-a"/>
      </object_component>
      <object_component id="oc-179">
         <name>.bss</name>
         <uninitialized>true</uninitialized>
         <run_address>0x1dc6</run_address>
         <size>0x8c</size>
         <input_file_ref idref="fl-b"/>
      </object_component>
      <object_component id="oc-17a">
         <name>.bss</name>
         <uninitialized>true</uninitialized>
         <run_address>0x2025</run_address>
         <size>0x1</size>
         <input_file_ref idref="fl-c"/>
      </object_component>
      <object_component id="oc-17b">
         <name>.bss</name>
         <uninitialized>true</uninitialized>
         <run_address>0x20f4</run_address>
         <size>0xa</size>
         <input_file_ref idref="fl-d"/>
      </object_component>
      <object_component id="oc-17e">
         <name>.bss</name>
         <uninitialized>true</uninitialized>
         <run_address>0x2112</run_address>
         <size>0x9</size>
         <input_file_ref idref="fl-e"/>
      </object_component>
      <object_component id="oc-17f">
         <name>.bss</name>
         <uninitialized>true</uninitialized>
         <run_address>0x1fcc</run_address>
         <size>0x3c</size>
         <input_file_ref idref="fl-f"/>
      </object_component>
      <object_component id="oc-181">
         <name>.bss</name>
         <uninitialized>true</uninitialized>
         <run_address>0x1fcb</run_address>
         <size>0x1</size>
         <input_file_ref idref="fl-11"/>
      </object_component>
      <object_component id="oc-182">
         <name>.bss</name>
         <uninitialized>true</uninitialized>
         <run_address>0x1f3f</run_address>
         <size>0x1</size>
         <input_file_ref idref="fl-26"/>
      </object_component>
      <object_component id="oc-183">
         <name>.bss</name>
         <uninitialized>true</uninitialized>
         <run_address>0x20e0</run_address>
         <size>0xa</size>
         <input_file_ref idref="fl-12"/>
      </object_component>
      <object_component id="oc-184">
         <name>.bss</name>
         <uninitialized>true</uninitialized>
         <run_address>0x20ea</run_address>
         <size>0xa</size>
         <input_file_ref idref="fl-13"/>
      </object_component>
      <object_component id="oc-185">
         <name>.bss</name>
         <uninitialized>true</uninitialized>
         <run_address>0x2092</run_address>
         <size>0xe</size>
         <input_file_ref idref="fl-17"/>
      </object_component>
      <object_component id="oc-186">
         <name>.bss</name>
         <uninitialized>true</uninitialized>
         <run_address>0x205c</run_address>
         <size>0x16</size>
         <input_file_ref idref="fl-18"/>
      </object_component>
      <object_component id="oc-187">
         <name>.bss</name>
         <uninitialized>true</uninitialized>
         <run_address>0x214c</run_address>
         <size>0x6</size>
         <input_file_ref idref="fl-19"/>
      </object_component>
      <object_component id="oc-188">
         <name>.bss</name>
         <uninitialized>true</uninitialized>
         <run_address>0x1ef8</run_address>
         <size>0x47</size>
         <input_file_ref idref="fl-23"/>
      </object_component>
      <object_component id="oc-189">
         <name>.bss</name>
         <uninitialized>true</uninitialized>
         <run_address>0x1eb0</run_address>
         <size>0x48</size>
         <input_file_ref idref="fl-1a"/>
      </object_component>
      <object_component id="oc-18a">
         <name>.bss</name>
         <uninitialized>true</uninitialized>
         <run_address>0x20a0</run_address>
         <size>0xe</size>
         <input_file_ref idref="fl-1b"/>
      </object_component>
      <object_component id="oc-18b">
         <name>.bss</name>
         <uninitialized>true</uninitialized>
         <run_address>0x2125</run_address>
         <size>0x1</size>
         <input_file_ref idref="fl-1d"/>
      </object_component>
      <object_component id="oc-18c">
         <name>.bss</name>
         <uninitialized>true</uninitialized>
         <run_address>0x1c00</run_address>
         <size>0x1c6</size>
         <input_file_ref idref="fl-1f"/>
      </object_component>
      <object_component id="oc-18d">
         <name>.bss</name>
         <uninitialized>true</uninitialized>
         <run_address>0x20bc</run_address>
         <size>0xe</size>
         <input_file_ref idref="fl-20"/>
      </object_component>
      <object_component id="oc-18e">
         <name>.bss</name>
         <uninitialized>true</uninitialized>
         <run_address>0x2162</run_address>
         <size>0x3</size>
         <input_file_ref idref="fl-25"/>
      </object_component>
      <object_component id="oc-18f">
         <name>.bss</name>
         <uninitialized>true</uninitialized>
         <run_address>0x2042</run_address>
         <size>0x1a</size>
         <input_file_ref idref="fl-28"/>
      </object_component>
      <object_component id="oc-190">
         <name>.bss</name>
         <uninitialized>true</uninitialized>
         <run_address>0x213e</run_address>
         <size>0x7</size>
         <input_file_ref idref="fl-32"/>
      </object_component>
      <object_component id="oc-191">
         <name>.bss</name>
         <uninitialized>true</uninitialized>
         <run_address>0x2136</run_address>
         <size>0x8</size>
         <input_file_ref idref="fl-29"/>
      </object_component>
      <object_component id="oc-192">
         <name>.bss</name>
         <uninitialized>true</uninitialized>
         <run_address>0x20ae</run_address>
         <size>0xe</size>
         <input_file_ref idref="fl-a3"/>
      </object_component>
      <object_component id="oc-d7">
         <name>.stack</name>
         <uninitialized>true</uninitialized>
         <run_address>0x2bac</run_address>
         <size>0x2</size>
         <input_file_ref idref="fl-42"/>
      </object_component>
      <object_component id="oc-301">
         <name>.stack</name>
         <uninitialized>true</uninitialized>
         <run_address>0x2bac</run_address>
         <size>0x0</size>
      </object_component>
      <object_component id="oc-19d">
         <name>.text:_isr:TIMER0_A0_ISR</name>
         <load_address>0x8000</load_address>
         <run_address>0x8000</run_address>
         <size>0x298</size>
         <input_file_ref idref="fl-32"/>
      </object_component>
      <object_component id="oc-260">
         <name>.text:conv_pa_to_meter</name>
         <load_address>0x8298</load_address>
         <run_address>0x8298</run_address>
         <size>0x298</size>
         <input_file_ref idref="fl-2f"/>
      </object_component>
      <object_component id="oc-200">
         <name>.text:BRRX__Scheduler_v</name>
         <load_address>0x8530</load_address>
         <run_address>0x8530</run_address>
         <size>0x284</size>
         <input_file_ref idref="fl-3a"/>
      </object_component>
      <object_component id="oc-1de">
         <name>.text:test_mode</name>
         <load_address>0x87b4</load_address>
         <run_address>0x87b4</run_address>
         <size>0x232</size>
         <input_file_ref idref="fl-22"/>
      </object_component>
      <object_component id="oc-19a">
         <name>.text:_isr:PORT2_ISR</name>
         <load_address>0x89e6</load_address>
         <run_address>0x89e6</run_address>
         <size>0x218</size>
         <input_file_ref idref="fl-2e"/>
      </object_component>
      <object_component id="oc-1e7">
         <name>.text:set_value</name>
         <load_address>0x8bfe</load_address>
         <run_address>0x8bfe</run_address>
         <size>0x206</size>
         <input_file_ref idref="fl-24"/>
      </object_component>
      <object_component id="oc-25a">
         <name>.text:update_pressure_table</name>
         <load_address>0x8e04</load_address>
         <run_address>0x8e04</run_address>
         <size>0x1da</size>
         <input_file_ref idref="fl-2f"/>
      </object_component>
      <object_component id="oc-1a7">
         <name>.text:mx_time</name>
         <load_address>0x8fde</load_address>
         <run_address>0x8fde</run_address>
         <size>0x1d4</size>
         <input_file_ref idref="fl-17"/>
      </object_component>
      <object_component id="oc-25f">
         <name>.text:bmp_ps_get_pa</name>
         <load_address>0x91b2</load_address>
         <run_address>0x91b2</run_address>
         <size>0x18e</size>
         <input_file_ref idref="fl-28"/>
      </object_component>
      <object_component id="oc-1a8">
         <name>.text:display_time</name>
         <load_address>0x9340</load_address>
         <run_address>0x9340</run_address>
         <size>0x166</size>
         <input_file_ref idref="fl-17"/>
      </object_component>
      <object_component id="oc-296">
         <name>.text:smpl_send_link_reply$4</name>
         <load_address>0x94a6</load_address>
         <run_address>0x94a6</run_address>
         <size>0x148</size>
         <input_file_ref idref="fl-6"/>
      </object_component>
      <object_component id="oc-1af">
         <name>.text:display_acceleration</name>
         <load_address>0x95ee</load_address>
         <run_address>0x95ee</run_address>
         <size>0x13a</size>
         <input_file_ref idref="fl-12"/>
      </object_component>
      <object_component id="oc-ff">
         <name>.text</name>
         <load_address>0x9728</load_address>
         <run_address>0x9728</run_address>
         <size>0x130</size>
         <input_file_ref idref="fl-4d"/>
      </object_component>
      <object_component id="oc-1fa">
         <name>.text:display_stopwatch</name>
         <load_address>0x9858</load_address>
         <run_address>0x9858</run_address>
         <size>0x118</size>
         <input_file_ref idref="fl-20"/>
      </object_component>
      <object_component id="oc-247">
         <name>.text:PacketMissed_v</name>
         <load_address>0x9970</load_address>
         <run_address>0x9970</run_address>
         <size>0x10c</size>
         <input_file_ref idref="fl-3a"/>
      </object_component>
      <object_component id="oc-1b3">
         <name>.text:display_counter</name>
         <load_address>0x9a7c</load_address>
         <run_address>0x9a7c</run_address>
         <size>0x10a</size>
         <input_file_ref idref="fl-18"/>
      </object_component>
      <object_component id="oc-1dc">
         <name>.text:init_application</name>
         <load_address>0x9b86</load_address>
         <run_address>0x9b86</run_address>
         <size>0xf8</size>
         <input_file_ref idref="fl-2"/>
      </object_component>
      <object_component id="oc-1fe">
         <name>.text:Mrfi_SyncPinRxIsr$13</name>
         <load_address>0x9c7e</load_address>
         <run_address>0x9c7e</run_address>
         <size>0xf6</size>
         <input_file_ref idref="fl-f"/>
      </object_component>
      <object_component id="oc-1cb">
         <name>.text:check_alarm</name>
         <load_address>0x9d74</load_address>
         <run_address>0x9d74</run_address>
         <size>0xf4</size>
         <input_file_ref idref="fl-13"/>
      </object_component>
      <object_component id="oc-1b6">
         <name>.text:mx_alarm</name>
         <load_address>0x9e68</load_address>
         <run_address>0x9e68</run_address>
         <size>0xf2</size>
         <input_file_ref idref="fl-13"/>
      </object_component>
      <object_component id="oc-1c7">
         <name>.text:stopwatch_tick</name>
         <load_address>0x9f5a</load_address>
         <run_address>0x9f5a</run_address>
         <size>0xea</size>
         <input_file_ref idref="fl-20"/>
      </object_component>
      <object_component id="oc-1ab">
         <name>.text:mx_temperature</name>
         <load_address>0xa044</load_address>
         <run_address>0xa044</run_address>
         <size>0xe6</size>
         <input_file_ref idref="fl-21"/>
      </object_component>
      <object_component id="oc-1ac">
         <name>.text:display_temperature</name>
         <load_address>0xa12a</load_address>
         <run_address>0xa12a</run_address>
         <size>0xd6</size>
         <input_file_ref idref="fl-21"/>
      </object_component>
      <object_component id="oc-1ec">
         <name>.text:int_to_array</name>
         <load_address>0xa200</load_address>
         <run_address>0xa200</run_address>
         <size>0xd2</size>
         <input_file_ref idref="fl-2c"/>
      </object_component>
      <object_component id="oc-227">
         <name>.text:do_counter_measurement</name>
         <load_address>0xa2d2</load_address>
         <run_address>0xa2d2</run_address>
         <size>0xd0</size>
         <input_file_ref idref="fl-18"/>
      </object_component>
      <object_component id="oc-2a3">
         <name>.text:nwk_allocateLocalRxPort</name>
         <load_address>0xa3a2</load_address>
         <run_address>0xa3a2</run_address>
         <size>0xce</size>
         <input_file_ref idref="fl-a"/>
      </object_component>
      <object_component id="oc-1d2">
         <name>.text:display_chars</name>
         <load_address>0xa470</load_address>
         <run_address>0xa470</run_address>
         <size>0xcc</size>
         <input_file_ref idref="fl-2c"/>
      </object_component>
      <object_component id="oc-293">
         <name>.text:MRFI_Transmit</name>
         <load_address>0xa53c</load_address>
         <run_address>0xa53c</run_address>
         <size>0xc6</size>
         <input_file_ref idref="fl-f"/>
      </object_component>
      <object_component id="oc-215">
         <name>.text:read_calibration_values</name>
         <load_address>0xa602</load_address>
         <run_address>0xa602</run_address>
         <size>0xc4</size>
         <input_file_ref idref="fl-2"/>
      </object_component>
      <object_component id="oc-1e1">
         <name>.text:wakeup_event</name>
         <load_address>0xa6c6</load_address>
         <run_address>0xa6c6</run_address>
         <size>0xb8</size>
         <input_file_ref idref="fl-2"/>
      </object_component>
      <object_component id="oc-24a">
         <name>.text:SearchPacketHit_u8</name>
         <load_address>0xa77e</load_address>
         <run_address>0xa77e</run_address>
         <size>0xb6</size>
         <input_file_ref idref="fl-3a"/>
      </object_component>
      <object_component id="oc-113">
         <name>.text</name>
         <load_address>0xa834</load_address>
         <run_address>0xa834</run_address>
         <size>0xb6</size>
         <input_file_ref idref="fl-51"/>
      </object_component>
      <object_component id="oc-223">
         <name>.text:display_altitude</name>
         <load_address>0xa8ea</load_address>
         <run_address>0xa8ea</run_address>
         <size>0xa2</size>
         <input_file_ref idref="fl-14"/>
      </object_component>
      <object_component id="oc-24d">
         <name>.text:Strobe</name>
         <load_address>0xa98c</load_address>
         <run_address>0xa98c</run_address>
         <size>0x98</size>
         <input_file_ref idref="fl-31"/>
      </object_component>
      <object_component id="oc-256">
         <name>.text:bmp_ps_get_cal_param</name>
         <load_address>0xaa24</load_address>
         <run_address>0xaa24</run_address>
         <size>0x8e</size>
         <input_file_ref idref="fl-28"/>
      </object_component>
      <object_component id="oc-268">
         <name>.text:dispatchFrame$11</name>
         <load_address>0xaab2</load_address>
         <run_address>0xaab2</run_address>
         <size>0x8e</size>
         <input_file_ref idref="fl-d"/>
      </object_component>
      <object_component id="oc-280">
         <name>.text:nwk_isConnectionValid</name>
         <load_address>0xab40</load_address>
         <run_address>0xab40</run_address>
         <size>0x8e</size>
         <input_file_ref idref="fl-a"/>
      </object_component>
      <object_component id="oc-109">
         <name>.text</name>
         <load_address>0xabce</load_address>
         <run_address>0xabce</run_address>
         <size>0x8e</size>
         <input_file_ref idref="fl-4f"/>
      </object_component>
      <object_component id="oc-1a4">
         <name>.text:main</name>
         <load_address>0xac5c</load_address>
         <run_address>0xac5c</run_address>
         <size>0x8c</size>
         <input_file_ref idref="fl-2"/>
      </object_component>
      <object_component id="oc-272">
         <name>.text:ps_i2c_sda</name>
         <load_address>0xace8</load_address>
         <run_address>0xace8</run_address>
         <size>0x8c</size>
         <input_file_ref idref="fl-2f"/>
      </object_component>
      <object_component id="oc-29b">
         <name>.text:nwk_buildFrame</name>
         <load_address>0xad74</load_address>
         <run_address>0xad74</run_address>
         <size>0x8a</size>
         <input_file_ref idref="fl-d"/>
      </object_component>
      <object_component id="oc-26b">
         <name>.text:GetData_v</name>
         <load_address>0xadfe</load_address>
         <run_address>0xadfe</run_address>
         <size>0x86</size>
         <input_file_ref idref="fl-3a"/>
      </object_component>
      <object_component id="oc-282">
         <name>.text:TrimACLK_Offset_v</name>
         <load_address>0xae84</load_address>
         <run_address>0xae84</run_address>
         <size>0x86</size>
         <input_file_ref idref="fl-3a"/>
      </object_component>
      <object_component id="oc-19c">
         <name>.text:_isr:TIMER0_A1_5_ISR</name>
         <load_address>0xaf0a</load_address>
         <run_address>0xaf0a</run_address>
         <size>0x84</size>
         <input_file_ref idref="fl-32"/>
      </object_component>
      <object_component id="oc-24f">
         <name>.text:get_numberOfDays</name>
         <load_address>0xaf8e</load_address>
         <run_address>0xaf8e</run_address>
         <size>0x82</size>
         <input_file_ref idref="fl-19"/>
      </object_component>
      <object_component id="oc-25c">
         <name>.text:bmp_ps_get_temp</name>
         <load_address>0xb010</load_address>
         <run_address>0xb010</run_address>
         <size>0x80</size>
         <input_file_ref idref="fl-28"/>
      </object_component>
      <object_component id="oc-202">
         <name>.text:BRRX_RadioReceive_v</name>
         <load_address>0xb090</load_address>
         <run_address>0xb090</run_address>
         <size>0x7e</size>
         <input_file_ref idref="fl-3f"/>
      </object_component>
      <object_component id="oc-28d">
         <name>.text:nwk_sendAckReply</name>
         <load_address>0xb10e</load_address>
         <run_address>0xb10e</run_address>
         <size>0x7c</size>
         <input_file_ref idref="fl-d"/>
      </object_component>
      <object_component id="oc-1f1">
         <name>.text:display_char</name>
         <load_address>0xb18a</load_address>
         <run_address>0xb18a</run_address>
         <size>0x7a</size>
         <input_file_ref idref="fl-2c"/>
      </object_component>
      <object_component id="oc-266">
         <name>.text:nwk_QfindSlot</name>
         <load_address>0xb204</load_address>
         <run_address>0xb204</run_address>
         <size>0x78</size>
         <input_file_ref idref="fl-b"/>
      </object_component>
      <object_component id="oc-242">
         <name>.text:mrfiRadioInterfaceCmdStrobe</name>
         <load_address>0xb27c</load_address>
         <run_address>0xb27c</run_address>
         <size>0x74</size>
         <input_file_ref idref="fl-f"/>
      </object_component>
      <object_component id="oc-274">
         <name>.text:ps_read_register</name>
         <load_address>0xb2f0</load_address>
         <run_address>0xb2f0</run_address>
         <size>0x72</size>
         <input_file_ref idref="fl-2f"/>
      </object_component>
      <object_component id="oc-221">
         <name>.text:battery_measurement</name>
         <load_address>0xb362</load_address>
         <run_address>0xb362</run_address>
         <size>0x6e</size>
         <input_file_ref idref="fl-16"/>
      </object_component>
      <object_component id="oc-1dd">
         <name>.text:init_global_variables</name>
         <load_address>0xb3d0</load_address>
         <run_address>0xb3d0</run_address>
         <size>0x6c</size>
         <input_file_ref idref="fl-2"/>
      </object_component>
      <object_component id="oc-205">
         <name>.text:adc12_single_conversion</name>
         <load_address>0xb43c</load_address>
         <run_address>0xb43c</run_address>
         <size>0x68</size>
         <input_file_ref idref="fl-25"/>
      </object_component>
      <object_component id="oc-295">
         <name>.text:smpl_send_unlink_reply$4</name>
         <load_address>0xb4a4</load_address>
         <run_address>0xb4a4</run_address>
         <size>0x68</size>
         <input_file_ref idref="fl-6"/>
      </object_component>
      <object_component id="oc-1f6">
         <name>.text:convert_acceleration_value_to_mgrav</name>
         <load_address>0xb50c</load_address>
         <run_address>0xb50c</run_address>
         <size>0x66</size>
         <input_file_ref idref="fl-12"/>
      </object_component>
      <object_component id="oc-1f9">
         <name>.text:bmp_as_start</name>
         <load_address>0xb572</load_address>
         <run_address>0xb572</run_address>
         <size>0x64</size>
         <input_file_ref idref="fl-27"/>
      </object_component>
      <object_component id="oc-224">
         <name>.text:do_altitude_measurement</name>
         <load_address>0xb5d6</load_address>
         <run_address>0xb5d6</run_address>
         <size>0x64</size>
         <input_file_ref idref="fl-14"/>
      </object_component>
      <object_component id="oc-1c5">
         <name>.text:MRFI_RadioIsr</name>
         <load_address>0xb63a</load_address>
         <run_address>0xb63a</run_address>
         <size>0x62</size>
         <input_file_ref idref="fl-f"/>
      </object_component>
      <object_component id="oc-25e">
         <name>.text:cma_ps_get_pa</name>
         <load_address>0xb69c</load_address>
         <run_address>0xb69c</run_address>
         <size>0x62</size>
         <input_file_ref idref="fl-2b"/>
      </object_component>
      <object_component id="oc-263">
         <name>.text:as_read_register</name>
         <load_address>0xb6fe</load_address>
         <run_address>0xb6fe</run_address>
         <size>0x60</size>
         <input_file_ref idref="fl-26"/>
      </object_component>
      <object_component id="oc-264">
         <name>.text:as_write_register</name>
         <load_address>0xb75e</load_address>
         <run_address>0xb75e</run_address>
         <size>0x60</size>
         <input_file_ref idref="fl-26"/>
      </object_component>
      <object_component id="oc-1b7">
         <name>.text:display_alarm</name>
         <load_address>0xb7be</load_address>
         <run_address>0xb7be</run_address>
         <size>0x60</size>
         <input_file_ref idref="fl-13"/>
      </object_component>
      <object_component id="oc-1be">
         <name>.text:Timer0_A4_Delay</name>
         <load_address>0xb81e</load_address>
         <run_address>0xb81e</run_address>
         <size>0x5e</size>
         <input_file_ref idref="fl-32"/>
      </object_component>
      <object_component id="oc-26d">
         <name>.text:PrepareForFirstPacket_v</name>
         <load_address>0xb87c</load_address>
         <run_address>0xb87c</run_address>
         <size>0x5c</size>
         <input_file_ref idref="fl-3a"/>
      </object_component>
      <object_component id="oc-1c9">
         <name>.text:clock_tick</name>
         <load_address>0xb8d8</load_address>
         <run_address>0xb8d8</run_address>
         <size>0x5c</size>
         <input_file_ref idref="fl-17"/>
      </object_component>
      <object_component id="oc-1f3">
         <name>.text:temperature_measurement</name>
         <load_address>0xb934</load_address>
         <run_address>0xb934</run_address>
         <size>0x5c</size>
         <input_file_ref idref="fl-21"/>
      </object_component>
      <object_component id="oc-20a">
         <name>.text:write_lcd_mem</name>
         <load_address>0xb990</load_address>
         <run_address>0xb990</run_address>
         <size>0x5c</size>
         <input_file_ref idref="fl-2c"/>
      </object_component>
      <object_component id="oc-26c">
         <name>.text:BRRX__StartNewSearch_v</name>
         <load_address>0xb9ec</load_address>
         <run_address>0xb9ec</run_address>
         <size>0x58</size>
         <input_file_ref idref="fl-3a"/>
      </object_component>
      <object_component id="oc-214">
         <name>.text:cma_ps_init</name>
         <load_address>0xba44</load_address>
         <run_address>0xba44</run_address>
         <size>0x58</size>
         <input_file_ref idref="fl-2b"/>
      </object_component>
      <object_component id="oc-250">
         <name>.text:ps_write_register</name>
         <load_address>0xba9c</load_address>
         <run_address>0xba9c</run_address>
         <size>0x58</size>
         <input_file_ref idref="fl-2f"/>
      </object_component>
      <object_component id="oc-f5">
         <name>.text</name>
         <load_address>0xbaf4</load_address>
         <run_address>0xbaf4</run_address>
         <size>0x58</size>
         <input_file_ref idref="fl-4b"/>
      </object_component>
      <object_component id="oc-1e0">
         <name>.text:clear_line</name>
         <load_address>0xbb4c</load_address>
         <run_address>0xbb4c</run_address>
         <size>0x56</size>
         <input_file_ref idref="fl-2c"/>
      </object_component>
      <object_component id="oc-286">
         <name>.text:ps_i2c_read</name>
         <load_address>0xbba2</load_address>
         <run_address>0xbba2</run_address>
         <size>0x54</size>
         <input_file_ref idref="fl-2f"/>
      </object_component>
      <object_component id="oc-249">
         <name>.text:TestStartTime_v</name>
         <load_address>0xbbf6</load_address>
         <run_address>0xbbf6</run_address>
         <size>0x52</size>
         <input_file_ref idref="fl-3a"/>
      </object_component>
      <object_component id="oc-1e2">
         <name>.text:process_requests</name>
         <load_address>0xbc48</load_address>
         <run_address>0xbc48</run_address>
         <size>0x50</size>
         <input_file_ref idref="fl-2"/>
      </object_component>
      <object_component id="oc-244">
         <name>.text:SearchPacketCheck_u8</name>
         <load_address>0xbc98</load_address>
         <run_address>0xbc98</run_address>
         <size>0x4e</size>
         <input_file_ref idref="fl-3a"/>
      </object_component>
      <object_component id="oc-1f5">
         <name>.text:bmp_as_get_data</name>
         <load_address>0xbce6</load_address>
         <run_address>0xbce6</run_address>
         <size>0x4e</size>
         <input_file_ref idref="fl-27"/>
      </object_component>
      <object_component id="oc-204">
         <name>.text:add_day</name>
         <load_address>0xbd34</load_address>
         <run_address>0xbd34</run_address>
         <size>0x4c</size>
         <input_file_ref idref="fl-19"/>
      </object_component>
      <object_component id="oc-262">
         <name>.text:button_repeat_function</name>
         <load_address>0xbd80</load_address>
         <run_address>0xbd80</run_address>
         <size>0x4c</size>
         <input_file_ref idref="fl-2e"/>
      </object_component>
      <object_component id="oc-25d">
         <name>.text:cma_ps_get_temp</name>
         <load_address>0xbdcc</load_address>
         <run_address>0xbdcc</run_address>
         <size>0x4c</size>
         <input_file_ref idref="fl-2b"/>
      </object_component>
      <object_component id="oc-1e9">
         <name>.text:display_hours</name>
         <load_address>0xbe18</load_address>
         <run_address>0xbe18</run_address>
         <size>0x4c</size>
         <input_file_ref idref="fl-2c"/>
      </object_component>
      <object_component id="oc-11d">
         <name>.text</name>
         <load_address>0xbe64</load_address>
         <run_address>0xbe64</run_address>
         <size>0x4c</size>
         <input_file_ref idref="fl-53"/>
      </object_component>
      <object_component id="oc-1a0">
         <name>.text:_auto_init</name>
         <load_address>0xbeb0</load_address>
         <run_address>0xbeb0</run_address>
         <size>0x4a</size>
         <input_file_ref idref="fl-a6"/>
      </object_component>
      <object_component id="oc-1f8">
         <name>.text:cma_as_start</name>
         <load_address>0xbefa</load_address>
         <run_address>0xbefa</run_address>
         <size>0x4a</size>
         <input_file_ref idref="fl-2a"/>
      </object_component>
      <object_component id="oc-104">
         <name>.text</name>
         <load_address>0xbf44</load_address>
         <run_address>0xbf44</run_address>
         <size>0x4a</size>
         <input_file_ref idref="fl-4e"/>
      </object_component>
      <object_component id="oc-259">
         <name>.text:start_altitude_measurement</name>
         <load_address>0xbf8e</load_address>
         <run_address>0xbf8e</run_address>
         <size>0x4a</size>
         <input_file_ref idref="fl-14"/>
      </object_component>
      <object_component id="oc-1fb">
         <name>.text:toggle_buzzer</name>
         <load_address>0xbfd8</load_address>
         <run_address>0xbfd8</run_address>
         <size>0x4a</size>
         <input_file_ref idref="fl-29"/>
      </object_component>
      <object_component id="oc-26f">
         <name>.text:BR__CalcRandomTimeOffset_u16</name>
         <load_address>0xc022</load_address>
         <run_address>0xc022</run_address>
         <size>0x48</size>
         <input_file_ref idref="fl-3e"/>
      </object_component>
      <object_component id="oc-1bb">
         <name>.text:display_iamonitor</name>
         <load_address>0xc06a</load_address>
         <run_address>0xc06a</run_address>
         <size>0x48</size>
         <input_file_ref idref="fl-1b"/>
      </object_component>
      <object_component id="oc-252">
         <name>.text:SetVCoreUp</name>
         <load_address>0xc0b2</load_address>
         <run_address>0xc0b2</run_address>
         <size>0x46</size>
         <input_file_ref idref="fl-2d"/>
      </object_component>
      <object_component id="oc-118">
         <name>.text</name>
         <load_address>0xc0f8</load_address>
         <run_address>0xc0f8</run_address>
         <size>0x46</size>
         <input_file_ref idref="fl-52"/>
      </object_component>
      <object_component id="oc-1c1">
         <name>.text:start_buzzer</name>
         <load_address>0xc13e</load_address>
         <run_address>0xc13e</run_address>
         <size>0x46</size>
         <input_file_ref idref="fl-29"/>
      </object_component>
      <object_component id="oc-23c">
         <name>.text:mrfiRadioInterfaceReadReg</name>
         <load_address>0xc184</load_address>
         <run_address>0xc184</run_address>
         <size>0x44</size>
         <input_file_ref idref="fl-f"/>
      </object_component>
      <object_component id="oc-294">
         <name>.text:smpl_send_ping_reply$6</name>
         <load_address>0xc1c8</load_address>
         <run_address>0xc1c8</run_address>
         <size>0x44</size>
         <input_file_ref idref="fl-8"/>
      </object_component>
      <object_component id="oc-1b5">
         <name>.text:sx_alarm</name>
         <load_address>0xc20c</load_address>
         <run_address>0xc20c</run_address>
         <size>0x44</size>
         <input_file_ref idref="fl-13"/>
      </object_component>
      <object_component id="oc-23f">
         <name>.text:Mrfi_RxAddrIsFiltered$13</name>
         <load_address>0xc250</load_address>
         <run_address>0xc250</run_address>
         <size>0x42</size>
         <input_file_ref idref="fl-f"/>
      </object_component>
      <object_component id="oc-246">
         <name>.text:PacketHit_u8</name>
         <load_address>0xc292</load_address>
         <run_address>0xc292</run_address>
         <size>0x42</size>
         <input_file_ref idref="fl-3a"/>
      </object_component>
      <object_component id="oc-26e">
         <name>.text:BRRX__NewInfo_v</name>
         <load_address>0xc2d4</load_address>
         <run_address>0xc2d4</run_address>
         <size>0x40</size>
         <input_file_ref idref="fl-3d"/>
      </object_component>
      <object_component id="oc-273">
         <name>.text:ps_i2c_write</name>
         <load_address>0xc314</load_address>
         <run_address>0xc314</run_address>
         <size>0x40</size>
         <input_file_ref idref="fl-2f"/>
      </object_component>
      <object_component id="oc-21b">
         <name>.text:reset_altitude_measurement</name>
         <load_address>0xc354</load_address>
         <run_address>0xc354</run_address>
         <size>0x40</size>
         <input_file_ref idref="fl-14"/>
      </object_component>
      <object_component id="oc-f0">
         <name>.text</name>
         <load_address>0xc394</load_address>
         <run_address>0xc394</run_address>
         <size>0x40</size>
         <input_file_ref idref="fl-4a"/>
      </object_component>
      <object_component id="oc-279">
         <name>.text:l_asr_const</name>
         <load_address>0xc3d4</load_address>
         <run_address>0xc3d4</run_address>
         <size>0x3e</size>
         <input_file_ref idref="fl-41"/>
      </object_component>
      <object_component id="oc-278">
         <name>.text:l_lsl_const</name>
         <load_address>0xc412</load_address>
         <run_address>0xc412</run_address>
         <size>0x3e</size>
         <input_file_ref idref="fl-92"/>
      </object_component>
      <object_component id="oc-27a">
         <name>.text:l_lsr_const</name>
         <load_address>0xc450</load_address>
         <run_address>0xc450</run_address>
         <size>0x3e</size>
         <input_file_ref idref="fl-93"/>
      </object_component>
      <object_component id="oc-1c8">
         <name>.text:BRRX_TimerTask_v</name>
         <load_address>0xc48e</load_address>
         <run_address>0xc48e</run_address>
         <size>0x3c</size>
         <input_file_ref idref="fl-39"/>
      </object_component>
      <object_component id="oc-237">
         <name>.text:as_start</name>
         <load_address>0xc4ca</load_address>
         <run_address>0xc4ca</run_address>
         <size>0x3c</size>
         <input_file_ref idref="fl-26"/>
      </object_component>
      <object_component id="oc-29d">
         <name>.text:nwk_findPeer</name>
         <load_address>0xc506</load_address>
         <run_address>0xc506</run_address>
         <size>0x3c</size>
         <input_file_ref idref="fl-a"/>
      </object_component>
      <object_component id="oc-2a1">
         <name>.text:nwk_isLinkDuplicate</name>
         <load_address>0xc542</load_address>
         <run_address>0xc542</run_address>
         <size>0x3c</size>
         <input_file_ref idref="fl-a"/>
      </object_component>
      <object_component id="oc-1c6">
         <name>.text:update_stopwatch_timer</name>
         <load_address>0xc57e</load_address>
         <run_address>0xc57e</run_address>
         <size>0x3c</size>
         <input_file_ref idref="fl-20"/>
      </object_component>
      <object_component id="oc-24e">
         <name>.text:WriteSingleReg</name>
         <load_address>0xc5ba</load_address>
         <run_address>0xc5ba</run_address>
         <size>0x3a</size>
         <input_file_ref idref="fl-31"/>
      </object_component>
      <object_component id="oc-2a2">
         <name>.text:nwk_getNextConnection</name>
         <load_address>0xc5f4</load_address>
         <run_address>0xc5f4</run_address>
         <size>0x38</size>
         <input_file_ref idref="fl-a"/>
      </object_component>
      <object_component id="oc-269">
         <name>.text:mrfiRadioInterfaceWriteReg</name>
         <load_address>0xc62c</load_address>
         <run_address>0xc62c</run_address>
         <size>0x36</size>
         <input_file_ref idref="fl-f"/>
      </object_component>
      <object_component id="oc-298">
         <name>.text:mrfiRadioInterfaceWriteTxFifo</name>
         <load_address>0xc662</load_address>
         <run_address>0xc662</run_address>
         <size>0x36</size>
         <input_file_ref idref="fl-f"/>
      </object_component>
      <object_component id="oc-28c">
         <name>.text:nwk_processMgmt</name>
         <load_address>0xc698</load_address>
         <run_address>0xc698</run_address>
         <size>0x36</size>
         <input_file_ref idref="fl-7"/>
      </object_component>
      <object_component id="oc-10e">
         <name>.text</name>
         <load_address>0xc6ce</load_address>
         <run_address>0xc6ce</run_address>
         <size>0x36</size>
         <input_file_ref idref="fl-50"/>
      </object_component>
      <object_component id="oc-248">
         <name>.text:TrimRFCLK_Offset_v</name>
         <load_address>0xc704</load_address>
         <run_address>0xc704</run_address>
         <size>0x34</size>
         <input_file_ref idref="fl-3a"/>
      </object_component>
      <object_component id="oc-2a7">
         <name>.text:initializeConnection$8</name>
         <load_address>0xc738</load_address>
         <run_address>0xc738</run_address>
         <size>0x34</size>
         <input_file_ref idref="fl-a"/>
      </object_component>
      <object_component id="oc-20d">
         <name>.text:radio_reset</name>
         <load_address>0xc76c</load_address>
         <run_address>0xc76c</run_address>
         <size>0x34</size>
         <input_file_ref idref="fl-30"/>
      </object_component>
      <object_component id="oc-201">
         <name>.text:BRRX_RadioStop_v</name>
         <load_address>0xc7a0</load_address>
         <run_address>0xc7a0</run_address>
         <size>0x32</size>
         <input_file_ref idref="fl-3f"/>
      </object_component>
      <object_component id="oc-1d0">
         <name>.text:as_stop</name>
         <load_address>0xc7d2</load_address>
         <run_address>0xc7d2</run_address>
         <size>0x32</size>
         <input_file_ref idref="fl-26"/>
      </object_component>
      <object_component id="oc-1e3">
         <name>.text:display_update</name>
         <load_address>0xc804</load_address>
         <run_address>0xc804</run_address>
         <size>0x32</size>
         <input_file_ref idref="fl-2"/>
      </object_component>
      <object_component id="oc-23d">
         <name>.text:mrfiRadioInterfaceReadRxFifo</name>
         <load_address>0xc836</load_address>
         <run_address>0xc836</run_address>
         <size>0x32</size>
         <input_file_ref idref="fl-f"/>
      </object_component>
      <object_component id="oc-122">
         <name>.text</name>
         <load_address>0xc868</load_address>
         <run_address>0xc868</run_address>
         <size>0x32</size>
         <input_file_ref idref="fl-54"/>
      </object_component>
      <object_component id="oc-28f">
         <name>.text:nwk_isValidReply</name>
         <load_address>0xc89a</load_address>
         <run_address>0xc89a</run_address>
         <size>0x30</size>
         <input_file_ref idref="fl-a"/>
      </object_component>
      <object_component id="oc-29c">
         <name>.text:nwk_sendFrame</name>
         <load_address>0xc8ca</load_address>
         <run_address>0xc8ca</run_address>
         <size>0x30</size>
         <input_file_ref idref="fl-d"/>
      </object_component>
      <object_component id="oc-20f">
         <name>.text:as_init</name>
         <load_address>0xc8fa</load_address>
         <run_address>0xc8fa</run_address>
         <size>0x2e</size>
         <input_file_ref idref="fl-26"/>
      </object_component>
      <object_component id="oc-213">
         <name>.text:bmp_ps_init</name>
         <load_address>0xc928</load_address>
         <run_address>0xc928</run_address>
         <size>0x2e</size>
         <input_file_ref idref="fl-28"/>
      </object_component>
      <object_component id="oc-2a8">
         <name>.text:map_lid2idx$8</name>
         <load_address>0xc956</load_address>
         <run_address>0xc956</run_address>
         <size>0x2e</size>
         <input_file_ref idref="fl-a"/>
      </object_component>
      <object_component id="oc-27d">
         <name>.text:nwk_QadjustOrder</name>
         <load_address>0xc984</load_address>
         <run_address>0xc984</run_address>
         <size>0x2e</size>
         <input_file_ref idref="fl-b"/>
      </object_component>
      <object_component id="oc-297">
         <name>.text:Mrfi_RxModeOff$13</name>
         <load_address>0xc9b2</load_address>
         <run_address>0xc9b2</run_address>
         <size>0x2c</size>
         <input_file_ref idref="fl-f"/>
      </object_component>
      <object_component id="oc-1f4">
         <name>.text:cma_as_get_data</name>
         <load_address>0xc9de</load_address>
         <run_address>0xc9de</run_address>
         <size>0x2c</size>
         <input_file_ref idref="fl-2a"/>
      </object_component>
      <object_component id="oc-e6">
         <name>.text</name>
         <load_address>0xca0a</load_address>
         <run_address>0xca0a</run_address>
         <size>0x2c</size>
         <input_file_ref idref="fl-48"/>
      </object_component>
      <object_component id="oc-240">
         <name>.text:Mrfi_CalculateRssi$13</name>
         <load_address>0xca36</load_address>
         <run_address>0xca36</run_address>
         <size>0x2a</size>
         <input_file_ref idref="fl-f"/>
      </object_component>
      <object_component id="oc-24b">
         <name>.text:SearchPacketMissed_u8</name>
         <load_address>0xca60</load_address>
         <run_address>0xca60</run_address>
         <size>0x2a</size>
         <input_file_ref idref="fl-3a"/>
      </object_component>
      <object_component id="oc-1fc">
         <name>.text:Timer0_A3_Start</name>
         <load_address>0xca8a</load_address>
         <run_address>0xca8a</run_address>
         <size>0x2a</size>
         <input_file_ref idref="fl-32"/>
      </object_component>
      <object_component id="oc-210">
         <name>.text:lcd_init</name>
         <load_address>0xcab4</load_address>
         <run_address>0xcab4</run_address>
         <size>0x2a</size>
         <input_file_ref idref="fl-2c"/>
      </object_component>
      <object_component id="oc-1ae">
         <name>.text:sx_acceleration</name>
         <load_address>0xcade</load_address>
         <run_address>0xcade</run_address>
         <size>0x2a</size>
         <input_file_ref idref="fl-12"/>
      </object_component>
      <object_component id="oc-261">
         <name>.text:do_count</name>
         <load_address>0xcb08</load_address>
         <run_address>0xcb08</run_address>
         <size>0x28</size>
         <input_file_ref idref="fl-18"/>
      </object_component>
      <object_component id="oc-20c">
         <name>.text:SetVCore</name>
         <load_address>0xcb30</load_address>
         <run_address>0xcb30</run_address>
         <size>0x26</size>
         <input_file_ref idref="fl-2d"/>
      </object_component>
      <object_component id="oc-253">
         <name>.text:SetVCoreDown</name>
         <load_address>0xcb56</load_address>
         <run_address>0xcb56</run_address>
         <size>0x26</size>
         <input_file_ref idref="fl-2d"/>
      </object_component>
      <object_component id="oc-291">
         <name>.text:handleLinkRequest$4</name>
         <load_address>0xcb7c</load_address>
         <run_address>0xcb7c</run_address>
         <size>0x26</size>
         <input_file_ref idref="fl-6"/>
      </object_component>
      <object_component id="oc-211">
         <name>.text:init_buttons</name>
         <load_address>0xcba2</load_address>
         <run_address>0xcba2</run_address>
         <size>0x26</size>
         <input_file_ref idref="fl-2e"/>
      </object_component>
      <object_component id="oc-258">
         <name>.text:init_pressure_table</name>
         <load_address>0xcbc8</load_address>
         <run_address>0xcbc8</run_address>
         <size>0x26</size>
         <input_file_ref idref="fl-2f"/>
      </object_component>
      <object_component id="oc-283">
         <name>.text:BRRX_GetState_t</name>
         <load_address>0xcbee</load_address>
         <run_address>0xcbee</run_address>
         <size>0x24</size>
         <input_file_ref idref="fl-3d"/>
      </object_component>
      <object_component id="oc-287">
         <name>.text:nwk_processPing</name>
         <load_address>0xcc12</load_address>
         <run_address>0xcc12</run_address>
         <size>0x24</size>
         <input_file_ref idref="fl-8"/>
      </object_component>
      <object_component id="oc-254">
         <name>.text:ps_init</name>
         <load_address>0xcc36</load_address>
         <run_address>0xcc36</run_address>
         <size>0x24</size>
         <input_file_ref idref="fl-2f"/>
      </object_component>
      <object_component id="oc-127">
         <name>.text</name>
         <load_address>0xcc5a</load_address>
         <run_address>0xcc5a</run_address>
         <size>0x24</size>
         <input_file_ref idref="fl-55"/>
      </object_component>
      <object_component id="oc-281">
         <name>.text:BSP_Delay</name>
         <load_address>0xcc7e</load_address>
         <run_address>0xcc7e</run_address>
         <size>0x22</size>
         <input_file_ref idref="fl-10"/>
      </object_component>
      <object_component id="oc-1e8">
         <name>.text:display_value</name>
         <load_address>0xcca0</load_address>
         <run_address>0xcca0</run_address>
         <size>0x22</size>
         <input_file_ref idref="fl-2c"/>
      </object_component>
      <object_component id="oc-27e">
         <name>.text:memcmp</name>
         <load_address>0xccc2</load_address>
         <run_address>0xccc2</run_address>
         <size>0x22</size>
         <input_file_ref idref="fl-94"/>
      </object_component>
      <object_component id="oc-288">
         <name>.text:nwk_processLink</name>
         <load_address>0xcce4</load_address>
         <run_address>0xcce4</run_address>
         <size>0x22</size>
         <input_file_ref idref="fl-6"/>
      </object_component>
      <object_component id="oc-206">
         <name>.text</name>
         <load_address>0xcd06</load_address>
         <run_address>0xcd06</run_address>
         <size>0x22</size>
         <input_file_ref idref="fl-9f"/>
      </object_component>
      <object_component id="oc-1cf">
         <name>.text:stop_altitude_measurement</name>
         <load_address>0xcd28</load_address>
         <run_address>0xcd28</run_address>
         <size>0x22</size>
         <input_file_ref idref="fl-14"/>
      </object_component>
      <object_component id="oc-241">
         <name>.text:MRFI_RxCompleteISR</name>
         <load_address>0xcd4a</load_address>
         <run_address>0xcd4a</run_address>
         <size>0x20</size>
         <input_file_ref idref="fl-d"/>
      </object_component>
      <object_component id="oc-19b">
         <name>.text:_isr:radio_ISR</name>
         <load_address>0xcd6a</load_address>
         <run_address>0xcd6a</run_address>
         <size>0x20</size>
         <input_file_ref idref="fl-30"/>
      </object_component>
      <object_component id="oc-226">
         <name>.text:do_acceleration_measurement</name>
         <load_address>0xcd8a</load_address>
         <run_address>0xcd8a</run_address>
         <size>0x20</size>
         <input_file_ref idref="fl-12"/>
      </object_component>
      <object_component id="oc-217">
         <name>.text:reset_clock</name>
         <load_address>0xcdaa</load_address>
         <run_address>0xcdaa</run_address>
         <size>0x20</size>
         <input_file_ref idref="fl-17"/>
      </object_component>
      <object_component id="oc-1ff">
         <name>.text:reset_stopwatch</name>
         <load_address>0xcdca</load_address>
         <run_address>0xcdca</run_address>
         <size>0x20</size>
         <input_file_ref idref="fl-20"/>
      </object_component>
      <object_component id="oc-1fd">
         <name>.text:stop_buzzer</name>
         <load_address>0xcdea</load_address>
         <run_address>0xcdea</run_address>
         <size>0x20</size>
         <input_file_ref idref="fl-29"/>
      </object_component>
      <object_component id="oc-203">
         <name>.text:SetAbsoluteTimer_v</name>
         <load_address>0xce0a</load_address>
         <run_address>0xce0a</run_address>
         <size>0x1e</size>
         <input_file_ref idref="fl-39"/>
      </object_component>
      <object_component id="oc-1d1">
         <name>.text:display_symbol</name>
         <load_address>0xce28</load_address>
         <run_address>0xce28</run_address>
         <size>0x1e</size>
         <input_file_ref idref="fl-2c"/>
      </object_component>
      <object_component id="oc-2a6">
         <name>.text:memmove</name>
         <load_address>0xce46</load_address>
         <run_address>0xce46</run_address>
         <size>0x1e</size>
         <input_file_ref idref="fl-96"/>
      </object_component>
      <object_component id="oc-26a">
         <name>.text:Mrfi_DelayUsec$13</name>
         <load_address>0xce64</load_address>
         <run_address>0xce64</run_address>
         <size>0x1c</size>
         <input_file_ref idref="fl-f"/>
      </object_component>
      <object_component id="oc-299">
         <name>.text:Mrfi_RandomBackoffDelay$13</name>
         <load_address>0xce80</load_address>
         <run_address>0xce80</run_address>
         <size>0x1c</size>
         <input_file_ref idref="fl-f"/>
      </object_component>
      <object_component id="oc-1e4">
         <name>.text:clear_display_all</name>
         <load_address>0xce9c</load_address>
         <run_address>0xce9c</run_address>
         <size>0x1c</size>
         <input_file_ref idref="fl-2c"/>
      </object_component>
      <object_component id="oc-25b">
         <name>.text:convert_m_to_ft</name>
         <load_address>0xceb8</load_address>
         <run_address>0xceb8</run_address>
         <size>0x1c</size>
         <input_file_ref idref="fl-14"/>
      </object_component>
      <object_component id="oc-1ed">
         <name>.text:display_am_pm_symbol</name>
         <load_address>0xced4</load_address>
         <run_address>0xced4</run_address>
         <size>0x1c</size>
         <input_file_ref idref="fl-2c"/>
      </object_component>
      <object_component id="oc-245">
         <name>.text:GetPacketTolerance_u8</name>
         <load_address>0xcef0</load_address>
         <run_address>0xcef0</run_address>
         <size>0x1a</size>
         <input_file_ref idref="fl-3a"/>
      </object_component>
      <object_component id="oc-19e">
         <name>.text:_isr:ADC12ISR</name>
         <load_address>0xcf0a</load_address>
         <run_address>0xcf0a</run_address>
         <size>0x1a</size>
         <input_file_ref idref="fl-25"/>
      </object_component>
      <object_component id="oc-95">
         <name>.text:_isr:_c_int00_noargs_noexit</name>
         <load_address>0xcf24</load_address>
         <run_address>0xcf24</run_address>
         <size>0x1a</size>
         <input_file_ref idref="fl-43"/>
      </object_component>
      <object_component id="oc-1c0">
         <name>.text:stop_stopwatch</name>
         <load_address>0xcf3e</load_address>
         <run_address>0xcf3e</run_address>
         <size>0x1a</size>
         <input_file_ref idref="fl-20"/>
      </object_component>
      <object_component id="oc-271">
         <name>.text:ReadSingleReg</name>
         <load_address>0xcf58</load_address>
         <run_address>0xcf58</run_address>
         <size>0x18</size>
         <input_file_ref idref="fl-31"/>
      </object_component>
      <object_component id="oc-1f0">
         <name>.text:convert_C_to_F</name>
         <load_address>0xcf70</load_address>
         <run_address>0xcf70</run_address>
         <size>0x18</size>
         <input_file_ref idref="fl-21"/>
      </object_component>
      <object_component id="oc-1ef">
         <name>.text:convert_hour_to_12H_format</name>
         <load_address>0xcf88</load_address>
         <run_address>0xcf88</run_address>
         <size>0x18</size>
         <input_file_ref idref="fl-17"/>
      </object_component>
      <object_component id="oc-225">
         <name>.text:display_all_on</name>
[...]
         <object_component_ref idref="oc-27b"/>
      </symbol>
      <symbol id="sm-e19">
         <name>convert_F_to_C</name>
         <value>0xd0d2</value>
         <object_component_ref idref="oc-1f2"/>
      </symbol>
      <symbol id="sm-e1a">
         <name>cma_mgrav_per_bit</name>
         <value>0xd8b0</value>
         <object_component_ref idref="oc-233"/>
      </symbol>
      <symbol id="sm-e1b">
         <name>main</name>
         <value>0xac5c</value>
         <object_component_ref idref="oc-1a4"/>
      </symbol>
      <symbol id="sm-e1c">
         <name>sTimer</name>
         <value>0x2142</value>
         <object_component_ref idref="oc-190"/>
      </symbol>
      <symbol id="sm-e1d">
         <name>display_all_on</name>
         <value>0xcfa0</value>
         <object_component_ref idref="oc-225"/>
      </symbol>
      <symbol id="sm-e1e">
         <name>nwk_isLinkDuplicate</name>
         <value>0xc542</value>
         <object_component_ref idref="oc-2a1"/>
      </symbol>
      <symbol id="sm-e1f">
         <name>switch_seg</name>
         <value>0xd380</value>
         <object_component_ref idref="oc-1ee"/>
      </symbol>
      <symbol id="sm-e20">
         <name>as_stop</name>
         <value>0xc7d2</value>
         <object_component_ref idref="oc-1d0"/>
      </symbol>
      <symbol id="sm-e21">
         <name>display_alarm</name>
         <value>0xb7be</value>
         <object_component_ref idref="oc-1b7"/>
      </symbol>
      <symbol id="sm-e22">
         <name>reset_counter</name>
         <value>0xd1e8</value>
         <object_component_ref idref="oc-216"/>
      </symbol>
      <symbol id="sm-e23">
         <name>MRFI_Transmit</name>
         <value>0xa53c</value>
         <object_component_ref idref="oc-293"/>
      </symbol>
      <symbol id="sm-e24">
         <name>button</name>
         <value>0x2108</value>
         <object_component_ref idref="oc-16c"/>
      </symbol>
      <symbol id="sm-e25">
         <name>last_stateX</name>
         <value>0x20ee</value>
         <object_component_ref idref="oc-184"/>
      </symbol>
      <symbol id="sm-e26">
         <name>last_stateY</name>
         <value>0x20ef</value>
         <object_component_ref idref="oc-184"/>
      </symbol>
      <symbol id="sm-e27">
         <name>last_stateZ</name>
         <value>0x20f0</value>
         <object_component_ref idref="oc-184"/>
      </symbol>
      <symbol id="sm-e28">
         <name>sx_acceleration</name>
         <value>0xcade</value>
         <object_component_ref idref="oc-1ae"/>
      </symbol>
      <symbol id="sm-e29">
         <name>message</name>
         <value>0x2076</value>
         <object_component_ref idref="oc-173"/>
      </symbol>
      <symbol id="sm-e2a">
         <name>sButton</name>
         <value>0x210a</value>
         <object_component_ref idref="oc-16c"/>
      </symbol>
      <symbol id="sm-e2b">
         <name>bmp_ps_read_register</name>
         <value>0xd242</value>
         <object_component_ref idref="oc-255"/>
      </symbol>
      <symbol id="sm-e2c">
         <name>battery_measurement</name>
         <value>0xb362</value>
         <object_component_ref idref="oc-221"/>
      </symbol>
      <symbol id="sm-e2d">
         <name>mx_temperature</name>
         <value>0xa044</value>
         <object_component_ref idref="oc-1ab"/>
      </symbol>
      <symbol id="sm-e2e">
         <name>Timer0_Init</name>
         <value>0xd082</value>
         <object_component_ref idref="oc-212"/>
      </symbol>
      <symbol id="sm-e2f">
         <name>menu_L1_Iamonitor</name>
         <value>0xd786</value>
         <object_component_ref idref="oc-16d"/>
      </symbol>
      <symbol id="sm-e30">
         <name>sStopwatch</name>
         <value>0x20bc</value>
         <object_component_ref idref="oc-18d"/>
      </symbol>
      <symbol id="sm-e31">
         <name>mx_time</name>
         <value>0x8fde</value>
         <object_component_ref idref="oc-1a7"/>
      </symbol>
      <symbol id="sm-e32">
         <name>simpliciti_ed_address</name>
         <value>0x1f40</value>
         <object_component_ref idref="oc-172"/>
      </symbol>
      <symbol id="sm-e33">
         <name>check_alarm</name>
         <value>0x9d74</value>
         <object_component_ref idref="oc-1cb"/>
      </symbol>
      <symbol id="sm-e34">
         <name>nwk_isConnectionValid</name>
         <value>0xab40</value>
         <object_component_ref idref="oc-280"/>
      </symbol>
      <symbol id="sm-e35">
         <name>sBuzzer</name>
         <value>0x2136</value>
         <object_component_ref idref="oc-191"/>
      </symbol>
      <symbol id="sm-e36">
         <name>reset_altitude_measurement</name>
         <value>0xc354</value>
         <object_component_ref idref="oc-21b"/>
      </symbol>
      <symbol id="sm-e37">
         <name>cma_as_get_data</name>
         <value>0xc9de</value>
         <object_component_ref idref="oc-1f4"/>
      </symbol>
      <symbol id="sm-e38">
         <name>do_count</name>
         <value>0xcb08</value>
         <object_component_ref idref="oc-261"/>
      </symbol>
      <symbol id="sm-e39">
         <name>offset</name>
         <value>0x1f3e</value>
         <object_component_ref idref="oc-188"/>
      </symbol>
      <symbol id="sm-e3a">
         <name>display_chars</name>
         <value>0xa470</value>
         <object_component_ref idref="oc-1d2"/>
      </symbol>
      <symbol id="sm-e3b">
         <name>set_blink_rate</name>
         <value>0xd1f6</value>
         <object_component_ref idref="oc-22b"/>
      </symbol>
      <symbol id="sm-e3c">
         <name>reset_date</name>
         <value>0xd0be</value>
         <object_component_ref idref="oc-218"/>
      </symbol>
      <symbol id="sm-e3d">
         <name>nwk_isValidReply</name>
         <value>0xc89a</value>
         <object_component_ref idref="oc-28f"/>
      </symbol>
      <symbol id="sm-e3e">
         <name>Timer0_A4_Delay</name>
         <value>0xb81e</value>
         <object_component_ref idref="oc-1be"/>
      </symbol>
      <symbol id="sm-e3f">
         <name>cma_ps_stop</name>
         <value>0xd344</value>
         <object_component_ref idref="oc-208"/>
      </symbol>
      <symbol id="sm-e40">
         <name>bmp_param_b5</name>
         <value>0x2058</value>
         <object_component_ref idref="oc-18f"/>
      </symbol>
      <symbol id="sm-e41">
         <name>nwk_sendAckReply</name>
         <value>0xb10e</value>
         <object_component_ref idref="oc-28d"/>
      </symbol>
      <symbol id="sm-e42">
         <name>burst_start</name>
         <value>0x1f6e</value>
         <object_component_ref idref="oc-172"/>
      </symbol>
      <symbol id="sm-e43">
         <name>toggle_buzzer</name>
         <value>0xbfd8</value>
         <object_component_ref idref="oc-1fb"/>
      </symbol>
      <symbol id="sm-e44">
         <name>sys</name>
         <value>0x2072</value>
         <object_component_ref idref="oc-173"/>
      </symbol>
      <symbol id="sm-e45">
         <name>bmp_ps_get_pa</name>
         <value>0x91b2</value>
         <object_component_ref idref="oc-25f"/>
      </symbol>
      <symbol id="sm-e46">
         <name>convert_acceleration_value_to_mgrav</name>
         <value>0xb50c</value>
         <object_component_ref idref="oc-1f6"/>
      </symbol>
      <symbol id="sm-e47">
         <name>stop_blink</name>
         <value>0xd3dc</value>
         <object_component_ref idref="oc-27c"/>
      </symbol>
      <symbol id="sm-e48">
         <name>is_rf</name>
         <value>0xd2ae</value>
         <object_component_ref idref="oc-1bd"/>
      </symbol>
      <symbol id="sm-e49">
         <name>nwk_getMyAddress</name>
         <value>0xd12c</value>
         <object_component_ref idref="oc-292"/>
      </symbol>
      <symbol id="sm-e4a">
         <name>clear_line</name>
         <value>0xbb4c</value>
         <object_component_ref idref="oc-1e0"/>
      </symbol>
      <symbol id="sm-e4b">
         <name>nwk_allocateLocalRxPort</name>
         <value>0xa3a2</value>
         <object_component_ref idref="oc-2a3"/>
      </symbol>
      <symbol id="sm-e4c">
         <name>do_altitude_measurement</name>
         <value>0xb5d6</value>
         <object_component_ref idref="oc-224"/>
      </symbol>
      <symbol id="sm-e4d">
         <name>display</name>
         <value>0x1e52</value>
         <object_component_ref idref="oc-16b"/>
      </symbol>
      <symbol id="sm-e4e">
         <name>update_time</name>
         <value>0xd38a</value>
         <object_component_ref idref="oc-1a9"/>
      </symbol>
      <symbol id="sm-e4f">
         <name>segments_bitmask</name>
         <value>0xd81c</value>
         <object_component_ref idref="oc-209"/>
      </symbol>
      <symbol id="sm-e50">
         <name>is_counter_measurement</name>
         <value>0xd2a2</value>
         <object_component_ref idref="oc-1c4"/>
      </symbol>
      <symbol id="sm-e51">
         <name>display_all_off</name>
         <value>0xd0aa</value>
         <object_component_ref idref="oc-222"/>
      </symbol>
      <symbol id="sm-e52">
         <name>PORT2_ISR</name>
         <value>0x89e6</value>
         <object_component_ref idref="oc-19a"/>
      </symbol>
      <symbol id="sm-e53">
         <name>nwk_processSecurity</name>
         <value>0xd3fe</value>
         <object_component_ref idref="oc-28a"/>
      </symbol>
      <symbol id="sm-e54">
         <name>memmove</name>
         <value>0xce46</value>
         <object_component_ref idref="oc-2a6"/>
      </symbol>
      <symbol id="sm-e55">
         <name>stop_altitude_measurement</name>
         <value>0xcd28</value>
         <object_component_ref idref="oc-1cf"/>
      </symbol>
      <symbol id="sm-e56">
         <name>mrfiRadioInterfaceWriteTxFifo</name>
         <value>0xc662</value>
         <object_component_ref idref="oc-298"/>
      </symbol>
      <symbol id="sm-e57">
         <name>BSP_Delay</name>
         <value>0xcc7e</value>
         <object_component_ref idref="oc-281"/>
      </symbol>
      <symbol id="sm-e58">
         <name>clock_tick</name>
         <value>0xb8d8</value>
         <object_component_ref idref="oc-1c9"/>
      </symbol>
      <symbol id="sm-e59">
         <name>menu_L1_Time</name>
         <value>0xd72a</value>
         <object_component_ref idref="oc-16d"/>
      </symbol>
      <symbol id="sm-e5a">
         <name>nwk_processMgmt</name>
         <value>0xc698</value>
         <object_component_ref idref="oc-28c"/>
      </symbol>
      <symbol id="sm-e5b">
         <name>SetVCoreUp</name>
         <value>0xc0b2</value>
         <object_component_ref idref="oc-252"/>
      </symbol>
      <symbol id="sm-e5c">
         <name>display_temperature</name>
         <value>0xa12a</value>
         <object_component_ref idref="oc-1ac"/>
      </symbol>
      <symbol id="sm-e5d">
         <name>reset_stopwatch</name>
         <value>0xcdca</value>
         <object_component_ref idref="oc-1ff"/>
      </symbol>
      <symbol id="sm-e5e">
         <name>process_requests</name>
         <value>0xbc48</value>
         <object_component_ref idref="oc-1e2"/>
      </symbol>
      <symbol id="sm-e5f">
         <name>display_acceleration</name>
         <value>0x95ee</value>
         <object_component_ref idref="oc-1af"/>
      </symbol>
      <symbol id="sm-e60">
         <name>selection_Timeformat</name>
         <value>0xd8c8</value>
         <object_component_ref idref="oc-228"/>
      </symbol>
      <symbol id="sm-e61">
         <name>adc12_single_conversion</name>
         <value>0xb43c</value>
         <object_component_ref idref="oc-205"/>
      </symbol>
      <symbol id="sm-e62">
         <name>sx_iamonitor</name>
         <value>0xd204</value>
         <object_component_ref idref="oc-1b9"/>
      </symbol>
      <symbol id="sm-e63">
         <name>lcd_init</name>
         <value>0xcab4</value>
         <object_component_ref idref="oc-210"/>
      </symbol>
      <symbol id="sm-e64">
         <name>bmp_as_start</name>
         <value>0xb572</value>
         <object_component_ref idref="oc-1f9"/>
      </symbol>
      <symbol id="sm-e65">
         <name>clear_blink_mem</name>
         <value>0xd3ca</value>
         <object_component_ref idref="oc-229"/>
      </symbol>
      <symbol id="sm-e66">
         <name>mx_counter</name>
         <value>0xd2c6</value>
         <object_component_ref idref="oc-1b2"/>
      </symbol>
      <symbol id="sm-e67">
         <name>ADC12ISR</name>
         <value>0xcf0a</value>
         <object_component_ref idref="oc-19e"/>
      </symbol>
      <symbol id="sm-e68">
         <name>dp</name>
         <value>0x1c6a</value>
         <object_component_ref idref="oc-18c"/>
      </symbol>
      <symbol id="sm-e69">
         <name>sx_counter</name>
         <value>0xd06c</value>
         <object_component_ref idref="oc-1b1"/>
      </symbol>
      <symbol id="sm-e6a">
         <name>wakeup_event</name>
         <value>0xa6c6</value>
         <object_component_ref idref="oc-1e1"/>
      </symbol>
      <symbol id="sm-e6b">
         <name>init_global_variables</name>
         <value>0xb3d0</value>
         <object_component_ref idref="oc-1dd"/>
      </symbol>
      <symbol id="sm-e6c">
         <name>button_repeat_on</name>
         <value>0xd014</value>
         <object_component_ref idref="oc-22a"/>
      </symbol>
      <symbol id="sm-e6d">
         <name>menu_L1_Alarm</name>
         <value>0xd774</value>
         <object_component_ref idref="oc-16d"/>
      </symbol>
      <symbol id="sm-e6e">
         <name>bmp_ps_start</name>
         <value>0xd3ac</value>
         <object_component_ref idref="oc-1ce"/>
      </symbol>
      <symbol id="sm-e6f">
         <name>cma_ps_write_register</name>
         <value>0xd27e</value>
         <object_component_ref idref="oc-251"/>
      </symbol>
      <symbol id="sm-e70">
         <name>cma_ps_read_register</name>
         <value>0xd266</value>
         <object_component_ref idref="oc-257"/>
      </symbol>
      <symbol id="sm-e71">
         <name>data</name>
         <value>0x1ef0</value>
         <object_component_ref idref="oc-189"/>
      </symbol>
      <symbol id="sm-e72">
         <name>reset_rf</name>
         <value>0xd362</value>
         <object_component_ref idref="oc-21d"/>
      </symbol>
      <symbol id="sm-e73">
         <name>start_altitude_measurement</name>
         <value>0xbf8e</value>
         <object_component_ref idref="oc-259"/>
      </symbol>
      <symbol id="sm-e74">
         <name>display_am_pm_symbol</name>
         <value>0xced4</value>
         <object_component_ref idref="oc-1ed"/>
      </symbol>
      <symbol id="sm-e75">
         <name>adc12_result</name>
         <value>0x2162</value>
         <object_component_ref idref="oc-18e"/>
      </symbol>
      <symbol id="sm-e76">
         <name>MRFI_RxCompleteISR</name>
         <value>0xcd4a</value>
         <object_component_ref idref="oc-241"/>
      </symbol>
      <symbol id="sm-e77">
         <name>menu_L1_Counter</name>
         <value>0xd762</value>
         <object_component_ref idref="oc-16d"/>
      </symbol>
      <symbol id="sm-e78">
         <name>method</name>
         <value>0xd629</value>
         <object_component_ref idref="oc-180"/>
      </symbol>
      <symbol id="sm-e79">
         <name>sDate</name>
         <value>0x214c</value>
         <object_component_ref idref="oc-187"/>
      </symbol>
      <symbol id="sm-e7a">
         <name>simpliciti_reply_count</name>
         <value>0x1f65</value>
         <object_component_ref idref="oc-172"/>
      </symbol>
      <symbol id="sm-e7b">
         <name>idle_loop</name>
         <value>0xd2de</value>
         <object_component_ref idref="oc-1df"/>
      </symbol>
      <symbol id="sm-e7c">
         <name>stopwatch_tick</name>
         <value>0x9f5a</value>
         <object_component_ref idref="oc-1c7"/>
      </symbol>
      <symbol id="sm-e7d">
         <name>int_to_array_conversion_table</name>
         <value>0xd40a</value>
         <object_component_ref idref="oc-22d"/>
      </symbol>
      <symbol id="sm-e7e">
         <name>convert_hour_to_12H_format</name>
         <value>0xcf88</value>
         <object_component_ref idref="oc-1ef"/>
      </symbol>
      <symbol id="sm-e7f">
         <name>as_init</name>
         <value>0xc8fa</value>
         <object_component_ref idref="oc-20f"/>
      </symbol>
      <symbol id="sm-e80">
         <name>button_repeat_function</name>
         <value>0xbd80</value>
         <object_component_ref idref="oc-262"/>
      </symbol>
      <symbol id="sm-e81">
         <name>nwk_getNumObjectFromMsg</name>
         <value>0xd2d2</value>
         <object_component_ref idref="oc-2a0"/>
      </symbol>
      <symbol id="sm-e82">
         <name>bmp_as_write_register</name>
         <value>0xd3ea</value>
         <object_component_ref idref="oc-239"/>
      </symbol>
      <symbol id="sm-e83">
         <name>Timer0_A3_Start</name>
         <value>0xca8a</value>
         <object_component_ref idref="oc-1fc"/>
      </symbol>
      <symbol id="sm-e84">
         <name>nwk_processFreq</name>
         <value>0xd3fa</value>
         <object_component_ref idref="oc-28b"/>
      </symbol>
      <symbol id="sm-e85">
         <name>bmp_ps_init</name>
         <value>0xc928</value>
         <object_component_ref idref="oc-213"/>
      </symbol>
      <symbol id="sm-e86">
         <name>as_ok</name>
         <value>0x1f3f</value>
         <object_component_ref idref="oc-182"/>
      </symbol>
      <symbol id="sm-e87">
         <name>MRFI_Receive</name>
         <value>0xd22a</value>
         <object_component_ref idref="oc-267"/>
      </symbol>
      <symbol id="sm-e88">
         <name>chronos_black</name>
         <value>0x2079</value>
         <object_component_ref idref="oc-173"/>
      </symbol>
      <symbol id="sm-e89">
         <name>simpliciti_payload_length</name>
         <value>0x1f6c</value>
         <object_component_ref idref="oc-172"/>
      </symbol>
      <symbol id="sm-e8a">
         <name>_system_pre_init</name>
         <value>0xd3e2</value>
         <object_component_ref idref="oc-19f"/>
      </symbol>
      <symbol id="sm-e8b">
         <name>write_lcd_mem</name>
         <value>0xb990</value>
         <object_component_ref idref="oc-20a"/>
      </symbol>
      <symbol id="sm-e8c">
         <name>tmp_key</name>
         <value>0x1eb0</value>
         <object_component_ref idref="oc-189"/>
      </symbol>
      <symbol id="sm-e8d">
         <name>sTime</name>
         <value>0x2092</value>
         <object_component_ref idref="oc-185"/>
      </symbol>
      <symbol id="sm-e8e">
         <name>TIMER0_A0_ISR</name>
         <value>0x8000</value>
         <object_component_ref idref="oc-19d"/>
      </symbol>
      <symbol id="sm-e8f">
         <name>update_temperature</name>
         <value>0xd31a</value>
         <object_component_ref idref="oc-1ad"/>
      </symbol>
      <symbol id="sm-e90">
         <name>display_hours</name>
         <value>0xbe18</value>
         <object_component_ref idref="oc-1e9"/>
      </symbol>
      <symbol id="sm-e91">
         <name>add_day</name>
         <value>0xbd34</value>
         <object_component_ref idref="oc-204"/>
      </symbol>
      <symbol id="sm-e92">
         <name>nwk_processLink</name>
         <value>0xcce4</value>
         <object_component_ref idref="oc-288"/>
      </symbol>
      <symbol id="sm-e93">
         <name>sx_time</name>
         <value>0xd192</value>
         <object_component_ref idref="oc-1a6"/>
      </symbol>
      <symbol id="sm-e94">
         <name>display_time</name>
         <value>0x9340</value>
         <object_component_ref idref="oc-1a8"/>
      </symbol>
      <symbol id="sm-e95">
         <name>display_symbol</name>
         <value>0xce28</value>
         <object_component_ref idref="oc-1d1"/>
      </symbol>
   </symbol_table>
   <title>Link successful</title>
</link_info>
