<?xml version="1.0"?>
<link_info>
   <banner>MSP430 Linker PC v4.2.1</banner>
   <copyright>Copyright (c) 2003-2013 Texas Instruments Incorporated</copyright>
   <link_time>0x5bf24cfc</link_time>
   <link_errors>0x0</link_errors>
   <output_file>ez430_chronos_868MHz.out</output_file>
   <entry_point>
      <name>_c_int00</name>
      <address>0xca1a</address>
   </entry_point>
   <input_file_list>
      <input_file id="fl-d">
         <path>.\driver\</path>
         <kind>object</kind>
         <file>ps.obj</file>
         <name>ps.obj</name>
      </input_file>
      <input_file id="fl-e">
         <path>.\driver\</path>
         <kind>object</kind>
         <file>radio.obj</file>
         <name>radio.obj</name>
      </input_file>
      <input_file id="fl-37">
         <path>..\bluerobin\</path>
         <kind>archive</kind>
         <file>BlueRobin_RX_868MHz.lib</file>
         <name>BRRX_Timer.obj</name>
      </input_file>
      <input_file id="fl-38">
         <path>..\bluerobin\</path>
         <kind>archive</kind>
         <file>BlueRobin_RX_868MHz.lib</file>
         <name>BRRX_Scheduler.obj</name>
      </input_file>
      <input_file id="fl-39">
         <path>..\bluerobin\</path>
         <kind>archive</kind>
         <file>BlueRobin_RX_868MHz.lib</file>
         <name>BRRX_Resource.obj</name>
      </input_file>
      <input_file id="fl-3a">
         <path>..\bluerobin\</path>
         <kind>archive</kind>
         <file>BlueRobin_RX_868MHz.lib</file>
         <name>BRRX_Packet.obj</name>
      </input_file>
      <input_file id="fl-3b">
         <path>..\bluerobin\</path>
         <kind>archive</kind>
         <file>BlueRobin_RX_868MHz.lib</file>
         <name>BRRX_API.obj</name>
      </input_file>
      <input_file id="fl-3c">
         <path>..\bluerobin\</path>
         <kind>archive</kind>
         <file>BlueRobin_RX_868MHz.lib</file>
         <name>BR_Common.obj</name>
      </input_file>
      <input_file id="fl-3d">
         <path>..\bluerobin\</path>
         <kind>archive</kind>
         <file>BlueRobin_RX_868MHz.lib</file>
         <name>BRRX_Radio.obj</name>
      </input_file>
      <input_file id="fl-3e">
         <path>C:\tiv6\ccsv6\tools\compiler\msp430_4.2.1\lib\</path>
         <kind>archive</kind>
         <file>rts430x.lib</file>
         <name>asr16.obj</name>
      </input_file>
      <input_file id="fl-3f">
         <path>C:\tiv6\ccsv6\tools\compiler\msp430_4.2.1\lib\</path>
         <kind>archive</kind>
         <file>rts430x.lib</file>
         <name>asr32.obj</name>
      </input_file>
      <input_file id="fl-40">
         <path>C:\tiv6\ccsv6\tools\compiler\msp430_4.2.1\lib\</path>
         <kind>archive</kind>
         <file>rts430x.lib</file>
         <name>boot.obj</name>
      </input_file>
      <input_file id="fl-44">
         <path>C:\tiv6\ccsv6\tools\compiler\msp430_4.2.1\lib\</path>
         <kind>archive</kind>
         <file>rts430x.lib</file>
         <name>cpy_util.obj</name>
      </input_file>
      <input_file id="fl-45">
         <path>C:\tiv6\ccsv6\tools\compiler\msp430_4.2.1\lib\</path>
         <kind>archive</kind>
         <file>rts430x.lib</file>
         <name>div16s.obj</name>
      </input_file>
      <input_file id="fl-46">
         <path>C:\tiv6\ccsv6\tools\compiler\msp430_4.2.1\lib\</path>
         <kind>archive</kind>
         <file>rts430x.lib</file>
         <name>div16u.obj</name>
      </input_file>
      <input_file id="fl-47">
         <path>C:\tiv6\ccsv6\tools\compiler\msp430_4.2.1\lib\</path>
         <kind>archive</kind>
         <file>rts430x.lib</file>
         <name>div32s.obj</name>
      </input_file>
      <input_file id="fl-48">
         <path>C:\tiv6\ccsv6\tools\compiler\msp430_4.2.1\lib\</path>
         <kind>archive</kind>
         <file>rts430x.lib</file>
         <name>div32u.obj</name>
      </input_file>
      <input_file id="fl-49">
         <path>C:\tiv6\ccsv6\tools\compiler\msp430_4.2.1\lib\</path>
         <kind>archive</kind>
         <file>rts430x.lib</file>
         <name>exit.obj</name>
      </input_file>
      <input_file id="fl-4a">
         <path>C:\tiv6\ccsv6\tools\compiler\msp430_4.2.1\lib\</path>
         <kind>archive</kind>
         <file>rts430x.lib</file>
         <name>fs_add.obj</name>
      </input_file>
      <input_file id="fl-4b">
         <path>C:\tiv6\ccsv6\tools\compiler\msp430_4.2.1\lib\</path>
         <kind>archive</kind>
         <file>rts430x.lib</file>
         <name>fs_cmp.obj</name>
      </input_file>
      <input_file id="fl-4c">
         <path>C:\tiv6\ccsv6\tools\compiler\msp430_4.2.1\lib\</path>
         <kind>archive</kind>
         <file>rts430x.lib</file>
         <name>fs_div.obj</name>
      </input_file>
      <input_file id="fl-4d">
         <path>C:\tiv6\ccsv6\tools\compiler\msp430_4.2.1\lib\</path>
         <kind>archive</kind>
         <file>rts430x.lib</file>
         <name>fs_itof.obj</name>
      </input_file>
      <input_file id="fl-4e">
         <path>C:\tiv6\ccsv6\tools\compiler\msp430_4.2.1\lib\</path>
         <kind>archive</kind>
         <file>rts430x.lib</file>
         <name>fs_mpy.obj</name>
      </input_file>
      <input_file id="fl-4f">
         <path>C:\tiv6\ccsv6\tools\compiler\msp430_4.2.1\lib\</path>
         <kind>archive</kind>
         <file>rts430x.lib</file>
         <name>fs_tou.obj</name>
      </input_file>
      <input_file id="fl-50">
         <path>C:\tiv6\ccsv6\tools\compiler\msp430_4.2.1\lib\</path>
         <kind>archive</kind>
         <file>rts430x.lib</file>
         <name>fs_toul.obj</name>
      </input_file>
      <input_file id="fl-51">
         <path>C:\tiv6\ccsv6\tools\compiler\msp430_4.2.1\lib\</path>
         <kind>archive</kind>
         <file>rts430x.lib</file>
         <name>fs_ultof.obj</name>
      </input_file>
      <input_file id="fl-52">
         <path>C:\tiv6\ccsv6\tools\compiler\msp430_4.2.1\lib\</path>
         <kind>archive</kind>
         <file>rts430x.lib</file>
         <name>fs_utof.obj</name>
      </input_file>
      <input_file id="fl-53">
         <path>C:\tiv6\ccsv6\tools\compiler\msp430_4.2.1\lib\</path>
         <kind>archive</kind>
         <file>rts430x.lib</file>
         <name>lsl16.obj</name>
      </input_file>
      <input_file id="fl-54">
         <path>C:\tiv6\ccsv6\tools\compiler\msp430_4.2.1\lib\</path>
         <kind>archive</kind>
         <file>rts430x.lib</file>
         <name>lsl32.obj</name>
      </input_file>
      <input_file id="fl-55">
         <path>C:\tiv6\ccsv6\tools\compiler\msp430_4.2.1\lib\</path>
         <kind>archive</kind>
         <file>rts430x.lib</file>
         <name>lsr32.obj</name>
      </input_file>
      <input_file id="fl-5b">
         <path>C:\tiv6\ccsv6\tools\compiler\msp430_4.2.1\lib\</path>
         <kind>archive</kind>
         <file>rts430x.lib</file>
         <name>mult16_f5hw.obj</name>
      </input_file>
      <input_file id="fl-5c">
         <path>C:\tiv6\ccsv6\tools\compiler\msp430_4.2.1\lib\</path>
         <kind>archive</kind>
         <file>rts430x.lib</file>
         <name>mult32_f5hw.obj</name>
      </input_file>
      <input_file id="fl-5e">
         <path>C:\tiv6\ccsv6\tools\compiler\msp430_4.2.1\lib\</path>
         <kind>archive</kind>
         <file>rts430x.lib</file>
         <name>rotl32.obj</name>
      </input_file>
      <input_file id="fl-61">
         <path>C:\tiv6\ccsv6\tools\compiler\msp430_4.2.1\lib\</path>
         <kind>archive</kind>
         <file>rts430x.lib</file>
         <name>args_main.obj</name>
      </input_file>
      <input_file id="fl-62">
         <path>C:\tiv6\ccsv6\tools\compiler\msp430_4.2.1\lib\</path>
         <kind>archive</kind>
         <file>rts430x.lib</file>
         <name>autoinit.obj</name>
      </input_file>
      <input_file id="fl-63">
         <path>C:\Users\wenqing\AppData\Local\Temp\</path>
         <kind>object</kind>
         <file>062442</file>
         <name>062442</name>
      </input_file>
      <input_file id="fl-64">
         <path>C:\tiv6\ccsv6\tools\compiler\msp430_4.2.1\lib\</path>
         <kind>archive</kind>
         <file>rts430x.lib</file>
         <name>copy_decompress_none.obj</name>
      </input_file>
      <input_file id="fl-65">
         <path>C:\tiv6\ccsv6\tools\compiler\msp430_4.2.1\lib\</path>
         <kind>archive</kind>
         <file>rts430x.lib</file>
         <name>copy_decompress_rle.obj</name>
      </input_file>
      <input_file id="fl-66">
         <path>C:\tiv6\ccsv6\tools\compiler\msp430_4.2.1\lib\</path>
         <kind>archive</kind>
         <file>rts430x.lib</file>
         <name>copy_zero_init.obj</name>
      </input_file>
   </input_file_list>
   <object_component_list>
      <object_component id="oc-4f">
         <name>.bss</name>
         <uninitialized>true</uninitialized>
         <run_address>0x1f88</run_address>
         <size>0x45</size>
         <input_file_ref idref="fl-d"/>
      </object_component>
      <object_component id="oc-59">
         <name>.bss</name>
         <uninitialized>true</uninitialized>
         <run_address>0x211a</run_address>
         <size>0x8</size>
         <input_file_ref idref="fl-37"/>
      </object_component>
      <object_component id="oc-5f">
         <name>.bss</name>
         <uninitialized>true</uninitialized>
         <run_address>0x20be</run_address>
         <size>0xc</size>
         <input_file_ref idref="fl-38"/>
      </object_component>
      <object_component id="oc-65">
         <name>.bss</name>
         <uninitialized>true</uninitialized>
         <run_address>0x2028</run_address>
         <size>0x1c</size>
         <input_file_ref idref="fl-39"/>
      </object_component>
      <object_component id="oc-6a">
         <name>.bss</name>
         <uninitialized>true</uninitialized>
         <run_address>0x215c</run_address>
         <size>0x5</size>
         <input_file_ref idref="fl-3a"/>
      </object_component>
      <object_component id="oc-70">
         <name>.bss</name>
         <uninitialized>true</uninitialized>
         <run_address>0x2162</run_address>
         <size>0x4</size>
         <input_file_ref idref="fl-3b"/>
      </object_component>
      <object_component id="oc-75">
         <name>.bss</name>
         <uninitialized>true</uninitialized>
         <run_address>0x20ca</run_address>
         <size>0xa</size>
         <input_file_ref idref="fl-3c"/>
      </object_component>
      <object_component id="oc-7a">
         <name>.bss</name>
         <uninitialized>true</uninitialized>
         <run_address>0x214a</run_address>
         <size>0x6</size>
         <input_file_ref idref="fl-3d"/>
      </object_component>
      <object_component id="oc-87">
         <name>.bss</name>
         <uninitialized>true</uninitialized>
         <run_address>0x213a</run_address>
         <size>0x8</size>
         <input_file_ref idref="fl-40"/>
      </object_component>
      <object_component id="oc-ed">
         <name>.bss</name>
         <uninitialized>true</uninitialized>
         <run_address>0x1e52</run_address>
         <size>0x5e</size>
         <input_file_ref idref="fl-a"/>
      </object_component>
      <object_component id="oc-ee">
         <name>.bss</name>
         <uninitialized>true</uninitialized>
         <run_address>0x20fc</run_address>
         <size>0xa</size>
         <input_file_ref idref="fl-c"/>
      </object_component>
      <object_component id="oc-f0">
         <name>.bss</name>
         <uninitialized>true</uninitialized>
         <run_address>0x216e</run_address>
         <size>0x2</size>
         <input_file_ref idref="fl-1a"/>
      </object_component>
      <object_component id="oc-f1">
         <name>.bss</name>
         <uninitialized>true</uninitialized>
         <run_address>0x2122</run_address>
         <size>0x8</size>
         <input_file_ref idref="fl-15"/>
      </object_component>
      <object_component id="oc-f2">
         <name>.bss</name>
         <uninitialized>true</uninitialized>
         <run_address>0x2156</run_address>
         <size>0x6</size>
         <input_file_ref idref="fl-1f"/>
      </object_component>
      <object_component id="oc-f3">
         <name>.bss</name>
         <uninitialized>true</uninitialized>
         <run_address>0x2086</run_address>
         <size>0xe</size>
         <input_file_ref idref="fl-13"/>
      </object_component>
      <object_component id="oc-f4">
         <name>.bss</name>
         <uninitialized>true</uninitialized>
         <run_address>0x1ef8</run_address>
         <size>0x48</size>
         <input_file_ref idref="fl-1c"/>
      </object_component>
      <object_component id="oc-f5">
         <name>.bss</name>
         <uninitialized>true</uninitialized>
         <run_address>0x2074</run_address>
         <size>0x12</size>
         <input_file_ref idref="fl-2"/>
      </object_component>
      <object_component id="oc-f6">
         <name>.bss</name>
         <uninitialized>true</uninitialized>
         <run_address>0x2166</run_address>
         <size>0x3</size>
         <input_file_ref idref="fl-3"/>
      </object_component>
      <object_component id="oc-f7">
         <name>.bss</name>
         <uninitialized>true</uninitialized>
         <run_address>0x1f87</run_address>
         <size>0x1</size>
         <input_file_ref idref="fl-4"/>
      </object_component>
      <object_component id="oc-f8">
         <name>.bss</name>
         <uninitialized>true</uninitialized>
         <run_address>0x2044</run_address>
         <size>0x1a</size>
         <input_file_ref idref="fl-6"/>
      </object_component>
      <object_component id="oc-f9">
         <name>.bss</name>
         <uninitialized>true</uninitialized>
         <run_address>0x2142</run_address>
         <size>0x7</size>
         <input_file_ref idref="fl-10"/>
      </object_component>
      <object_component id="oc-fa">
         <name>.bss</name>
         <uninitialized>true</uninitialized>
         <run_address>0x212a</run_address>
         <size>0x8</size>
         <input_file_ref idref="fl-7"/>
      </object_component>
      <object_component id="oc-fb">
         <name>.bss</name>
         <uninitialized>true</uninitialized>
         <run_address>0x2094</run_address>
         <size>0xe</size>
         <input_file_ref idref="fl-16"/>
      </object_component>
      <object_component id="oc-fc">
         <name>.bss</name>
         <uninitialized>true</uninitialized>
         <run_address>0x20de</run_address>
         <size>0xa</size>
         <input_file_ref idref="fl-12"/>
      </object_component>
      <object_component id="oc-fd">
         <name>.bss</name>
         <uninitialized>true</uninitialized>
         <run_address>0x20d4</run_address>
         <size>0xa</size>
         <input_file_ref idref="fl-11"/>
      </object_component>
      <object_component id="oc-fe">
         <name>.bss</name>
         <uninitialized>true</uninitialized>
         <run_address>0x205e</run_address>
         <size>0x16</size>
         <input_file_ref idref="fl-17"/>
      </object_component>
      <object_component id="oc-ff">
         <name>.bss</name>
         <uninitialized>true</uninitialized>
         <run_address>0x2150</run_address>
         <size>0x6</size>
         <input_file_ref idref="fl-18"/>
      </object_component>
      <object_component id="oc-100">
         <name>.bss</name>
         <uninitialized>true</uninitialized>
         <run_address>0x1f40</run_address>
         <size>0x47</size>
         <input_file_ref idref="fl-21"/>
      </object_component>
      <object_component id="oc-101">
         <name>.bss</name>
         <uninitialized>true</uninitialized>
         <run_address>0x1eb0</run_address>
         <size>0x48</size>
         <input_file_ref idref="fl-19"/>
      </object_component>
      <object_component id="oc-102">
         <name>.bss</name>
         <uninitialized>true</uninitialized>
         <run_address>0x2119</run_address>
         <size>0x1</size>
         <input_file_ref idref="fl-1b"/>
      </object_component>
      <object_component id="oc-103">
         <name>.bss</name>
         <uninitialized>true</uninitialized>
         <run_address>0x1c00</run_address>
         <size>0x1c6</size>
         <input_file_ref idref="fl-1d"/>
      </object_component>
      <object_component id="oc-104">
         <name>.bss</name>
         <uninitialized>true</uninitialized>
         <run_address>0x20b0</run_address>
         <size>0xe</size>
         <input_file_ref idref="fl-1e"/>
      </object_component>
      <object_component id="oc-105">
         <name>.bss</name>
         <uninitialized>true</uninitialized>
         <run_address>0x2027</run_address>
         <size>0x1</size>
         <input_file_ref idref="fl-28"/>
      </object_component>
      <object_component id="oc-106">
         <name>.bss</name>
         <uninitialized>true</uninitialized>
         <run_address>0x1fcd</run_address>
         <size>0x1</size>
         <input_file_ref idref="fl-23"/>
      </object_component>
      <object_component id="oc-107">
         <name>.bss</name>
         <uninitialized>true</uninitialized>
         <run_address>0x1fce</run_address>
         <size>0x3c</size>
         <input_file_ref idref="fl-25"/>
      </object_component>
      <object_component id="oc-109">
         <name>.bss</name>
         <uninitialized>true</uninitialized>
         <run_address>0x200a</run_address>
         <size>0x1d</size>
         <input_file_ref idref="fl-26"/>
      </object_component>
      <object_component id="oc-10a">
         <name>.bss</name>
         <uninitialized>true</uninitialized>
         <run_address>0x1dc6</run_address>
         <size>0x8c</size>
         <input_file_ref idref="fl-27"/>
      </object_component>
      <object_component id="oc-10b">
         <name>.bss</name>
         <uninitialized>true</uninitialized>
         <run_address>0x20e8</run_address>
         <size>0xa</size>
         <input_file_ref idref="fl-29"/>
      </object_component>
      <object_component id="oc-10e">
         <name>.bss</name>
         <uninitialized>true</uninitialized>
         <run_address>0x2106</run_address>
         <size>0x9</size>
         <input_file_ref idref="fl-2a"/>
      </object_component>
      <object_component id="oc-10f">
         <name>.bss</name>
         <uninitialized>true</uninitialized>
         <run_address>0x2110</run_address>
         <size>0x9</size>
         <input_file_ref idref="fl-2d"/>
      </object_component>
      <object_component id="oc-110">
         <name>.bss</name>
         <uninitialized>true</uninitialized>
         <run_address>0x20f2</run_address>
         <size>0xa</size>
         <input_file_ref idref="fl-2e"/>
      </object_component>
      <object_component id="oc-111">
         <name>.bss</name>
         <uninitialized>true</uninitialized>
         <run_address>0x216a</run_address>
         <size>0x3</size>
         <input_file_ref idref="fl-2f"/>
      </object_component>
      <object_component id="oc-112">
         <name>.bss</name>
         <uninitialized>true</uninitialized>
         <run_address>0x210f</run_address>
         <size>0x1</size>
         <input_file_ref idref="fl-30"/>
      </object_component>
      <object_component id="oc-113">
         <name>.bss</name>
         <uninitialized>true</uninitialized>
         <run_address>0x20a2</run_address>
         <size>0xe</size>
         <input_file_ref idref="fl-5f"/>
      </object_component>
      <object_component id="oc-114">
         <name>.bss</name>
         <uninitialized>true</uninitialized>
         <run_address>0x2132</run_address>
         <size>0x8</size>
         <input_file_ref idref="fl-60"/>
      </object_component>
      <object_component id="oc-89">
         <name>.stack</name>
         <uninitialized>true</uninitialized>
         <run_address>0x2bac</run_address>
         <size>0x2</size>
         <input_file_ref idref="fl-40"/>
      </object_component>
      <object_component id="oc-276">
         <name>.stack</name>
         <uninitialized>true</uninitialized>
         <run_address>0x2bac</run_address>
         <size>0x0</size>
      </object_component>
      <object_component id="oc-1c2">
         <name>.text:conv_pa_to_meter</name>
         <load_address>0x8000</load_address>
         <run_address>0x8000</run_address>
         <size>0x294</size>
         <input_file_ref idref="fl-d"/>
      </object_component>
      <object_component id="oc-12d">
         <name>.text:_isr:TIMER0_A0_ISR</name>
         <load_address>0x8294</load_address>
         <run_address>0x8294</run_address>
         <size>0x292</size>
         <input_file_ref idref="fl-10"/>
      </object_component>
      <object_component id="oc-19d">
         <name>.text:BRRX__Scheduler_v</name>
         <load_address>0x8526</load_address>
         <run_address>0x8526</run_address>
         <size>0x284</size>
         <input_file_ref idref="fl-38"/>
      </object_component>
      <object_component id="oc-145">
         <name>.text:test_mode</name>
         <load_address>0x87aa</load_address>
         <run_address>0x87aa</run_address>
         <size>0x22c</size>
         <input_file_ref idref="fl-20"/>
      </object_component>
      <object_component id="oc-12c">
         <name>.text:_isr:PORT2_ISR</name>
         <load_address>0x89d6</load_address>
         <run_address>0x89d6</run_address>
         <size>0x214</size>
         <input_file_ref idref="fl-c"/>
      </object_component>
      <object_component id="oc-163">
         <name>.text:set_value</name>
         <load_address>0x8bea</load_address>
         <run_address>0x8bea</run_address>
         <size>0x212</size>
         <input_file_ref idref="fl-22"/>
      </object_component>
      <object_component id="oc-1bc">
         <name>.text:update_pressure_table</name>
         <load_address>0x8dfc</load_address>
         <run_address>0x8dfc</run_address>
         <size>0x1d6</size>
         <input_file_ref idref="fl-d"/>
      </object_component>
      <object_component id="oc-130">
         <name>.text:mx_time</name>
         <load_address>0x8fd2</load_address>
         <run_address>0x8fd2</run_address>
         <size>0x1d4</size>
         <input_file_ref idref="fl-16"/>
      </object_component>
      <object_component id="oc-1c1">
         <name>.text:bmp_ps_get_pa</name>
         <load_address>0x91a6</load_address>
         <run_address>0x91a6</run_address>
         <size>0x18e</size>
         <input_file_ref idref="fl-6"/>
      </object_component>
      <object_component id="oc-131">
         <name>.text:display_time</name>
         <load_address>0x9334</load_address>
         <run_address>0x9334</run_address>
         <size>0x156</size>
         <input_file_ref idref="fl-16"/>
      </object_component>
      <object_component id="oc-20e">
         <name>.text:smpl_send_link_reply$42</name>
         <load_address>0x948a</load_address>
         <run_address>0x948a</run_address>
         <size>0x14a</size>
         <input_file_ref idref="fl-2e"/>
      </object_component>
      <object_component id="oc-138">
         <name>.text:display_acceleration</name>
         <load_address>0x95d4</load_address>
         <run_address>0x95d4</run_address>
         <size>0x13a</size>
         <input_file_ref idref="fl-11"/>
      </object_component>
      <object_component id="oc-a5">
         <name>.text</name>
         <load_address>0x970e</load_address>
         <run_address>0x970e</run_address>
         <size>0x130</size>
         <input_file_ref idref="fl-4a"/>
      </object_component>
      <object_component id="oc-193">
         <name>.text:display_stopwatch</name>
         <load_address>0x983e</load_address>
         <run_address>0x983e</run_address>
         <size>0x118</size>
         <input_file_ref idref="fl-1e"/>
      </object_component>
      <object_component id="oc-1d3">
         <name>.text:PacketMissed_v</name>
         <load_address>0x9956</load_address>
         <run_address>0x9956</run_address>
         <size>0x10c</size>
         <input_file_ref idref="fl-38"/>
      </object_component>
      <object_component id="oc-13c">
         <name>.text:display_counter</name>
         <load_address>0x9a62</load_address>
         <run_address>0x9a62</run_address>
         <size>0x10c</size>
         <input_file_ref idref="fl-17"/>
      </object_component>
      <object_component id="oc-192">
         <name>.text:Mrfi_SyncPinRxIsr$33</name>
         <load_address>0x9b6e</load_address>
         <run_address>0x9b6e</run_address>
         <size>0xf4</size>
         <input_file_ref idref="fl-25"/>
      </object_component>
      <object_component id="oc-156">
         <name>.text:check_alarm</name>
         <load_address>0x9c62</load_address>
         <run_address>0x9c62</run_address>
         <size>0xf4</size>
         <input_file_ref idref="fl-12"/>
      </object_component>
      <object_component id="oc-13f">
         <name>.text:mx_alarm</name>
         <load_address>0x9d56</load_address>
         <run_address>0x9d56</run_address>
         <size>0xf2</size>
         <input_file_ref idref="fl-12"/>
      </object_component>
      <object_component id="oc-15e">
         <name>.text:stopwatch_tick</name>
         <load_address>0x9e48</load_address>
         <run_address>0x9e48</run_address>
         <size>0xea</size>
         <input_file_ref idref="fl-1e"/>
      </object_component>
      <object_component id="oc-143">
         <name>.text:init_application</name>
         <load_address>0x9f32</load_address>
         <run_address>0x9f32</run_address>
         <size>0xe6</size>
         <input_file_ref idref="fl-2"/>
      </object_component>
      <object_component id="oc-134">
         <name>.text:mx_temperature</name>
         <load_address>0xa018</load_address>
         <run_address>0xa018</run_address>
         <size>0xe6</size>
         <input_file_ref idref="fl-1f"/>
      </object_component>
      <object_component id="oc-135">
         <name>.text:display_temperature</name>
         <load_address>0xa0fe</load_address>
         <run_address>0xa0fe</run_address>
         <size>0xd6</size>
         <input_file_ref idref="fl-1f"/>
      </object_component>
      <object_component id="oc-191">
         <name>.text:do_counter_measurement</name>
         <load_address>0xa1d4</load_address>
         <run_address>0xa1d4</run_address>
         <size>0xd4</size>
         <input_file_ref idref="fl-17"/>
      </object_component>
      <object_component id="oc-21b">
         <name>.text:nwk_allocateLocalRxPort</name>
         <load_address>0xa2a8</load_address>
         <run_address>0xa2a8</run_address>
         <size>0xd2</size>
         <input_file_ref idref="fl-26"/>
      </object_component>
      <object_component id="oc-148">
         <name>.text:display_chars</name>
         <load_address>0xa37a</load_address>
         <run_address>0xa37a</run_address>
         <size>0xce</size>
         <input_file_ref idref="fl-a"/>
      </object_component>
      <object_component id="oc-168">
         <name>.text:int_to_array</name>
         <load_address>0xa448</load_address>
         <run_address>0xa448</run_address>
         <size>0xcc</size>
         <input_file_ref idref="fl-a"/>
      </object_component>
      <object_component id="oc-20b">
         <name>.text:MRFI_Transmit</name>
         <load_address>0xa514</load_address>
         <run_address>0xa514</run_address>
         <size>0xc6</size>
         <input_file_ref idref="fl-25"/>
      </object_component>
      <object_component id="oc-17f">
         <name>.text:read_calibration_values</name>
         <load_address>0xa5da</load_address>
         <run_address>0xa5da</run_address>
         <size>0xc4</size>
         <input_file_ref idref="fl-2"/>
      </object_component>
      <object_component id="oc-149">
         <name>.text:wakeup_event</name>
         <load_address>0xa69e</load_address>
         <run_address>0xa69e</run_address>
         <size>0xb8</size>
         <input_file_ref idref="fl-2"/>
      </object_component>
      <object_component id="oc-1d6">
         <name>.text:SearchPacketHit_u8</name>
         <load_address>0xa756</load_address>
         <run_address>0xa756</run_address>
         <size>0xb6</size>
         <input_file_ref idref="fl-38"/>
      </object_component>
      <object_component id="oc-b5">
         <name>.text</name>
         <load_address>0xa80c</load_address>
         <run_address>0xa80c</run_address>
         <size>0xb6</size>
         <input_file_ref idref="fl-4e"/>
      </object_component>
      <object_component id="oc-18d">
         <name>.text:display_altitude</name>
         <load_address>0xa8c2</load_address>
         <run_address>0xa8c2</run_address>
         <size>0xa2</size>
         <input_file_ref idref="fl-13"/>
      </object_component>
      <object_component id="oc-1b4">
         <name>.text:Strobe</name>
         <load_address>0xa964</load_address>
         <run_address>0xa964</run_address>
         <size>0x98</size>
         <input_file_ref idref="fl-f"/>
      </object_component>
      <object_component id="oc-1b7">
         <name>.text:bmp_ps_get_cal_param</name>
         <load_address>0xa9fc</load_address>
         <run_address>0xa9fc</run_address>
         <size>0x8e</size>
         <input_file_ref idref="fl-6"/>
      </object_component>
      <object_component id="oc-ad">
         <name>.text</name>
         <load_address>0xaa8a</load_address>
         <run_address>0xaa8a</run_address>
         <size>0x8e</size>
         <input_file_ref idref="fl-4c"/>
      </object_component>
      <object_component id="oc-1e8">
         <name>.text:dispatchFrame$37</name>
         <load_address>0xab18</load_address>
         <run_address>0xab18</run_address>
         <size>0x8c</size>
         <input_file_ref idref="fl-29"/>
      </object_component>
      <object_component id="oc-1f9">
         <name>.text:nwk_isConnectionValid</name>
         <load_address>0xaba4</load_address>
         <run_address>0xaba4</run_address>
         <size>0x8c</size>
         <input_file_ref idref="fl-26"/>
      </object_component>
      <object_component id="oc-1eb">
         <name>.text:ps_i2c_sda</name>
         <load_address>0xac30</load_address>
         <run_address>0xac30</run_address>
         <size>0x8c</size>
         <input_file_ref idref="fl-d"/>
      </object_component>
      <object_component id="oc-128">
         <name>.text:main</name>
         <load_address>0xacbc</load_address>
         <run_address>0xacbc</run_address>
         <size>0x8a</size>
         <input_file_ref idref="fl-2"/>
      </object_component>
      <object_component id="oc-213">
         <name>.text:nwk_buildFrame</name>
         <load_address>0xad46</load_address>
         <run_address>0xad46</run_address>
         <size>0x8a</size>
         <input_file_ref idref="fl-29"/>
      </object_component>
      <object_component id="oc-1ed">
         <name>.text:GetData_v</name>
         <load_address>0xadd0</load_address>
         <run_address>0xadd0</run_address>
         <size>0x86</size>
         <input_file_ref idref="fl-38"/>
      </object_component>
      <object_component id="oc-1fc">
         <name>.text:TrimACLK_Offset_v</name>
         <load_address>0xae56</load_address>
         <run_address>0xae56</run_address>
         <size>0x86</size>
         <input_file_ref idref="fl-38"/>
      </object_component>
      <object_component id="oc-12e">
         <name>.text:_isr:TIMER0_A1_5_ISR</name>
         <load_address>0xaedc</load_address>
         <run_address>0xaedc</run_address>
         <size>0x84</size>
         <input_file_ref idref="fl-10"/>
      </object_component>
      <object_component id="oc-1cd">
         <name>.text:get_numberOfDays</name>
         <load_address>0xaf60</load_address>
         <run_address>0xaf60</run_address>
         <size>0x82</size>
         <input_file_ref idref="fl-18"/>
      </object_component>
      <object_component id="oc-1be">
         <name>.text:bmp_ps_get_temp</name>
         <load_address>0xafe2</load_address>
         <run_address>0xafe2</run_address>
         <size>0x80</size>
         <input_file_ref idref="fl-6"/>
      </object_component>
      <object_component id="oc-19f">
         <name>.text:BRRX_RadioReceive_v</name>
         <load_address>0xb062</load_address>
         <run_address>0xb062</run_address>
         <size>0x7e</size>
         <input_file_ref idref="fl-3d"/>
      </object_component>
      <object_component id="oc-205">
         <name>.text:nwk_sendAckReply</name>
         <load_address>0xb0e0</load_address>
         <run_address>0xb0e0</run_address>
         <size>0x7c</size>
         <input_file_ref idref="fl-29"/>
      </object_component>
      <object_component id="oc-1e6">
         <name>.text:nwk_QfindSlot</name>
         <load_address>0xb15c</load_address>
         <run_address>0xb15c</run_address>
         <size>0x76</size>
         <input_file_ref idref="fl-27"/>
      </object_component>
      <object_component id="oc-1ca">
         <name>.text:mrfiRadioInterfaceCmdStrobe</name>
         <load_address>0xb1d2</load_address>
         <run_address>0xb1d2</run_address>
         <size>0x74</size>
         <input_file_ref idref="fl-25"/>
      </object_component>
      <object_component id="oc-16d">
         <name>.text:display_char</name>
         <load_address>0xb246</load_address>
         <run_address>0xb246</run_address>
         <size>0x72</size>
         <input_file_ref idref="fl-a"/>
      </object_component>
      <object_component id="oc-1de">
         <name>.text:ps_read_register</name>
         <load_address>0xb2b8</load_address>
         <run_address>0xb2b8</run_address>
         <size>0x72</size>
         <input_file_ref idref="fl-d"/>
      </object_component>
      <object_component id="oc-18b">
         <name>.text:battery_measurement</name>
         <load_address>0xb32a</load_address>
         <run_address>0xb32a</run_address>
         <size>0x6e</size>
         <input_file_ref idref="fl-15"/>
      </object_component>
      <object_component id="oc-198">
         <name>.text:adc12_single_conversion</name>
         <load_address>0xb398</load_address>
         <run_address>0xb398</run_address>
         <size>0x68</size>
         <input_file_ref idref="fl-3"/>
      </object_component>
      <object_component id="oc-144">
         <name>.text:init_global_variables</name>
         <load_address>0xb400</load_address>
         <run_address>0xb400</run_address>
         <size>0x68</size>
         <input_file_ref idref="fl-2"/>
      </object_component>
      <object_component id="oc-20d">
         <name>.text:smpl_send_unlink_reply$42</name>
         <load_address>0xb468</load_address>
         <run_address>0xb468</run_address>
         <size>0x68</size>
         <input_file_ref idref="fl-2e"/>
      </object_component>
      <object_component id="oc-172">
         <name>.text:convert_acceleration_value_to_mgrav</name>
         <load_address>0xb4d0</load_address>
         <run_address>0xb4d0</run_address>
         <size>0x66</size>
         <input_file_ref idref="fl-11"/>
      </object_component>
      <object_component id="oc-175">
         <name>.text:bmp_as_start</name>
         <load_address>0xb536</load_address>
         <run_address>0xb536</run_address>
         <size>0x64</size>
         <input_file_ref idref="fl-5"/>
      </object_component>
      <object_component id="oc-18e">
         <name>.text:do_altitude_measurement</name>
         <load_address>0xb59a</load_address>
         <run_address>0xb59a</run_address>
         <size>0x64</size>
         <input_file_ref idref="fl-13"/>
      </object_component>
      <object_component id="oc-14d">
         <name>.text:MRFI_RadioIsr</name>
         <load_address>0xb5fe</load_address>
         <run_address>0xb5fe</run_address>
         <size>0x62</size>
         <input_file_ref idref="fl-25"/>
      </object_component>
      <object_component id="oc-1c0">
         <name>.text:cma_ps_get_pa</name>
         <load_address>0xb660</load_address>
         <run_address>0xb660</run_address>
         <size>0x62</size>
         <input_file_ref idref="fl-9"/>
      </object_component>
      <object_component id="oc-1db">
         <name>.text:as_read_register</name>
         <load_address>0xb6c2</load_address>
         <run_address>0xb6c2</run_address>
         <size>0x60</size>
         <input_file_ref idref="fl-4"/>
      </object_component>
      <object_component id="oc-1dc">
         <name>.text:as_write_register</name>
         <load_address>0xb722</load_address>
         <run_address>0xb722</run_address>
         <size>0x60</size>
         <input_file_ref idref="fl-4"/>
      </object_component>
      <object_component id="oc-140">
         <name>.text:display_alarm</name>
         <load_address>0xb782</load_address>
         <run_address>0xb782</run_address>
         <size>0x60</size>
         <input_file_ref idref="fl-12"/>
      </object_component>
      <object_component id="oc-1ef">
         <name>.text:PrepareForFirstPacket_v</name>
         <load_address>0xb7e2</load_address>
         <run_address>0xb7e2</run_address>
         <size>0x5c</size>
         <input_file_ref idref="fl-38"/>
      </object_component>
      <object_component id="oc-14e">
         <name>.text:Timer0_A4_Delay</name>
         <load_address>0xb83e</load_address>
         <run_address>0xb83e</run_address>
         <size>0x5c</size>
         <input_file_ref idref="fl-10"/>
      </object_component>
      <object_component id="oc-155">
         <name>.text:clock_tick</name>
         <load_address>0xb89a</load_address>
         <run_address>0xb89a</run_address>
         <size>0x5c</size>
         <input_file_ref idref="fl-16"/>
      </object_component>
      <object_component id="oc-1ee">
         <name>.text:BRRX__StartNewSearch_v</name>
         <load_address>0xb8f6</load_address>
         <run_address>0xb8f6</run_address>
         <size>0x58</size>
         <input_file_ref idref="fl-38"/>
      </object_component>
      <object_component id="oc-17e">
         <name>.text:cma_ps_init</name>
         <load_address>0xb94e</load_address>
         <run_address>0xb94e</run_address>
         <size>0x58</size>
         <input_file_ref idref="fl-9"/>
      </object_component>
      <object_component id="oc-1ce">
         <name>.text:ps_write_register</name>
         <load_address>0xb9a6</load_address>
         <run_address>0xb9a6</run_address>
         <size>0x58</size>
         <input_file_ref idref="fl-d"/>
      </object_component>
      <object_component id="oc-9d">
         <name>.text</name>
         <load_address>0xb9fe</load_address>
         <run_address>0xb9fe</run_address>
         <size>0x58</size>
         <input_file_ref idref="fl-48"/>
      </object_component>
      <object_component id="oc-16f">
         <name>.text:temperature_measurement</name>
         <load_address>0xba56</load_address>
         <run_address>0xba56</run_address>
         <size>0x58</size>
         <input_file_ref idref="fl-1f"/>
      </object_component>
      <object_component id="oc-19c">
         <name>.text:write_lcd_mem</name>
         <load_address>0xbaae</load_address>
         <run_address>0xbaae</run_address>
         <size>0x58</size>
         <input_file_ref idref="fl-a"/>
      </object_component>
      <object_component id="oc-147">
         <name>.text:clear_line</name>
         <load_address>0xbb06</load_address>
         <run_address>0xbb06</run_address>
         <size>0x56</size>
         <input_file_ref idref="fl-a"/>
      </object_component>
      <object_component id="oc-1d5">
         <name>.text:TestStartTime_v</name>
         <load_address>0xbb5c</load_address>
         <run_address>0xbb5c</run_address>
         <size>0x52</size>
         <input_file_ref idref="fl-38"/>
      </object_component>
      <object_component id="oc-1f5">
         <name>.text:ps_i2c_read</name>
         <load_address>0xbbae</load_address>
         <run_address>0xbbae</run_address>
         <size>0x52</size>
         <input_file_ref idref="fl-d"/>
      </object_component>
      <object_component id="oc-14a">
         <name>.text:process_requests</name>
         <load_address>0xbc00</load_address>
         <run_address>0xbc00</run_address>
         <size>0x50</size>
         <input_file_ref idref="fl-2"/>
      </object_component>
      <object_component id="oc-1d0">
         <name>.text:SearchPacketCheck_u8</name>
         <load_address>0xbc50</load_address>
         <run_address>0xbc50</run_address>
         <size>0x4e</size>
         <input_file_ref idref="fl-38"/>
      </object_component>
      <object_component id="oc-171">
         <name>.text:bmp_as_get_data</name>
         <load_address>0xbc9e</load_address>
         <run_address>0xbc9e</run_address>
         <size>0x4e</size>
         <input_file_ref idref="fl-5"/>
      </object_component>
      <object_component id="oc-197">
         <name>.text:add_day</name>
         <load_address>0xbcec</load_address>
         <run_address>0xbcec</run_address>
         <size>0x4c</size>
         <input_file_ref idref="fl-18"/>
      </object_component>
      <object_component id="oc-1da">
         <name>.text:button_repeat_function</name>
         <load_address>0xbd38</load_address>
         <run_address>0xbd38</run_address>
         <size>0x4c</size>
         <input_file_ref idref="fl-c"/>
      </object_component>
      <object_component id="oc-1bf">
         <name>.text:cma_ps_get_temp</name>
         <load_address>0xbd84</load_address>
         <run_address>0xbd84</run_address>
         <size>0x4c</size>
         <input_file_ref idref="fl-9"/>
      </object_component>
      <object_component id="oc-bd">
         <name>.text</name>
         <load_address>0xbdd0</load_address>
         <run_address>0xbdd0</run_address>
         <size>0x4c</size>
         <input_file_ref idref="fl-50"/>
      </object_component>
      <object_component id="oc-174">
         <name>.text:cma_as_start</name>
         <load_address>0xbe1c</load_address>
         <run_address>0xbe1c</run_address>
         <size>0x4a</size>
         <input_file_ref idref="fl-8"/>
      </object_component>
      <object_component id="oc-a9">
         <name>.text</name>
         <load_address>0xbe66</load_address>
         <run_address>0xbe66</run_address>
         <size>0x4a</size>
         <input_file_ref idref="fl-4b"/>
      </object_component>
      <object_component id="oc-1bb">
         <name>.text:start_altitude_measurement</name>
         <load_address>0xbeb0</load_address>
         <run_address>0xbeb0</run_address>
         <size>0x4a</size>
         <input_file_ref idref="fl-13"/>
      </object_component>
      <object_component id="oc-194">
         <name>.text:toggle_buzzer</name>
         <load_address>0xbefa</load_address>
         <run_address>0xbefa</run_address>
         <size>0x4a</size>
         <input_file_ref idref="fl-7"/>
      </object_component>
      <object_component id="oc-1f1">
         <name>.text:BR__CalcRandomTimeOffset_u16</name>
         <load_address>0xbf44</load_address>
         <run_address>0xbf44</run_address>
         <size>0x48</size>
         <input_file_ref idref="fl-3c"/>
      </object_component>
      <object_component id="oc-127">
         <name>.text:_auto_init</name>
         <load_address>0xbf8c</load_address>
         <run_address>0xbf8c</run_address>
         <size>0x48</size>
         <input_file_ref idref="fl-62"/>
      </object_component>
      <object_component id="oc-1b2">
         <name>.text:SetVCoreUp</name>
         <load_address>0xbfd4</load_address>
         <run_address>0xbfd4</run_address>
         <size>0x46</size>
         <input_file_ref idref="fl-b"/>
      </object_component>
      <object_component id="oc-165">
         <name>.text:display_hours</name>
         <load_address>0xc01a</load_address>
         <run_address>0xc01a</run_address>
         <size>0x46</size>
         <input_file_ref idref="fl-a"/>
      </object_component>
      <object_component id="oc-b9">
         <name>.text</name>
         <load_address>0xc060</load_address>
         <run_address>0xc060</run_address>
         <size>0x46</size>
         <input_file_ref idref="fl-4f"/>
      </object_component>
      <object_component id="oc-151">
         <name>.text:start_buzzer</name>
         <load_address>0xc0a6</load_address>
         <run_address>0xc0a6</run_address>
         <size>0x46</size>
         <input_file_ref idref="fl-7"/>
      </object_component>
      <object_component id="oc-1c4">
         <name>.text:mrfiRadioInterfaceReadReg</name>
         <load_address>0xc0ec</load_address>
         <run_address>0xc0ec</run_address>
         <size>0x44</size>
         <input_file_ref idref="fl-25"/>
      </object_component>
      <object_component id="oc-20c">
         <name>.text:smpl_send_ping_reply$44</name>
         <load_address>0xc130</load_address>
         <run_address>0xc130</run_address>
         <size>0x44</size>
         <input_file_ref idref="fl-30"/>
      </object_component>
      <object_component id="oc-13e">
         <name>.text:sx_alarm</name>
         <load_address>0xc174</load_address>
         <run_address>0xc174</run_address>
         <size>0x44</size>
         <input_file_ref idref="fl-12"/>
      </object_component>
      <object_component id="oc-1d2">
         <name>.text:PacketHit_u8</name>
         <load_address>0xc1b8</load_address>
         <run_address>0xc1b8</run_address>
         <size>0x42</size>
         <input_file_ref idref="fl-38"/>
      </object_component>
      <object_component id="oc-1ec">
         <name>.text:ps_i2c_write</name>
         <load_address>0xc1fa</load_address>
         <run_address>0xc1fa</run_address>
         <size>0x42</size>
         <input_file_ref idref="fl-d"/>
      </object_component>
      <object_component id="oc-1f0">
         <name>.text:BRRX__NewInfo_v</name>
         <load_address>0xc23c</load_address>
         <run_address>0xc23c</run_address>
         <size>0x40</size>
         <input_file_ref idref="fl-3b"/>
      </object_component>
      <object_component id="oc-186">
         <name>.text:reset_altitude_measurement</name>
         <load_address>0xc27c</load_address>
         <run_address>0xc27c</run_address>
         <size>0x40</size>
         <input_file_ref idref="fl-13"/>
      </object_component>
      <object_component id="oc-99">
         <name>.text</name>
         <load_address>0xc2bc</load_address>
         <run_address>0xc2bc</run_address>
         <size>0x40</size>
         <input_file_ref idref="fl-47"/>
      </object_component>
      <object_component id="oc-1c7">
         <name>.text:Mrfi_RxAddrIsFiltered$33</name>
         <load_address>0xc2fc</load_address>
         <run_address>0xc2fc</run_address>
         <size>0x3e</size>
         <input_file_ref idref="fl-25"/>
      </object_component>
      <object_component id="oc-1e3">
         <name>.text:l_asr_const</name>
         <load_address>0xc33a</load_address>
         <run_address>0xc33a</run_address>
         <size>0x3e</size>
         <input_file_ref idref="fl-3f"/>
      </object_component>
      <object_component id="oc-1e2">
         <name>.text:l_lsl_const</name>
         <load_address>0xc378</load_address>
         <run_address>0xc378</run_address>
         <size>0x3e</size>
         <input_file_ref idref="fl-54"/>
      </object_component>
      <object_component id="oc-1e4">
         <name>.text:l_lsr_const</name>
         <load_address>0xc3b6</load_address>
         <run_address>0xc3b6</run_address>
         <size>0x3e</size>
         <input_file_ref idref="fl-55"/>
      </object_component>
      <object_component id="oc-15f">
         <name>.text:BRRX_TimerTask_v</name>
         <load_address>0xc3f4</load_address>
         <run_address>0xc3f4</run_address>
         <size>0x3c</size>
         <input_file_ref idref="fl-37"/>
      </object_component>
      <object_component id="oc-1af">
         <name>.text:as_start</name>
         <load_address>0xc430</load_address>
         <run_address>0xc430</run_address>
         <size>0x3c</size>
         <input_file_ref idref="fl-4"/>
      </object_component>
      <object_component id="oc-215">
         <name>.text:nwk_findPeer</name>
         <load_address>0xc46c</load_address>
         <run_address>0xc46c</run_address>
         <size>0x3c</size>
         <input_file_ref idref="fl-26"/>
      </object_component>
      <object_component id="oc-21a">
         <name>.text:nwk_getNextConnection</name>
         <load_address>0xc4a8</load_address>
         <run_address>0xc4a8</run_address>
         <size>0x3c</size>
         <input_file_ref idref="fl-26"/>
      </object_component>
      <object_component id="oc-219">
         <name>.text:nwk_isLinkDuplicate</name>
         <load_address>0xc4e4</load_address>
         <run_address>0xc4e4</run_address>
         <size>0x3c</size>
         <input_file_ref idref="fl-26"/>
      </object_component>
      <object_component id="oc-15d">
         <name>.text:update_stopwatch_timer</name>
         <load_address>0xc520</load_address>
         <run_address>0xc520</run_address>
         <size>0x3c</size>
         <input_file_ref idref="fl-1e"/>
      </object_component>
      <object_component id="oc-1d9">
         <name>.text:WriteSingleReg</name>
         <load_address>0xc55c</load_address>
         <run_address>0xc55c</run_address>
         <size>0x3a</size>
         <input_file_ref idref="fl-f"/>
      </object_component>
      <object_component id="oc-1e9">
         <name>.text:mrfiRadioInterfaceWriteReg</name>
         <load_address>0xc596</load_address>
         <run_address>0xc596</run_address>
         <size>0x36</size>
         <input_file_ref idref="fl-25"/>
      </object_component>
      <object_component id="oc-210">
         <name>.text:mrfiRadioInterfaceWriteTxFifo</name>
         <load_address>0xc5cc</load_address>
         <run_address>0xc5cc</run_address>
         <size>0x36</size>
         <input_file_ref idref="fl-25"/>
      </object_component>
      <object_component id="oc-204">
         <name>.text:nwk_processMgmt</name>
         <load_address>0xc602</load_address>
         <run_address>0xc602</run_address>
         <size>0x36</size>
         <input_file_ref idref="fl-2f"/>
      </object_component>
      <object_component id="oc-b1">
         <name>.text</name>
         <load_address>0xc638</load_address>
         <run_address>0xc638</run_address>
         <size>0x36</size>
         <input_file_ref idref="fl-4d"/>
      </object_component>
      <object_component id="oc-1d4">
         <name>.text:TrimRFCLK_Offset_v</name>
         <load_address>0xc66e</load_address>
         <run_address>0xc66e</run_address>
         <size>0x34</size>
         <input_file_ref idref="fl-38"/>
      </object_component>
      <object_component id="oc-21f">
         <name>.text:initializeConnection$34</name>
         <load_address>0xc6a2</load_address>
         <run_address>0xc6a2</run_address>
         <size>0x34</size>
         <input_file_ref idref="fl-26"/>
      </object_component>
      <object_component id="oc-19e">
         <name>.text:BRRX_RadioStop_v</name>
         <load_address>0xc6d6</load_address>
         <run_address>0xc6d6</run_address>
         <size>0x32</size>
         <input_file_ref idref="fl-3d"/>
      </object_component>
      <object_component id="oc-15b">
         <name>.text:as_stop</name>
         <load_address>0xc708</load_address>
         <run_address>0xc708</run_address>
         <size>0x32</size>
         <input_file_ref idref="fl-4"/>
      </object_component>
      <object_component id="oc-14b">
         <name>.text:display_update</name>
         <load_address>0xc73a</load_address>
         <run_address>0xc73a</run_address>
         <size>0x32</size>
         <input_file_ref idref="fl-2"/>
      </object_component>
      <object_component id="oc-1c5">
         <name>.text:mrfiRadioInterfaceReadRxFifo</name>
         <load_address>0xc76c</load_address>
         <run_address>0xc76c</run_address>
         <size>0x32</size>
         <input_file_ref idref="fl-25"/>
      </object_component>
      <object_component id="oc-177">
         <name>.text:radio_reset</name>
         <load_address>0xc79e</load_address>
         <run_address>0xc79e</run_address>
         <size>0x32</size>
         <input_file_ref idref="fl-e"/>
      </object_component>
      <object_component id="oc-c1">
         <name>.text</name>
         <load_address>0xc7d0</load_address>
         <run_address>0xc7d0</run_address>
         <size>0x32</size>
         <input_file_ref idref="fl-51"/>
      </object_component>
      <object_component id="oc-207">
         <name>.text:nwk_isValidReply</name>
         <load_address>0xc802</load_address>
         <run_address>0xc802</run_address>
         <size>0x30</size>
         <input_file_ref idref="fl-26"/>
      </object_component>
      <object_component id="oc-214">
         <name>.text:nwk_sendFrame</name>
         <load_address>0xc832</load_address>
         <run_address>0xc832</run_address>
         <size>0x30</size>
         <input_file_ref idref="fl-29"/>
      </object_component>
      <object_component id="oc-179">
         <name>.text:as_init</name>
         <load_address>0xc862</load_address>
         <run_address>0xc862</run_address>
         <size>0x2e</size>
         <input_file_ref idref="fl-4"/>
      </object_component>
      <object_component id="oc-17d">
         <name>.text:bmp_ps_init</name>
         <load_address>0xc890</load_address>
         <run_address>0xc890</run_address>
         <size>0x2e</size>
         <input_file_ref idref="fl-6"/>
      </object_component>
      <object_component id="oc-1f6">
         <name>.text:nwk_QadjustOrder</name>
         <load_address>0xc8be</load_address>
         <run_address>0xc8be</run_address>
         <size>0x2e</size>
         <input_file_ref idref="fl-27"/>
      </object_component>
      <object_component id="oc-20f">
         <name>.text:Mrfi_RxModeOff$33</name>
         <load_address>0xc8ec</load_address>
         <run_address>0xc8ec</run_address>
         <size>0x2c</size>
         <input_file_ref idref="fl-25"/>
      </object_component>
      <object_component id="oc-170">
         <name>.text:cma_as_get_data</name>
         <load_address>0xc918</load_address>
         <run_address>0xc918</run_address>
         <size>0x2c</size>
         <input_file_ref idref="fl-8"/>
      </object_component>
      <object_component id="oc-220">
         <name>.text:map_lid2idx$34</name>
         <load_address>0xc944</load_address>
         <run_address>0xc944</run_address>
         <size>0x2c</size>
         <input_file_ref idref="fl-26"/>
      </object_component>
      <object_component id="oc-91">
         <name>.text</name>
         <load_address>0xc970</load_address>
         <run_address>0xc970</run_address>
         <size>0x2c</size>
         <input_file_ref idref="fl-45"/>
      </object_component>
      <object_component id="oc-1c8">
         <name>.text:Mrfi_CalculateRssi$33</name>
         <load_address>0xc99c</load_address>
         <run_address>0xc99c</run_address>
         <size>0x2a</size>
         <input_file_ref idref="fl-25"/>
      </object_component>
      <object_component id="oc-1d7">
         <name>.text:SearchPacketMissed_u8</name>
         <load_address>0xc9c6</load_address>
         <run_address>0xc9c6</run_address>
         <size>0x2a</size>
         <input_file_ref idref="fl-38"/>
      </object_component>
      <object_component id="oc-195">
         <name>.text:Timer0_A3_Start</name>
         <load_address>0xc9f0</load_address>
         <run_address>0xc9f0</run_address>
         <size>0x2a</size>
         <input_file_ref idref="fl-10"/>
      </object_component>
      <object_component id="oc-4e">
         <name>.text:_isr:_c_int00_noexit</name>
         <load_address>0xca1a</load_address>
         <run_address>0xca1a</run_address>
         <size>0x2a</size>
         <input_file_ref idref="fl-40"/>
      </object_component>
      <object_component id="oc-17a">
         <name>.text:lcd_init</name>
         <load_address>0xca44</load_address>
         <run_address>0xca44</run_address>
         <size>0x2a</size>
         <input_file_ref idref="fl-a"/>
      </object_component>
      <object_component id="oc-137">
         <name>.text:sx_acceleration</name>
         <load_address>0xca6e</load_address>
         <run_address>0xca6e</run_address>
         <size>0x2a</size>
         <input_file_ref idref="fl-11"/>
      </object_component>
      <object_component id="oc-1c3">
         <name>.text:do_count</name>
         <load_address>0xca98</load_address>
         <run_address>0xca98</run_address>
         <size>0x28</size>
         <input_file_ref idref="fl-17"/>
      </object_component>
      <object_component id="oc-176">
         <name>.text:SetVCore</name>
         <load_address>0xcac0</load_address>
         <run_address>0xcac0</run_address>
         <size>0x26</size>
         <input_file_ref idref="fl-b"/>
      </object_component>
      <object_component id="oc-1b3">
         <name>.text:SetVCoreDown</name>
         <load_address>0xcae6</load_address>
         <run_address>0xcae6</run_address>
         <size>0x26</size>
         <input_file_ref idref="fl-b"/>
      </object_component>
      <object_component id="oc-209">
         <name>.text:handleLinkRequest$42</name>
         <load_address>0xcb0c</load_address>
         <run_address>0xcb0c</run_address>
         <size>0x26</size>
         <input_file_ref idref="fl-2e"/>
      </object_component>
      <object_component id="oc-17b">
         <name>.text:init_buttons</name>
         <load_address>0xcb32</load_address>
         <run_address>0xcb32</run_address>
         <size>0x26</size>
         <input_file_ref idref="fl-c"/>
      </object_component>
      <object_component id="oc-1ba">
         <name>.text:init_pressure_table</name>
         <load_address>0xcb58</load_address>
         <run_address>0xcb58</run_address>
         <size>0x26</size>
         <input_file_ref idref="fl-d"/>
      </object_component>
      <object_component id="oc-1fd">
         <name>.text:BRRX_GetState_t</name>
         <load_address>0xcb7e</load_address>
         <run_address>0xcb7e</run_address>
         <size>0x24</size>
         <input_file_ref idref="fl-3b"/>
      </object_component>
      <object_component id="oc-1ff">
         <name>.text:nwk_processPing</name>
         <load_address>0xcba2</load_address>
         <run_address>0xcba2</run_address>
         <size>0x24</size>
         <input_file_ref idref="fl-30"/>
      </object_component>
      <object_component id="oc-1b5">
         <name>.text:ps_init</name>
         <load_address>0xcbc6</load_address>
         <run_address>0xcbc6</run_address>
         <size>0x24</size>
         <input_file_ref idref="fl-d"/>
      </object_component>
      <object_component id="oc-c5">
         <name>.text</name>
         <load_address>0xcbea</load_address>
         <run_address>0xcbea</run_address>
         <size>0x24</size>
         <input_file_ref idref="fl-52"/>
      </object_component>
      <object_component id="oc-1fa">
         <name>.text:BSP_Delay</name>
         <load_address>0xcc0e</load_address>
         <run_address>0xcc0e</run_address>
         <size>0x22</size>
         <input_file_ref idref="fl-24"/>
      </object_component>
      <object_component id="oc-164">
         <name>.text:display_value</name>
         <load_address>0xcc30</load_address>
         <run_address>0xcc30</run_address>
         <size>0x22</size>
         <input_file_ref idref="fl-a"/>
      </object_component>
      <object_component id="oc-1f7">
         <name>.text:memcmp</name>
         <load_address>0xcc52</load_address>
         <run_address>0xcc52</run_address>
         <size>0x22</size>
         <input_file_ref idref="fl-56"/>
      </object_component>
      <object_component id="oc-200">
         <name>.text:nwk_processLink</name>
         <load_address>0xcc74</load_address>
         <run_address>0xcc74</run_address>
         <size>0x22</size>
         <input_file_ref idref="fl-2e"/>
      </object_component>
      <object_component id="oc-d7">
         <name>.text</name>
         <load_address>0xcc96</load_address>
         <run_address>0xcc96</run_address>
         <size>0x22</size>
         <input_file_ref idref="fl-5c"/>
      </object_component>
      <object_component id="oc-15a">
         <name>.text:stop_altitude_measurement</name>
         <load_address>0xccb8</load_address>
         <run_address>0xccb8</run_address>
         <size>0x22</size>
         <input_file_ref idref="fl-13"/>
      </object_component>
      <object_component id="oc-1c9">
         <name>.text:MRFI_RxCompleteISR</name>
         <load_address>0xccda</load_address>
         <run_address>0xccda</run_address>
         <size>0x20</size>
         <input_file_ref idref="fl-29"/>
      </object_component>
      <object_component id="oc-12a">
         <name>.text:_isr:radio_ISR</name>
         <load_address>0xccfa</load_address>
         <run_address>0xccfa</run_address>
         <size>0x20</size>
         <input_file_ref idref="fl-e"/>
      </object_component>
      <object_component id="oc-190">
         <name>.text:do_acceleration_measurement</name>
         <load_address>0xcd1a</load_address>
         <run_address>0xcd1a</run_address>
         <size>0x20</size>
         <input_file_ref idref="fl-11"/>
      </object_component>
      <object_component id="oc-181">
         <name>.text:reset_clock</name>
         <load_address>0xcd3a</load_address>
         <run_address>0xcd3a</run_address>
         <size>0x20</size>
         <input_file_ref idref="fl-16"/>
      </object_component>
      <object_component id="oc-185">
         <name>.text:reset_stopwatch</name>
         <load_address>0xcd5a</load_address>
         <run_address>0xcd5a</run_address>
         <size>0x20</size>
         <input_file_ref idref="fl-1e"/>
      </object_component>
      <object_component id="oc-196">
         <name>.text:stop_buzzer</name>
         <load_address>0xcd7a</load_address>
         <run_address>0xcd7a</run_address>
         <size>0x20</size>
         <input_file_ref idref="fl-7"/>
      </object_component>
      <object_component id="oc-1a0">
         <name>.text:SetAbsoluteTimer_v</name>
         <load_address>0xcd9a</load_address>
         <run_address>0xcd9a</run_address>
         <size>0x1e</size>
         <input_file_ref idref="fl-37"/>
      </object_component>
      <object_component id="oc-15c">
         <name>.text:display_symbol</name>
         <load_address>0xcdb8</load_address>
         <run_address>0xcdb8</run_address>
         <size>0x1e</size>
         <input_file_ref idref="fl-a"/>
      </object_component>
      <object_component id="oc-21e">
         <name>.text:memmove</name>
         <load_address>0xcdd6</load_address>
         <run_address>0xcdd6</run_address>
         <size>0x1e</size>
         <input_file_ref idref="fl-58"/>
      </object_component>
      <object_component id="oc-1ea">
         <name>.text:Mrfi_DelayUsec$33</name>
         <load_address>0xcdf4</load_address>
         <run_address>0xcdf4</run_address>
         <size>0x1c</size>
         <input_file_ref idref="fl-25"/>
      </object_component>
      <object_component id="oc-160">
         <name>.text:clear_display_all</name>
         <load_address>0xce10</load_address>
         <run_address>0xce10</run_address>
         <size>0x1c</size>
         <input_file_ref idref="fl-a"/>
      </object_component>
      <object_component id="oc-1bd">
         <name>.text:convert_m_to_ft</name>
         <load_address>0xce2c</load_address>
         <run_address>0xce2c</run_address>
         <size>0x1c</size>
         <input_file_ref idref="fl-13"/>
      </object_component>
      <object_component id="oc-169">
         <name>.text:display_am_pm_symbol</name>
         <load_address>0xce48</load_address>
         <run_address>0xce48</run_address>
         <size>0x1c</size>
         <input_file_ref idref="fl-a"/>
      </object_component>
      <object_component id="oc-1d1">
         <name>.text:GetPacketTolerance_u8</name>
         <load_address>0xce64</load_address>
         <run_address>0xce64</run_address>
         <size>0x1a</size>
         <input_file_ref idref="fl-38"/>
      </object_component>
      <object_component id="oc-211">
         <name>.text:Mrfi_RandomBackoffDelay$33</name>
         <load_address>0xce7e</load_address>
         <run_address>0xce7e</run_address>
         <size>0x1a</size>
         <input_file_ref idref="fl-25"/>
      </object_component>
      <object_component id="oc-12b">
         <name>.text:_isr:ADC12ISR</name>
         <load_address>0xce98</load_address>
         <run_address>0xce98</run_address>
         <size>0x1a</size>
         <input_file_ref idref="fl-3"/>
      </object_component>
      <object_component id="oc-150">
         <name>.text:stop_stopwatch</name>
         <load_address>0xceb2</load_address>
         <run_address>0xceb2</run_address>
         <size>0x1a</size>
         <input_file_ref idref="fl-1e"/>
      </object_component>
      <object_component id="oc-1dd">
         <name>.text:ReadSingleReg</name>
         <load_address>0xcecc</load_address>
         <run_address>0xcecc</run_address>
         <size>0x18</size>
         <input_file_ref idref="fl-f"/>
      </object_component>
      <object_component id="oc-16c">
         <name>.text:convert_C_to_F</name>
         <load_address>0xcee4</load_address>
         <run_address>0xcee4</run_address>
         <size>0x18</size>
         <input_file_ref idref="fl-1f"/>
      </object_component>
      <object_component id="oc-16b">
         <name>.text:convert_hour_to_12H_format</name>
         <load_address>0xcefc</load_address>
         <run_address>0xcefc</run_address>
         <size>0x18</size>
         <input_file_ref idref="fl-16"/>
      </object_component>
      <object_component id="oc-18f">
         <name>.text:display_all_on</name>
         <load_address>0xcf14</load_address>
         <run_address>0xcf14</run_address>
         <size>0x18</size>
         <input_file_ref idref="fl-20"/>
      </object_component>
      <object_component id="oc-201">
         <name>.text:nwk_processJoin</name>
         <load_address>0xcf2c</load_address>
         <run_address>0xcf2c</run_address>
         <size>0x18</size>
         <input_file_ref idref="fl-2d"/>
      </object_component>
      <object_component id="oc-183">
         <name>.text:reset_alarm</name>
         <load_address>0xcf44</load_address>
         <run_address>0xcf44</run_address>
         <size>0x18</size>
         <input_file_ref idref="fl-12"/>
      </object_component>
      <object_component id="oc-21d">
         <name>.text:MRFI_RandomByte</name>
         <load_address>0xcf5c</load_address>
         <run_address>0xcf5c</run_address>
         <size>0x16</size>
         <input_file_ref idref="fl-25"/>
      </object_component>
      <object_component id="oc-212">
         <name>.text:Mrfi_RxModeOn$33</name>
         <load_address>0xcf72</load_address>
         <run_address>0xcf72</run_address>
         <size>0x16</size>
         <input_file_ref idref="fl-25"/>
      </object_component>
      <object_component id="oc-1a3">
         <name>.text:button_repeat_on</name>
         <load_address>0xcf88</load_address>
         <run_address>0xcf88</run_address>
         <size>0x16</size>
         <input_file_ref idref="fl-c"/>
      </object_component>
      <object_component id="oc-162">
         <name>.text:display_selection_Timeformat1</name>
         <load_address>0xcf9e</load_address>
         <run_address>0xcf9e</run_address>
         <size>0x16</size>
         <input_file_ref idref="fl-16"/>
      </object_component>
      <object_component id="oc-95">
         <name>.text</name>
         <load_address>0xcfb4</load_address>
         <run_address>0xcfb4</run_address>
         <size>0x16</size>
         <input_file_ref idref="fl-46"/>
      </object_component>
      <object_component id="oc-d3">
         <name>.text</name>
         <load_address>0xcfca</load_address>
         <run_address>0xcfca</run_address>
         <size>0x16</size>
         <input_file_ref idref="fl-5b"/>
      </object_component>
      <object_component id="oc-13a">
         <name>.text:sx_counter</name>
         <load_address>0xcfe0</load_address>
         <run_address>0xcfe0</run_address>
         <size>0x16</size>
         <input_file_ref idref="fl-17"/>
      </object_component>
      <object_component id="oc-17c">
         <name>.text:Timer0_Init</name>
         <load_address>0xcff6</load_address>
         <run_address>0xcff6</run_address>
         <size>0x14</size>
         <input_file_ref idref="fl-10"/>
      </object_component>
      <object_component id="oc-1cb">
         <name>.text:countdown_buzzer</name>
         <load_address>0xd00a</load_address>
         <run_address>0xd00a</run_address>
         <size>0x14</size>
         <input_file_ref idref="fl-7"/>
      </object_component>
      <object_component id="oc-18c">
         <name>.text:display_all_off</name>
         <load_address>0xd01e</load_address>
         <run_address>0xd01e</run_address>
         <size>0x14</size>
         <input_file_ref idref="fl-20"/>
      </object_component>
      <object_component id="oc-182">
         <name>.text:reset_date</name>
         <load_address>0xd032</load_address>
         <run_address>0xd032</run_address>
         <size>0x14</size>
         <input_file_ref idref="fl-18"/>
      </object_component>
      <object_component id="oc-16e">
         <name>.text:convert_F_to_C</name>
         <load_address>0xd046</load_address>
         <run_address>0xd046</run_address>
         <size>0x12</size>
         <input_file_ref idref="fl-1f"/>
      </object_component>
      <object_component id="oc-153">
         <name>.text:is_acceleration_measurement</name>
         <load_address>0xd058</load_address>
         <run_address>0xd058</run_address>
         <size>0x12</size>
         <input_file_ref idref="fl-11"/>
      </object_component>
      <object_component id="oc-158">
         <name>.text:is_altitude_measurement</name>
         <load_address>0xd06a</load_address>
         <run_address>0xd06a</run_address>
         <size>0x12</size>
         <input_file_ref idref="fl-13"/>
      </object_component>
      <object_component id="oc-142">
         <name>.text:memcpy</name>
         <load_address>0xd07c</load_address>
         <run_address>0xd07c</run_address>
         <size>0x12</size>
         <input_file_ref idref="fl-57"/>
      </object_component>
      <object_component id="oc-1c6">
         <name>.text:memset</name>
         <load_address>0xd08e</load_address>
         <run_address>0xd08e</run_address>
         <size>0x12</size>
         <input_file_ref idref="fl-59"/>
      </object_component>
      <object_component id="oc-20a">
         <name>.text:nwk_getMyAddress</name>
         <load_address>0xd0a0</load_address>
         <run_address>0xd0a0</run_address>
         <size>0x12</size>
         <input_file_ref idref="fl-2a"/>
      </object_component>
      <object_component id="oc-18a">
         <name>.text:reset_batt_measurement</name>
         <load_address>0xd0b2</load_address>
         <run_address>0xd0b2</run_address>
         <size>0x12</size>
         <input_file_ref idref="fl-15"/>
      </object_component>
      <object_component id="oc-db">
         <name>.text</name>
         <load_address>0xd0c4</load_address>
         <run_address>0xd0c4</run_address>
         <size>0x12</size>
         <input_file_ref idref="fl-5e"/>
      </object_component>
      <object_component id="oc-1ad">
         <name>.text:l_lsl</name>
         <load_address>0xd0d6</load_address>
         <run_address>0xd0d6</run_address>
         <size>0x10</size>
         <input_file_ref idref="fl-54"/>
      </object_component>
      <object_component id="oc-1ae">
         <name>.text:l_lsr</name>
         <load_address>0xd0e6</load_address>
         <run_address>0xd0e6</run_address>
         <size>0x10</size>
         <input_file_ref idref="fl-55"/>
      </object_component>
      <object_component id="oc-178">
         <name>.text:radio_powerdown</name>
         <load_address>0xd0f6</load_address>
         <run_address>0xd0f6</run_address>
         <size>0x10</size>
         <input_file_ref idref="fl-e"/>
      </object_component>
      <object_component id="oc-12f">
         <name>.text:sx_time</name>
         <load_address>0xd106</load_address>
         <run_address>0xd106</run_address>
         <size>0x10</size>
         <input_file_ref idref="fl-16"/>
      </object_component>
      <object_component id="oc-173">
         <name>.text:acceleration_value_is_positive</name>
         <load_address>0xd116</load_address>
         <run_address>0xd116</run_address>
         <size>0xe</size>
         <input_file_ref idref="fl-11"/>
      </object_component>
      <object_component id="oc-199">
         <name>.text:bmp_ps_write_register</name>
         <load_address>0xd124</load_address>
         <run_address>0xd124</run_address>
         <size>0xe</size>
         <input_file_ref idref="fl-6"/>
      </object_component>
      <object_component id="oc-1a9">
         <name>.text:cma_as_read_register</name>
         <load_address>0xd132</load_address>
         <run_address>0xd132</run_address>
         <size>0xe</size>
         <input_file_ref idref="fl-8"/>
      </object_component>
      <object_component id="oc-1a7">
         <name>.text:is_hour_am</name>
         <load_address>0xd140</load_address>
         <run_address>0xd140</run_address>
         <size>0xe</size>
         <input_file_ref idref="fl-16"/>
      </object_component>
      <object_component id="oc-187">
         <name>.text:reset_acceleration</name>
         <load_address>0xd14e</load_address>
         <run_address>0xd14e</run_address>
         <size>0xe</size>
         <input_file_ref idref="fl-11"/>
      </object_component>
      <object_component id="oc-180">
         <name>.text:reset_counter</name>
         <load_address>0xd15c</load_address>
         <run_address>0xd15c</run_address>
         <size>0xe</size>
         <input_file_ref idref="fl-17"/>
      </object_component>
      <object_component id="oc-1a4">
         <name>.text:set_blink_rate</name>
         <load_address>0xd16a</load_address>
         <run_address>0xd16a</run_address>
         <size>0xe</size>
         <input_file_ref idref="fl-a"/>
      </object_component>
      <object_component id="oc-1cf">
         <name>.text:BRRX__GetCurrentTime_u16</name>
         <load_address>0xd178</load_address>
         <run_address>0xd178</run_address>
         <size>0xc</size>
         <input_file_ref idref="fl-37"/>
      </object_component>
      <object_component id="oc-206">
         <name>.text:MRFI_PostKillSem</name>
         <load_address>0xd184</load_address>
         <run_address>0xd184</run_address>
         <size>0xc</size>
         <input_file_ref idref="fl-25"/>
      </object_component>
      <object_component id="oc-1e7">
         <name>.text:MRFI_Receive</name>
         <load_address>0xd190</load_address>
         <run_address>0xd190</run_address>
         <size>0xc</size>
         <input_file_ref idref="fl-25"/>
      </object_component>
      <object_component id="oc-166">
         <name>.text:Timer0_Stop</name>
         <load_address>0xd19c</load_address>
         <run_address>0xd19c</run_address>
         <size>0xc</size>
         <input_file_ref idref="fl-10"/>
      </object_component>
      <object_component id="oc-1b6">
         <name>.text:bmp_ps_read_register</name>
         <load_address>0xd1a8</load_address>
         <run_address>0xd1a8</run_address>
         <size>0xc</size>
         <input_file_ref idref="fl-6"/>
      </object_component>
      <object_component id="oc-161">
         <name>.text:clear_display</name>
         <load_address>0xd1b4</load_address>
         <run_address>0xd1b4</run_address>
         <size>0xc</size>
         <input_file_ref idref="fl-a"/>
      </object_component>
      <object_component id="oc-1b0">
         <name>.text:cma_as_write_register</name>
         <load_address>0xd1c0</load_address>
         <run_address>0xd1c0</run_address>
         <size>0xc</size>
         <input_file_ref idref="fl-8"/>
      </object_component>
      <object_component id="oc-1b9">
         <name>.text:cma_ps_read_register</name>
         <load_address>0xd1cc</load_address>
         <run_address>0xd1cc</run_address>
         <size>0xc</size>
         <input_file_ref idref="fl-9"/>
      </object_component>
      <object_component id="oc-1e0">
         <name>.text:cma_ps_start</name>
         <load_address>0xd1d8</load_address>
         <run_address>0xd1d8</run_address>
         <size>0xc</size>
         <input_file_ref idref="fl-9"/>
      </object_component>
      <object_component id="oc-1b8">
         <name>.text:cma_ps_write_register</name>
         <load_address>0xd1e4</load_address>
         <run_address>0xd1e4</run_address>
         <size>0xc</size>
         <input_file_ref idref="fl-9"/>
      </object_component>
      <object_component id="oc-208">
         <name>.text:handlePingRequest$44</name>
         <load_address>0xd1f0</load_address>
         <run_address>0xd1f0</run_address>
         <size>0xc</size>
         <input_file_ref idref="fl-30"/>
      </object_component>
      <object_component id="oc-154">
         <name>.text:is_counter_measurement</name>
         <load_address>0xd1fc</load_address>
         <run_address>0xd1fc</run_address>
         <size>0xc</size>
         <input_file_ref idref="fl-17"/>
      </object_component>
      <object_component id="oc-14c">
         <name>.text:is_rf</name>
         <load_address>0xd208</load_address>
         <run_address>0xd208</run_address>
         <size>0xc</size>
         <input_file_ref idref="fl-1c"/>
      </object_component>
      <object_component id="oc-157">
         <name>.text:is_temp_measurement</name>
         <load_address>0xd214</load_address>
         <run_address>0xd214</run_address>
         <size>0xc</size>
         <input_file_ref idref="fl-1f"/>
      </object_component>
      <object_component id="oc-13b">
         <name>.text:mx_counter</name>
         <load_address>0xd220</load_address>
         <run_address>0xd220</run_address>
         <size>0xc</size>
         <input_file_ref idref="fl-17"/>
      </object_component>
      <object_component id="oc-218">
         <name>.text:nwk_getNumObjectFromMsg</name>
         <load_address>0xd22c</load_address>
         <run_address>0xd22c</run_address>
         <size>0xc</size>
         <input_file_ref idref="fl-26"/>
      </object_component>
      <object_component id="oc-139">
         <name>.text:update_acceleration</name>
         <load_address>0xd238</load_address>
         <run_address>0xd238</run_address>
         <size>0xc</size>
         <input_file_ref idref="fl-1a"/>
      </object_component>
      <object_component id="oc-141">
         <name>.text:update_alarm</name>
         <load_address>0xd244</load_address>
         <run_address>0xd244</run_address>
         <size>0xc</size>
         <input_file_ref idref="fl-1a"/>
      </object_component>
      <object_component id="oc-13d">
         <name>.text:update_counter</name>
         <load_address>0xd250</load_address>
         <run_address>0xd250</run_address>
         <size>0xc</size>
         <input_file_ref idref="fl-1a"/>
      </object_component>
      <object_component id="oc-136">
         <name>.text:update_temperature</name>
         <load_address>0xd25c</load_address>
         <run_address>0xd25c</run_address>
         <size>0xc</size>
         <input_file_ref idref="fl-1a"/>
      </object_component>
      <object_component id="oc-1d8">
[...]
         <value>0xd310</value>
         <object_component_ref idref="oc-1f3"/>
      </symbol>
      <symbol id="sm-bf9">
         <name>convert_F_to_C</name>
         <value>0xd046</value>
         <object_component_ref idref="oc-16e"/>
      </symbol>
      <symbol id="sm-bfa">
         <name>cma_mgrav_per_bit</name>
         <value>0xd7ce</value>
         <object_component_ref idref="oc-1ac"/>
      </symbol>
      <symbol id="sm-bfb">
         <name>main</name>
         <value>0xacbc</value>
         <object_component_ref idref="oc-128"/>
      </symbol>
      <symbol id="sm-bfc">
         <name>sTimer</name>
         <value>0x2146</value>
         <object_component_ref idref="oc-f9"/>
      </symbol>
      <symbol id="sm-bfd">
         <name>display_all_on</name>
         <value>0xcf14</value>
         <object_component_ref idref="oc-18f"/>
      </symbol>
      <symbol id="sm-bfe">
         <name>nwk_isLinkDuplicate</name>
         <value>0xc4e4</value>
         <object_component_ref idref="oc-219"/>
      </symbol>
      <symbol id="sm-bff">
         <name>switch_seg</name>
         <value>0xd2ae</value>
         <object_component_ref idref="oc-16a"/>
      </symbol>
      <symbol id="sm-c00">
         <name>_lock</name>
         <value>0x2132</value>
         <object_component_ref idref="oc-114"/>
      </symbol>
      <symbol id="sm-c01">
         <name>as_stop</name>
         <value>0xc708</value>
         <object_component_ref idref="oc-15b"/>
      </symbol>
      <symbol id="sm-c02">
         <name>display_alarm</name>
         <value>0xb782</value>
         <object_component_ref idref="oc-140"/>
      </symbol>
      <symbol id="sm-c03">
         <name>reset_counter</name>
         <value>0xd15c</value>
         <object_component_ref idref="oc-180"/>
      </symbol>
      <symbol id="sm-c04">
         <name>MRFI_Transmit</name>
         <value>0xa514</value>
         <object_component_ref idref="oc-20b"/>
      </symbol>
      <symbol id="sm-c05">
         <name>button</name>
         <value>0x20fc</value>
         <object_component_ref idref="oc-ee"/>
      </symbol>
      <symbol id="sm-c06">
         <name>last_stateX</name>
         <value>0x20e2</value>
         <object_component_ref idref="oc-fc"/>
      </symbol>
      <symbol id="sm-c07">
         <name>last_stateY</name>
         <value>0x20e3</value>
         <object_component_ref idref="oc-fc"/>
      </symbol>
      <symbol id="sm-c08">
         <name>last_stateZ</name>
         <value>0x20e4</value>
         <object_component_ref idref="oc-fc"/>
      </symbol>
      <symbol id="sm-c09">
         <name>sx_acceleration</name>
         <value>0xca6e</value>
         <object_component_ref idref="oc-137"/>
      </symbol>
      <symbol id="sm-c0a">
         <name>message</name>
         <value>0x2078</value>
         <object_component_ref idref="oc-f5"/>
      </symbol>
      <symbol id="sm-c0b">
         <name>sButton</name>
         <value>0x20fe</value>
         <object_component_ref idref="oc-ee"/>
      </symbol>
      <symbol id="sm-c0c">
         <name>bmp_ps_read_register</name>
         <value>0xd1a8</value>
         <object_component_ref idref="oc-1b6"/>
      </symbol>
      <symbol id="sm-c0d">
         <name>battery_measurement</name>
         <value>0xb32a</value>
         <object_component_ref idref="oc-18b"/>
      </symbol>
      <symbol id="sm-c0e">
         <name>mx_temperature</name>
         <value>0xa018</value>
         <object_component_ref idref="oc-134"/>
      </symbol>
      <symbol id="sm-c0f">
         <name>Timer0_Init</name>
         <value>0xcff6</value>
         <object_component_ref idref="oc-17c"/>
      </symbol>
      <symbol id="sm-c10">
         <name>sStopwatch</name>
         <value>0x20b0</value>
         <object_component_ref idref="oc-104"/>
      </symbol>
      <symbol id="sm-c11">
         <name>mx_time</name>
         <value>0x8fd2</value>
         <object_component_ref idref="oc-130"/>
      </symbol>
      <symbol id="sm-c12">
         <name>simpliciti_ed_address</name>
         <value>0x1ef8</value>
         <object_component_ref idref="oc-f4"/>
      </symbol>
      <symbol id="sm-c13">
         <name>check_alarm</name>
         <value>0x9c62</value>
         <object_component_ref idref="oc-156"/>
      </symbol>
      <symbol id="sm-c14">
         <name>nwk_isConnectionValid</name>
         <value>0xaba4</value>
         <object_component_ref idref="oc-1f9"/>
      </symbol>
      <symbol id="sm-c15">
         <name>sBuzzer</name>
         <value>0x212a</value>
         <object_component_ref idref="oc-fa"/>
      </symbol>
      <symbol id="sm-c16">
         <name>reset_altitude_measurement</name>
         <value>0xc27c</value>
         <object_component_ref idref="oc-186"/>
      </symbol>
      <symbol id="sm-c17">
         <name>cma_as_get_data</name>
         <value>0xc918</value>
         <object_component_ref idref="oc-170"/>
      </symbol>
      <symbol id="sm-c18">
         <name>do_count</name>
         <value>0xca98</value>
         <object_component_ref idref="oc-1c3"/>
      </symbol>
      <symbol id="sm-c19">
         <name>offset</name>
         <value>0x1f86</value>
         <object_component_ref idref="oc-100"/>
      </symbol>
      <symbol id="sm-c1a">
         <name>display_chars</name>
         <value>0xa37a</value>
         <object_component_ref idref="oc-148"/>
      </symbol>
      <symbol id="sm-c1b">
         <name>set_blink_rate</name>
         <value>0xd16a</value>
         <object_component_ref idref="oc-1a4"/>
      </symbol>
      <symbol id="sm-c1c">
         <name>_unlock</name>
         <value>0x2136</value>
         <object_component_ref idref="oc-114"/>
      </symbol>
      <symbol id="sm-c1d">
         <name>reset_date</name>
         <value>0xd032</value>
         <object_component_ref idref="oc-182"/>
      </symbol>
      <symbol id="sm-c1e">
         <name>nwk_isValidReply</name>
         <value>0xc802</value>
         <object_component_ref idref="oc-207"/>
      </symbol>
      <symbol id="sm-c1f">
         <name>Timer0_A4_Delay</name>
         <value>0xb83e</value>
         <object_component_ref idref="oc-14e"/>
      </symbol>
      <symbol id="sm-c20">
         <name>cma_ps_stop</name>
         <value>0xd27c</value>
         <object_component_ref idref="oc-19a"/>
      </symbol>
      <symbol id="sm-c21">
         <name>bmp_param_b5</name>
         <value>0x205a</value>
         <object_component_ref idref="oc-f8"/>
      </symbol>
      <symbol id="sm-c22">
         <name>nwk_sendAckReply</name>
         <value>0xb0e0</value>
         <object_component_ref idref="oc-205"/>
      </symbol>
      <symbol id="sm-c23">
         <name>burst_start</name>
         <value>0x1f28</value>
         <object_component_ref idref="oc-f4"/>
      </symbol>
      <symbol id="sm-c24">
         <name>toggle_buzzer</name>
         <value>0xbefa</value>
         <object_component_ref idref="oc-194"/>
      </symbol>
      <symbol id="sm-c25">
         <name>sys</name>
         <value>0x2074</value>
         <object_component_ref idref="oc-f5"/>
      </symbol>
      <symbol id="sm-c26">
         <name>bmp_ps_get_pa</name>
         <value>0x91a6</value>
         <object_component_ref idref="oc-1c1"/>
      </symbol>
      <symbol id="sm-c27">
         <name>convert_acceleration_value_to_mgrav</name>
         <value>0xb4d0</value>
         <object_component_ref idref="oc-172"/>
      </symbol>
      <symbol id="sm-c28">
         <name>stop_blink</name>
         <value>0xd316</value>
         <object_component_ref idref="oc-1f4"/>
      </symbol>
      <symbol id="sm-c29">
         <name>is_rf</name>
         <value>0xd208</value>
         <object_component_ref idref="oc-14c"/>
      </symbol>
      <symbol id="sm-c2a">
         <name>nwk_getMyAddress</name>
         <value>0xd0a0</value>
         <object_component_ref idref="oc-20a"/>
      </symbol>
      <symbol id="sm-c2b">
         <name>clear_line</name>
         <value>0xbb06</value>
         <object_component_ref idref="oc-147"/>
      </symbol>
      <symbol id="sm-c2c">
         <name>nwk_allocateLocalRxPort</name>
         <value>0xa2a8</value>
         <object_component_ref idref="oc-21b"/>
      </symbol>
      <symbol id="sm-c2d">
         <name>do_altitude_measurement</name>
         <value>0xb59a</value>
         <object_component_ref idref="oc-18e"/>
      </symbol>
      <symbol id="sm-c2e">
         <name>display</name>
         <value>0x1e52</value>
         <object_component_ref idref="oc-ed"/>
      </symbol>
      <symbol id="sm-c2f">
         <name>update_time</name>
         <value>0xd2c2</value>
         <object_component_ref idref="oc-132"/>
      </symbol>
      <symbol id="sm-c30">
         <name>segments_bitmask</name>
         <value>0xd73a</value>
         <object_component_ref idref="oc-19b"/>
      </symbol>
      <symbol id="sm-c31">
         <name>is_counter_measurement</name>
         <value>0xd1fc</value>
         <object_component_ref idref="oc-154"/>
      </symbol>
      <symbol id="sm-c32">
         <name>display_all_off</name>
         <value>0xd01e</value>
         <object_component_ref idref="oc-18c"/>
      </symbol>
      <symbol id="sm-c33">
         <name>PORT2_ISR</name>
         <value>0x89d6</value>
         <object_component_ref idref="oc-12c"/>
      </symbol>
      <symbol id="sm-c34">
         <name>nwk_processSecurity</name>
         <value>0xd338</value>
         <object_component_ref idref="oc-202"/>
      </symbol>
      <symbol id="sm-c35">
         <name>memmove</name>
         <value>0xcdd6</value>
         <object_component_ref idref="oc-21e"/>
      </symbol>
      <symbol id="sm-c36">
         <name>stop_altitude_measurement</name>
         <value>0xccb8</value>
         <object_component_ref idref="oc-15a"/>
      </symbol>
      <symbol id="sm-c37">
         <name>mrfiRadioInterfaceWriteTxFifo</name>
         <value>0xc5cc</value>
         <object_component_ref idref="oc-210"/>
      </symbol>
      <symbol id="sm-c38">
         <name>BSP_Delay</name>
         <value>0xcc0e</value>
         <object_component_ref idref="oc-1fa"/>
      </symbol>
      <symbol id="sm-c39">
         <name>clock_tick</name>
         <value>0xb89a</value>
         <object_component_ref idref="oc-155"/>
      </symbol>
      <symbol id="sm-c3a">
         <name>menu_L1_Time</name>
         <value>0xd664</value>
         <object_component_ref idref="oc-ef"/>
      </symbol>
      <symbol id="sm-c3b">
         <name>nwk_processMgmt</name>
         <value>0xc602</value>
         <object_component_ref idref="oc-204"/>
      </symbol>
      <symbol id="sm-c3c">
         <name>SetVCoreUp</name>
         <value>0xbfd4</value>
         <object_component_ref idref="oc-1b2"/>
      </symbol>
      <symbol id="sm-c3d">
         <name>display_temperature</name>
         <value>0xa0fe</value>
         <object_component_ref idref="oc-135"/>
      </symbol>
      <symbol id="sm-c3e">
         <name>reset_stopwatch</name>
         <value>0xcd5a</value>
         <object_component_ref idref="oc-185"/>
      </symbol>
      <symbol id="sm-c3f">
         <name>process_requests</name>
         <value>0xbc00</value>
         <object_component_ref idref="oc-14a"/>
      </symbol>
      <symbol id="sm-c40">
         <name>display_acceleration</name>
         <value>0x95d4</value>
         <object_component_ref idref="oc-138"/>
      </symbol>
      <symbol id="sm-c41">
         <name>selection_Timeformat</name>
         <value>0xd7e6</value>
         <object_component_ref idref="oc-1a1"/>
      </symbol>
      <symbol id="sm-c42">
         <name>adc12_single_conversion</name>
         <value>0xb398</value>
         <object_component_ref idref="oc-198"/>
      </symbol>
      <symbol id="sm-c43">
         <name>lcd_init</name>
         <value>0xca44</value>
         <object_component_ref idref="oc-17a"/>
      </symbol>
      <symbol id="sm-c44">
         <name>bmp_as_start</name>
         <value>0xb536</value>
         <object_component_ref idref="oc-175"/>
      </symbol>
      <symbol id="sm-c45">
         <name>clear_blink_mem</name>
         <value>0xd304</value>
         <object_component_ref idref="oc-1a2"/>
      </symbol>
      <symbol id="sm-c46">
         <name>mx_counter</name>
         <value>0xd220</value>
         <object_component_ref idref="oc-13b"/>
      </symbol>
      <symbol id="sm-c47">
         <name>ADC12ISR</name>
         <value>0xce98</value>
         <object_component_ref idref="oc-12b"/>
      </symbol>
      <symbol id="sm-c48">
         <name>dp</name>
         <value>0x1c6a</value>
         <object_component_ref idref="oc-103"/>
      </symbol>
      <symbol id="sm-c49">
         <name>sx_counter</name>
         <value>0xcfe0</value>
         <object_component_ref idref="oc-13a"/>
      </symbol>
      <symbol id="sm-c4a">
         <name>wakeup_event</name>
         <value>0xa69e</value>
         <object_component_ref idref="oc-149"/>
      </symbol>
      <symbol id="sm-c4b">
         <name>init_global_variables</name>
         <value>0xb400</value>
         <object_component_ref idref="oc-144"/>
      </symbol>
      <symbol id="sm-c4c">
         <name>button_repeat_on</name>
         <value>0xcf88</value>
         <object_component_ref idref="oc-1a3"/>
      </symbol>
      <symbol id="sm-c4d">
         <name>menu_L1_Alarm</name>
         <value>0xd6ae</value>
         <object_component_ref idref="oc-ef"/>
      </symbol>
      <symbol id="sm-c4e">
         <name>bmp_ps_start</name>
         <value>0xd2ec</value>
         <object_component_ref idref="oc-159"/>
      </symbol>
      <symbol id="sm-c4f">
         <name>cma_ps_write_register</name>
         <value>0xd1e4</value>
         <object_component_ref idref="oc-1b8"/>
      </symbol>
      <symbol id="sm-c50">
         <name>cma_ps_read_register</name>
         <value>0xd1cc</value>
         <object_component_ref idref="oc-1b9"/>
      </symbol>
      <symbol id="sm-c51">
         <name>data</name>
         <value>0x1ef0</value>
         <object_component_ref idref="oc-101"/>
      </symbol>
      <symbol id="sm-c52">
         <name>reset_rf</name>
         <value>0xd290</value>
         <object_component_ref idref="oc-188"/>
      </symbol>
      <symbol id="sm-c53">
         <name>start_altitude_measurement</name>
         <value>0xbeb0</value>
         <object_component_ref idref="oc-1bb"/>
      </symbol>
      <symbol id="sm-c54">
         <name>display_am_pm_symbol</name>
         <value>0xce48</value>
         <object_component_ref idref="oc-169"/>
      </symbol>
      <symbol id="sm-c55">
         <name>adc12_result</name>
         <value>0x2166</value>
         <object_component_ref idref="oc-f6"/>
      </symbol>
      <symbol id="sm-c56">
         <name>MRFI_RxCompleteISR</name>
         <value>0xccda</value>
         <object_component_ref idref="oc-1c9"/>
      </symbol>
      <symbol id="sm-c57">
         <name>menu_L1_Counter</name>
         <value>0xd69c</value>
         <object_component_ref idref="oc-ef"/>
      </symbol>
      <symbol id="sm-c58">
         <name>method</name>
         <value>0xd563</value>
         <object_component_ref idref="oc-108"/>
      </symbol>
      <symbol id="sm-c59">
         <name>sDate</name>
         <value>0x2150</value>
         <object_component_ref idref="oc-ff"/>
      </symbol>
      <symbol id="sm-c5a">
         <name>simpliciti_reply_count</name>
         <value>0x1f25</value>
         <object_component_ref idref="oc-f4"/>
      </symbol>
      <symbol id="sm-c5b">
         <name>idle_loop</name>
         <value>0xd2b8</value>
         <object_component_ref idref="oc-146"/>
      </symbol>
      <symbol id="sm-c5c">
         <name>stopwatch_tick</name>
         <value>0x9e48</value>
         <object_component_ref idref="oc-15e"/>
      </symbol>
      <symbol id="sm-c5d">
         <name>int_to_array_conversion_table</name>
         <value>0xd344</value>
         <object_component_ref idref="oc-1a6"/>
      </symbol>
      <symbol id="sm-c5e">
         <name>convert_hour_to_12H_format</name>
         <value>0xcefc</value>
         <object_component_ref idref="oc-16b"/>
      </symbol>
      <symbol id="sm-c5f">
         <name>as_init</name>
         <value>0xc862</value>
         <object_component_ref idref="oc-179"/>
      </symbol>
      <symbol id="sm-c60">
         <name>button_repeat_function</name>
         <value>0xbd38</value>
         <object_component_ref idref="oc-1da"/>
      </symbol>
      <symbol id="sm-c61">
         <name>nwk_getNumObjectFromMsg</name>
         <value>0xd22c</value>
         <object_component_ref idref="oc-218"/>
      </symbol>
      <symbol id="sm-c62">
         <name>bmp_as_write_register</name>
         <value>0xd324</value>
         <object_component_ref idref="oc-1b1"/>
      </symbol>
      <symbol id="sm-c63">
         <name>Timer0_A3_Start</name>
         <value>0xc9f0</value>
         <object_component_ref idref="oc-195"/>
      </symbol>
      <symbol id="sm-c64">
         <name>nwk_processFreq</name>
         <value>0xd334</value>
         <object_component_ref idref="oc-203"/>
      </symbol>
      <symbol id="sm-c65">
         <name>bmp_ps_init</name>
         <value>0xc890</value>
         <object_component_ref idref="oc-17d"/>
      </symbol>
      <symbol id="sm-c66">
         <name>as_ok</name>
         <value>0x1f87</value>
         <object_component_ref idref="oc-f7"/>
      </symbol>
      <symbol id="sm-c67">
         <name>MRFI_Receive</name>
         <value>0xd190</value>
         <object_component_ref idref="oc-1e7"/>
      </symbol>
      <symbol id="sm-c68">
         <name>chronos_black</name>
         <value>0x207b</value>
         <object_component_ref idref="oc-f5"/>
      </symbol>
      <symbol id="sm-c69">
         <name>simpliciti_payload_length</name>
         <value>0x1f24</value>
         <object_component_ref idref="oc-f4"/>
      </symbol>
      <symbol id="sm-c6a">
         <name>_system_pre_init</name>
         <value>0xd31c</value>
         <object_component_ref idref="oc-126"/>
      </symbol>
      <symbol id="sm-c6b">
         <name>write_lcd_mem</name>
         <value>0xbaae</value>
         <object_component_ref idref="oc-19c"/>
      </symbol>
      <symbol id="sm-c6c">
         <name>tmp_key</name>
         <value>0x1eb0</value>
         <object_component_ref idref="oc-101"/>
      </symbol>
      <symbol id="sm-c6d">
         <name>sTime</name>
         <value>0x2094</value>
         <object_component_ref idref="oc-fb"/>
      </symbol>
      <symbol id="sm-c6e">
         <name>TIMER0_A0_ISR</name>
         <value>0x8294</value>
         <object_component_ref idref="oc-12d"/>
      </symbol>
      <symbol id="sm-c6f">
         <name>update_temperature</name>
         <value>0xd25c</value>
         <object_component_ref idref="oc-136"/>
      </symbol>
      <symbol id="sm-c70">
         <name>display_hours</name>
         <value>0xc01a</value>
         <object_component_ref idref="oc-165"/>
      </symbol>
      <symbol id="sm-c71">
         <name>add_day</name>
         <value>0xbcec</value>
         <object_component_ref idref="oc-197"/>
      </symbol>
      <symbol id="sm-c72">
         <name>nwk_processLink</name>
         <value>0xcc74</value>
         <object_component_ref idref="oc-200"/>
      </symbol>
      <symbol id="sm-c73">
         <name>sx_time</name>
         <value>0xd106</value>
         <object_component_ref idref="oc-12f"/>
      </symbol>
      <symbol id="sm-c74">
         <name>display_time</name>
         <value>0x9334</value>
         <object_component_ref idref="oc-131"/>
      </symbol>
      <symbol id="sm-c75">
         <name>display_symbol</name>
         <value>0xcdb8</value>
         <object_component_ref idref="oc-15c"/>
      </symbol>
   </symbol_table>
   <title>Link successful</title>
</link_info>
